W/PackageManager( 1593): Code path for pkg : edu.washington.alkwan.hello changing from /data/app/edu.washington.alkwan.hello-1.apk to /data/app/edu.washington.alkwan.hello-2.apk
W/PackageManager( 1593): Resource path for pkg : edu.washington.alkwan.hello changing from /data/app/edu.washington.alkwan.hello-1.apk to /data/app/edu.washington.alkwan.hello-2.apk
I/ActivityManager( 1593): Force stopping edu.washington.alkwan.hello appid=10057 user=-1: update pkg
I/ActivityManager( 1593): Force stopping edu.washington.alkwan.hello appid=10057 user=0: pkg removed
I/PackageManager( 1593): Adding preferred activity ComponentInfo{com.android.mms/com.android.mms.ui.ComposeMessageActivity} for user 0 :
I/PackageManager( 1593): Adding preferred activity ComponentInfo{com.android.mms/com.android.mms.ui.ComposeMessageActivity} for user 0 :
D/BackupManagerService( 1593): Received broadcast Intent { act=android.intent.action.PACKAGE_REMOVED dat=package:edu.washington.alkwan.hello flg=0x4000010 (has extras) }
I/PackageManager( 1593): Adding preferred activity ComponentInfo{com.android.mms/com.android.mms.ui.ComposeMessageActivity} for user 0 :
I/PackageManager( 1593): Adding preferred activity ComponentInfo{com.android.mms/com.android.mms.ui.ComposeMessageActivity} for user 0 :
D/BackupManagerService( 1593): Received broadcast Intent { act=android.intent.action.PACKAGE_ADDED dat=package:edu.washington.alkwan.hello flg=0x4000010 (has extras) }
V/BackupManagerService( 1593): removePackageParticipantsLocked: uid=10057 #1
V/BackupManagerService( 1593): addPackageParticipantsLocked: #1
I/PackageManager( 1593): Adding preferred activity ComponentInfo{com.android.mms/com.android.mms.ui.ComposeMessageActivity} for user 0 :
I/PackageManager( 1593): Adding preferred activity ComponentInfo{com.android.mms/com.android.mms.ui.ComposeMessageActivity} for user 0 :
I/PackageManager( 1593): Adding preferred activity ComponentInfo{com.android.mms/com.android.mms.ui.ComposeMessageActivity} for user 0 :
I/PackageManager( 1593): Adding preferred activity ComponentInfo{com.android.mms/com.android.mms.ui.ComposeMessageActivity} for user 0 :
I/ActivityManager( 1593): Start proc com.android.keychain for broadcast com.android.keychain/.KeyChainBroadcastReceiver: pid=3346 uid=1000 gids={41000, 1028, 1015, 3002, 3001, 3003}
W/ContextImpl( 3346): Calling a method in the system process without a qualified user: android.app.ContextImpl.startService:1479 android.content.ContextWrapper.startService:494 android.content.ContextWrapper.startService:494 com.android.keychain.KeyChainBroadcastReceiver.onReceive:12 android.app.ActivityThread.handleReceiver:2419 
I/ActivityManager( 1593): Delay finish: com.android.keychain/.KeyChainBroadcastReceiver
I/ActivityManager( 1593): Resuming delayed broadcast
I/PackageManager( 1593): Adding preferred activity ComponentInfo{com.android.mms/com.android.mms.ui.ComposeMessageActivity} for user 0 :
I/PackageManager( 1593): Adding preferred activity ComponentInfo{com.android.mms/com.android.mms.ui.ComposeMessageActivity} for user 0 :
I/ActivityManager( 1593): Delay finish: com.google.android.gms/.games.chimera.GamesSystemBroadcastReceiverProxy
I/PackageManager( 1593): Adding preferred activity ComponentInfo{com.android.mms/com.android.mms.ui.ComposeMessageActivity} for user 0 :
I/PackageManager( 1593): Adding preferred activity ComponentInfo{com.android.mms/com.android.mms.ui.ComposeMessageActivity} for user 0 :
I/ActivityManager( 1593): Resuming delayed broadcast
I/PackageManager( 1593): Adding preferred activity ComponentInfo{com.android.mms/com.android.mms.ui.ComposeMessageActivity} for user 0 :
I/PackageManager( 1593): Adding preferred activity ComponentInfo{com.android.mms/com.android.mms.ui.ComposeMessageActivity} for user 0 :
I/PackageManager( 1593): Adding preferred activity ComponentInfo{com.android.mms/com.android.mms.ui.ComposeMessageActivity} for user 0 :
I/ActivityManager( 1593): Delay finish: com.google.android.googlequicksearchbox/com.google.android.searchcommon.summons.icing.InternalIcingCorporaProvider$CorporaChangedReceiver
I/PackageManager( 1593): Adding preferred activity ComponentInfo{com.android.mms/com.android.mms.ui.ComposeMessageActivity} for user 0 :
I/PackageManager( 1593): Adding preferred activity ComponentInfo{com.android.mms/com.android.mms.ui.ComposeMessageActivity} for user 0 :
I/PackageManager( 1593): Adding preferred activity ComponentInfo{com.android.mms/com.android.mms.ui.ComposeMessageActivity} for user 0 :
I/PackageManager( 1593): Adding preferred activity ComponentInfo{com.android.mms/com.android.mms.ui.ComposeMessageActivity} for user 0 :
I/PackageManager( 1593): Adding preferred activity ComponentInfo{com.android.mms/com.android.mms.ui.ComposeMessageActivity} for user 0 :
I/PackageManager( 1593): Adding preferred activity ComponentInfo{com.android.mms/com.android.mms.ui.ComposeMessageActivity} for user 0 :
I/PackageManager( 1593): Adding preferred activity ComponentInfo{com.android.mms/com.android.mms.ui.ComposeMessageActivity} for user 0 :
I/PackageManager( 1593): Adding preferred activity ComponentInfo{com.android.mms/com.android.mms.ui.ComposeMessageActivity} for user 0 :
I/ActivityManager( 1593): START u0 {act=android.intent.action.MAIN cat=[android.intent.category.LAUNCHER] flg=0x10000000 cmp=edu.washington.alkwan.hello/.MainActivity} from pid 3369
I/PackageManager( 1593): Adding preferred activity ComponentInfo{com.android.mms/com.android.mms.ui.ComposeMessageActivity} for user 0 :
I/ActivityManager( 1593): Start proc edu.washington.alkwan.hello for activity edu.washington.alkwan.hello/.MainActivity: pid=3383 uid=10057 gids={50057}
I/ActivityManager( 1593): Resuming delayed broadcast
I/ActivityManager( 1593): Killing 2947:com.android.documentsui/u0a25 (adj 15): empty #17
I/ActivityManager( 1593): START u0 {act=android.intent.action.MAIN cat=[android.intent.category.HOME] flg=0x10200000 cmp=com.android.launcher/com.android.launcher2.Launcher} from pid 1593
I/ActivityManager( 1593): START u0 {act=android.intent.action.MAIN cat=[android.intent.category.LAUNCHER] flg=0x10200000 cmp=edu.washington.alkwan.hello/.MainActivity} from pid 1943
I/ActivityManager( 1593): START u0 {act=com.android.systemui.recent.action.TOGGLE_RECENTS flg=0x10800000 cmp=com.android.systemui/.recent.RecentsActivity (has extras)} from pid 1671
I/ActivityManager( 1593): START u0 {act=com.android.systemui.recent.action.TOGGLE_RECENTS flg=0x10800000 cmp=com.android.systemui/.recent.RecentsActivity} from pid 1671
D/ConnectivityService( 1593): Sampling interval elapsed, updating statistics ..
D/ConnectivityService( 1593): Done.
D/ConnectivityService( 1593): Setting timer for 720seconds
V/BackupManagerService( 1593): Running a backup pass
V/BackupManagerService( 1593): clearing pending backups
V/PerformBackupTask( 1593): Beginning backup of 9 targets
D/PerformBackupTask( 1593): invokeAgentForBackup on @pm@
I/PerformBackupTask( 1593): no backup data written; not calling transport
D/PerformBackupTask( 1593): starting agent for backup of BackupRequest{pkg=com.android.browser}
D/BackupManagerService( 1593): awaiting agent for ApplicationInfo{9d4abfd0 com.android.browser}
D/BackupManagerService( 1593): agentConnected pkg=com.android.browser agent=android.os.BinderProxy@9d4d4000
I/BackupManagerService( 1593): got agent android.app.IBackupAgent$Stub$Proxy@9d39b948
D/PerformBackupTask( 1593): invokeAgentForBackup on com.android.browser
I/PerformBackupTask( 1593): no backup data written; not calling transport
D/PerformBackupTask( 1593): starting agent for backup of BackupRequest{pkg=com.google.android.calendar}
D/BackupManagerService( 1593): awaiting agent for ApplicationInfo{9d38f5c8 com.google.android.calendar}
D/BackupManagerService( 1593): agentConnected pkg=com.google.android.calendar agent=android.os.BinderProxy@9d2b31d8
I/BackupManagerService( 1593): got agent android.app.IBackupAgent$Stub$Proxy@9d1fb848
D/PerformBackupTask( 1593): invokeAgentForBackup on com.google.android.calendar
D/PerformBackupTask( 1593): starting agent for backup of BackupRequest{pkg=android}
D/BackupManagerService( 1593): awaiting agent for ApplicationInfo{9d091638 android}
D/BackupManagerService( 1593): agentConnected pkg=android agent=android.app.backup.BackupAgent$BackupServiceBinder@9d485230
I/BackupManagerService( 1593): got agent android.app.backup.BackupAgent$BackupServiceBinder@9d485230
D/PerformBackupTask( 1593): invokeAgentForBackup on android
D/PerformBackupTask( 1593): starting agent for backup of BackupRequest{pkg=com.google.android.play.games}
D/BackupManagerService( 1593): awaiting agent for ApplicationInfo{9d9a09e0 com.google.android.play.games}
D/BackupManagerService( 1593): agentConnected pkg=com.google.android.play.games agent=android.os.BinderProxy@9d1ae4f0
I/BackupManagerService( 1593): got agent android.app.IBackupAgent$Stub$Proxy@9d082e38
D/PerformBackupTask( 1593): invokeAgentForBackup on com.google.android.play.games
D/PerformBackupTask( 1593): starting agent for backup of BackupRequest{pkg=com.android.dialer}
D/BackupManagerService( 1593): awaiting agent for ApplicationInfo{9d90fce0 com.android.dialer}
D/BackupManagerService( 1593): agentConnected pkg=com.android.dialer agent=android.os.BinderProxy@9d4abe58
I/BackupManagerService( 1593): got agent android.app.IBackupAgent$Stub$Proxy@9d70f190
D/PerformBackupTask( 1593): invokeAgentForBackup on com.android.dialer
I/PerformBackupTask( 1593): no backup data written; not calling transport
D/PerformBackupTask( 1593): starting agent for backup of BackupRequest{pkg=com.android.providers.userdictionary}
D/BackupManagerService( 1593): awaiting agent for ApplicationInfo{9d9aab40 com.android.providers.userdictionary}
D/BackupManagerService( 1593): agentConnected pkg=com.android.providers.userdictionary agent=android.os.BinderProxy@9d70fec8
I/BackupManagerService( 1593): got agent android.app.IBackupAgent$Stub$Proxy@9d768728
D/PerformBackupTask( 1593): invokeAgentForBackup on com.android.providers.userdictionary
I/PerformBackupTask( 1593): no backup data written; not calling transport
D/PerformBackupTask( 1593): starting agent for backup of BackupRequest{pkg=com.android.sharedstoragebackup}
D/BackupManagerService( 1593): awaiting agent for ApplicationInfo{9db8b360 com.android.sharedstoragebackup}
D/BackupManagerService( 1593): agentConnected pkg=com.android.sharedstoragebackup agent=android.os.BinderProxy@9d769ec8
I/BackupManagerService( 1593): got agent android.app.IBackupAgent$Stub$Proxy@9d7870d8
D/PerformBackupTask( 1593): invokeAgentForBackup on com.android.sharedstoragebackup
I/PerformBackupTask( 1593): no backup data written; not calling transport
D/PerformBackupTask( 1593): starting agent for backup of BackupRequest{pkg=com.google.android.inputmethod.latin}
D/BackupManagerService( 1593): awaiting agent for ApplicationInfo{9d9c2308 com.google.android.inputmethod.latin}
D/BackupManagerService( 1593): agentConnected pkg=com.google.android.inputmethod.latin agent=android.os.BinderProxy@9d4b9668
I/BackupManagerService( 1593): got agent android.app.IBackupAgent$Stub$Proxy@9d20bcc0
D/PerformBackupTask( 1593): invokeAgentForBackup on com.google.android.inputmethod.latin
I/PerformBackupTask( 1593): no backup data written; not calling transport
D/PerformBackupTask( 1593): starting agent for backup of BackupRequest{pkg=com.android.providers.settings}
D/BackupManagerService( 1593): awaiting agent for ApplicationInfo{9db6b880 com.android.providers.settings}
D/BackupManagerService( 1593): agentConnected pkg=com.android.providers.settings agent=android.app.backup.BackupAgent$BackupServiceBinder@9d8462d0
I/BackupManagerService( 1593): got agent android.app.backup.BackupAgent$BackupServiceBinder@9d8462d0
D/PerformBackupTask( 1593): invokeAgentForBackup on com.android.providers.settings
I/PerformBackupTask( 1593): no backup data written; not calling transport
I/PerformBackupTask( 1593): Backup pass finished.
W/ActivityManager( 1593): No content provider found for permission revoke: file:///data/local/tmp/edu.washington.alkwan.hello
W/ActivityManager( 1593): No content provider found for permission revoke: file:///data/local/tmp/edu.washington.alkwan.hello
I/PackageManager( 1593): Copying native libraries to /data/app-lib/vmdl-1568163559
I/ActivityManager( 1593): Force stopping edu.washington.alkwan.hello appid=10057 user=-1: uninstall pkg
I/ActivityManager( 1593): Killing 3383:edu.washington.alkwan.hello/u0a57 (adj 0): stop edu.washington.alkwan.hello
W/ActivityManager( 1593): Force removing ActivityRecord{9d1aaab8 u0 edu.washington.alkwan.hello/.MainActivity t7}: app died, no saved state
I/WindowState( 1593): WIN DEATH: Window{9d2895a8 u0 edu.washington.alkwan.hello/edu.washington.alkwan.hello.MainActivity}
I/PackageManager( 1593): Package edu.washington.alkwan.hello codePath changed from /data/app/edu.washington.alkwan.hello-2.apk to /data/app/edu.washington.alkwan.hello-1.apk; Retaining data and using new
W/InputMethodManagerService( 1593): Got RemoteException sending setActive(false) notification to pid 3383 uid 10057
W/PackageManager( 1593): Code path for pkg : edu.washington.alkwan.hello changing from /data/app/edu.washington.alkwan.hello-2.apk to /data/app/edu.washington.alkwan.hello-1.apk
I/ActivityManager( 1593): Force stopping edu.washington.alkwan.hello appid=10057 user=-1: update pkg
W/PackageManager( 1593): Resource path for pkg : edu.washington.alkwan.hello changing from /data/app/edu.washington.alkwan.hello-2.apk to /data/app/edu.washington.alkwan.hello-1.apk
I/ActivityManager( 1593): Force stopping edu.washington.alkwan.hello appid=10057 user=0: pkg removed
D/BackupManagerService( 1593): Now staging backup of android
I/PackageManager( 1593): Adding preferred activity ComponentInfo{com.android.mms/com.android.mms.ui.ComposeMessageActivity} for user 0 :
I/PackageManager( 1593): Adding preferred activity ComponentInfo{com.android.mms/com.android.mms.ui.ComposeMessageActivity} for user 0 :
D/BackupManagerService( 1593): Received broadcast Intent { act=android.intent.action.PACKAGE_REMOVED dat=package:edu.washington.alkwan.hello flg=0x4000010 (has extras) }
I/PackageManager( 1593): Adding preferred activity ComponentInfo{com.android.mms/com.android.mms.ui.ComposeMessageActivity} for user 0 :
I/PackageManager( 1593): Adding preferred activity ComponentInfo{com.android.mms/com.android.mms.ui.ComposeMessageActivity} for user 0 :
I/PackageManager( 1593): Adding preferred activity ComponentInfo{com.android.mms/com.android.mms.ui.ComposeMessageActivity} for user 0 :
D/BackupManagerService( 1593): Received broadcast Intent { act=android.intent.action.PACKAGE_ADDED dat=package:edu.washington.alkwan.hello flg=0x4000010 (has extras) }
V/BackupManagerService( 1593): removePackageParticipantsLocked: uid=10057 #1
V/BackupManagerService( 1593): addPackageParticipantsLocked: #1
I/PackageManager( 1593): Adding preferred activity ComponentInfo{com.android.mms/com.android.mms.ui.ComposeMessageActivity} for user 0 :
I/PackageManager( 1593): Adding preferred activity ComponentInfo{com.android.mms/com.android.mms.ui.ComposeMessageActivity} for user 0 :
I/PackageManager( 1593): Adding preferred activity ComponentInfo{com.android.mms/com.android.mms.ui.ComposeMessageActivity} for user 0 :
W/ContextImpl( 3346): Calling a method in the system process without a qualified user: android.app.ContextImpl.startService:1479 android.content.ContextWrapper.startService:494 android.content.ContextWrapper.startService:494 com.android.keychain.KeyChainBroadcastReceiver.onReceive:12 android.app.ActivityThread.handleReceiver:2419 
I/ActivityManager( 1593): Delay finish: com.android.keychain/.KeyChainBroadcastReceiver
I/PackageManager( 1593): Adding preferred activity ComponentInfo{com.android.mms/com.android.mms.ui.ComposeMessageActivity} for user 0 :
I/ActivityManager( 1593): Resuming delayed broadcast
I/PackageManager( 1593): Adding preferred activity ComponentInfo{com.android.mms/com.android.mms.ui.ComposeMessageActivity} for user 0 :
I/PackageManager( 1593): Adding preferred activity ComponentInfo{com.android.mms/com.android.mms.ui.ComposeMessageActivity} for user 0 :
I/PackageManager( 1593): Adding preferred activity ComponentInfo{com.android.mms/com.android.mms.ui.ComposeMessageActivity} for user 0 :
I/PackageManager( 1593): Adding preferred activity ComponentInfo{com.android.mms/com.android.mms.ui.ComposeMessageActivity} for user 0 :
I/ActivityManager( 1593): Delay finish: com.google.android.googlequicksearchbox/com.google.android.searchcommon.summons.icing.InternalIcingCorporaProvider$CorporaChangedReceiver
I/PackageManager( 1593): Adding preferred activity ComponentInfo{com.android.mms/com.android.mms.ui.ComposeMessageActivity} for user 0 :
I/PackageManager( 1593): Adding preferred activity ComponentInfo{com.android.mms/com.android.mms.ui.ComposeMessageActivity} for user 0 :
I/PackageManager( 1593): Adding preferred activity ComponentInfo{com.android.mms/com.android.mms.ui.ComposeMessageActivity} for user 0 :
I/PackageManager( 1593): Adding preferred activity ComponentInfo{com.android.mms/com.android.mms.ui.ComposeMessageActivity} for user 0 :
I/PackageManager( 1593): Adding preferred activity ComponentInfo{com.android.mms/com.android.mms.ui.ComposeMessageActivity} for user 0 :
I/PackageManager( 1593): Adding preferred activity ComponentInfo{com.android.mms/com.android.mms.ui.ComposeMessageActivity} for user 0 :
I/PackageManager( 1593): Adding preferred activity ComponentInfo{com.android.mms/com.android.mms.ui.ComposeMessageActivity} for user 0 :
I/ActivityManager( 1593): START u0 {act=android.intent.action.MAIN cat=[android.intent.category.LAUNCHER] flg=0x10000000 cmp=edu.washington.alkwan.hello/.MainActivity} from pid 3488
I/PackageManager( 1593): Adding preferred activity ComponentInfo{com.android.mms/com.android.mms.ui.ComposeMessageActivity} for user 0 :
I/PackageManager( 1593): Adding preferred activity ComponentInfo{com.android.mms/com.android.mms.ui.ComposeMessageActivity} for user 0 :
I/PackageManager( 1593): Adding preferred activity ComponentInfo{com.android.mms/com.android.mms.ui.ComposeMessageActivity} for user 0 :
I/PackageManager( 1593): Adding preferred activity ComponentInfo{com.android.mms/com.android.mms.ui.ComposeMessageActivity} for user 0 :
I/ActivityManager( 1593): Resuming delayed broadcast
I/ActivityManager( 1593): Start proc edu.washington.alkwan.hello for activity edu.washington.alkwan.hello/.MainActivity: pid=3503 uid=10057 gids={50057}
I/ActivityManager( 1593): Delay finish: com.android.providers.calendar/.CalendarProviderBroadcastReceiver
I/ActivityManager( 1593): Resuming delayed broadcast
W/BatteryStatsImpl( 1593): Couldn't get kernel wake lock stats
I/ProcessStatsService( 1593): Prepared write state in 12ms
D/ConnectivityService( 1593): Sampling interval elapsed, updating statistics ..
D/ConnectivityService( 1593): Done.
D/ConnectivityService( 1593): Setting timer for 720seconds
I/ActivityManager( 1593): Force stopping edu.washington.alkwan.hello appid=10057 user=0: from pid 3536
I/ActivityManager( 1593): Killing 3503:edu.washington.alkwan.hello/u0a57 (adj 0): stop edu.washington.alkwan.hello
W/ActivityManager( 1593): Force removing ActivityRecord{9d1fdd68 u0 edu.washington.alkwan.hello/.MainActivity t9}: app died, no saved state
I/WindowState( 1593): WIN DEATH: Window{9d202028 u0 edu.washington.alkwan.hello/edu.washington.alkwan.hello.MainActivity}
W/InputMethodManagerService( 1593): Got RemoteException sending setActive(false) notification to pid 3503 uid 10057
W/ActivityManager( 1593): No content provider found for permission revoke: file:///data/local/tmp/edu.washington.alkwan.hello
W/ActivityManager( 1593): No content provider found for permission revoke: file:///data/local/tmp/edu.washington.alkwan.hello
I/PackageManager( 1593): Copying native libraries to /data/app-lib/vmdl-1824563497
I/ActivityManager( 1593): Force stopping edu.washington.alkwan.hello appid=10057 user=-1: uninstall pkg
I/PackageManager( 1593): Package edu.washington.alkwan.hello codePath changed from /data/app/edu.washington.alkwan.hello-1.apk to /data/app/edu.washington.alkwan.hello-2.apk; Retaining data and using new
W/PackageManager( 1593): Code path for pkg : edu.washington.alkwan.hello changing from /data/app/edu.washington.alkwan.hello-1.apk to /data/app/edu.washington.alkwan.hello-2.apk
I/ActivityManager( 1593): Force stopping edu.washington.alkwan.hello appid=10057 user=-1: update pkg
W/PackageManager( 1593): Resource path for pkg : edu.washington.alkwan.hello changing from /data/app/edu.washington.alkwan.hello-1.apk to /data/app/edu.washington.alkwan.hello-2.apk
I/ActivityManager( 1593): Force stopping edu.washington.alkwan.hello appid=10057 user=0: pkg removed
I/PackageManager( 1593): Adding preferred activity ComponentInfo{com.android.mms/com.android.mms.ui.ComposeMessageActivity} for user 0 :
I/PackageManager( 1593): Adding preferred activity ComponentInfo{com.android.mms/com.android.mms.ui.ComposeMessageActivity} for user 0 :
D/BackupManagerService( 1593): Received broadcast Intent { act=android.intent.action.PACKAGE_REMOVED dat=package:edu.washington.alkwan.hello flg=0x4000010 (has extras) }
I/PackageManager( 1593): Adding preferred activity ComponentInfo{com.android.mms/com.android.mms.ui.ComposeMessageActivity} for user 0 :
I/PackageManager( 1593): Adding preferred activity ComponentInfo{com.android.mms/com.android.mms.ui.ComposeMessageActivity} for user 0 :
D/BackupManagerService( 1593): Received broadcast Intent { act=android.intent.action.PACKAGE_ADDED dat=package:edu.washington.alkwan.hello flg=0x4000010 (has extras) }
V/BackupManagerService( 1593): removePackageParticipantsLocked: uid=10057 #1
V/BackupManagerService( 1593): addPackageParticipantsLocked: #1
I/PackageManager( 1593): Adding preferred activity ComponentInfo{com.android.mms/com.android.mms.ui.ComposeMessageActivity} for user 0 :
I/PackageManager( 1593): Adding preferred activity ComponentInfo{com.android.mms/com.android.mms.ui.ComposeMessageActivity} for user 0 :
I/PackageManager( 1593): Adding preferred activity ComponentInfo{com.android.mms/com.android.mms.ui.ComposeMessageActivity} for user 0 :
I/PackageManager( 1593): Adding preferred activity ComponentInfo{com.android.mms/com.android.mms.ui.ComposeMessageActivity} for user 0 :
I/PackageManager( 1593): Adding preferred activity ComponentInfo{com.android.mms/com.android.mms.ui.ComposeMessageActivity} for user 0 :
I/PackageManager( 1593): Adding preferred activity ComponentInfo{com.android.mms/com.android.mms.ui.ComposeMessageActivity} for user 0 :
I/PackageManager( 1593): Adding preferred activity ComponentInfo{com.android.mms/com.android.mms.ui.ComposeMessageActivity} for user 0 :
I/PackageManager( 1593): Adding preferred activity ComponentInfo{com.android.mms/com.android.mms.ui.ComposeMessageActivity} for user 0 :
I/PackageManager( 1593): Adding preferred activity ComponentInfo{com.android.mms/com.android.mms.ui.ComposeMessageActivity} for user 0 :
W/ContextImpl( 3346): Calling a method in the system process without a qualified user: android.app.ContextImpl.startService:1479 android.content.ContextWrapper.startService:494 android.content.ContextWrapper.startService:494 com.android.keychain.KeyChainBroadcastReceiver.onReceive:12 android.app.ActivityThread.handleReceiver:2419 
I/PackageManager( 1593): Adding preferred activity ComponentInfo{com.android.mms/com.android.mms.ui.ComposeMessageActivity} for user 0 :
I/PackageManager( 1593): Adding preferred activity ComponentInfo{com.android.mms/com.android.mms.ui.ComposeMessageActivity} for user 0 :
I/PackageManager( 1593): Adding preferred activity ComponentInfo{com.android.mms/com.android.mms.ui.ComposeMessageActivity} for user 0 :
I/ActivityManager( 1593): Delay finish: com.google.android.gms/.games.chimera.GamesSystemBroadcastReceiverProxy
I/ActivityManager( 1593): Resuming delayed broadcast
I/PackageManager( 1593): Adding preferred activity ComponentInfo{com.android.mms/com.android.mms.ui.ComposeMessageActivity} for user 0 :
I/PackageManager( 1593): Adding preferred activity ComponentInfo{com.android.mms/com.android.mms.ui.ComposeMessageActivity} for user 0 :
I/PackageManager( 1593): Adding preferred activity ComponentInfo{com.android.mms/com.android.mms.ui.ComposeMessageActivity} for user 0 :
I/ActivityManager( 1593): START u0 {act=android.intent.action.MAIN cat=[android.intent.category.LAUNCHER] flg=0x10000000 cmp=edu.washington.alkwan.hello/.MainActivity} from pid 3579
I/PackageManager( 1593): Adding preferred activity ComponentInfo{com.android.mms/com.android.mms.ui.ComposeMessageActivity} for user 0 :
I/PackageManager( 1593): Adding preferred activity ComponentInfo{com.android.mms/com.android.mms.ui.ComposeMessageActivity} for user 0 :
I/PackageManager( 1593): Adding preferred activity ComponentInfo{com.android.mms/com.android.mms.ui.ComposeMessageActivity} for user 0 :
I/ActivityManager( 1593): Delay finish: com.google.android.googlequicksearchbox/com.google.android.searchcommon.summons.icing.InternalIcingCorporaProvider$CorporaChangedReceiver
I/PackageManager( 1593): Adding preferred activity ComponentInfo{com.android.mms/com.android.mms.ui.ComposeMessageActivity} for user 0 :
I/PackageManager( 1593): Adding preferred activity ComponentInfo{com.android.mms/com.android.mms.ui.ComposeMessageActivity} for user 0 :
I/ActivityManager( 1593): Start proc edu.washington.alkwan.hello for activity edu.washington.alkwan.hello/.MainActivity: pid=3596 uid=10057 gids={50057}
I/ActivityManager( 1593): Resuming delayed broadcast
D/ConnectivityService( 1593): handleInetConditionHoldEnd: net=0, condition=0, published condition=100
D/ConnectivityService( 1593): handleInetConditionHoldEnd: net=0, condition=100, published condition=0
I/ActivityManager( 1593): Killing 3141:com.android.sharedstoragebackup/u0a12 (adj 15): empty for 1800s
I/ActivityManager( 1593): Killing 3126:com.android.dialer/u0a4 (adj 15): empty for 1800s
I/ActivityManager( 1593): Killing 3105:com.google.android.play.games/u0a43 (adj 15): empty for 1800s
I/ActivityManager( 1593): Killing 3083:com.android.browser/u0a16 (adj 15): empty for 1801s
I/ActivityManager( 1593): Killing 3177:com.example.android.apis/u0a50 (adj 15): empty for 1846s
D/ConnectivityService( 1593): Sampling interval elapsed, updating statistics ..
D/ConnectivityService( 1593): Done.
D/ConnectivityService( 1593): Setting timer for 720seconds
W/ActivityManager( 1593): No content provider found for permission revoke: file:///data/local/tmp/edu.washington.alkwan.hello
W/ActivityManager( 1593): No content provider found for permission revoke: file:///data/local/tmp/edu.washington.alkwan.hello
I/PackageManager( 1593): Copying native libraries to /data/app-lib/vmdl-1010330340
I/ActivityManager( 1593): Force stopping edu.washington.alkwan.hello appid=10057 user=-1: uninstall pkg
I/ActivityManager( 1593): Killing 3596:edu.washington.alkwan.hello/u0a57 (adj 0): stop edu.washington.alkwan.hello
W/ActivityManager( 1593): Force removing ActivityRecord{9d0be128 u0 edu.washington.alkwan.hello/.MainActivity t10}: app died, no saved state
I/WindowState( 1593): WIN DEATH: Window{9d305088 u0 edu.washington.alkwan.hello/edu.washington.alkwan.hello.MainActivity}
I/PackageManager( 1593): Package edu.washington.alkwan.hello codePath changed from /data/app/edu.washington.alkwan.hello-2.apk to /data/app/edu.washington.alkwan.hello-1.apk; Retaining data and using new
W/InputMethodManagerService( 1593): Got RemoteException sending setActive(false) notification to pid 3596 uid 10057
W/PackageManager( 1593): Code path for pkg : edu.washington.alkwan.hello changing from /data/app/edu.washington.alkwan.hello-2.apk to /data/app/edu.washington.alkwan.hello-1.apk
W/PackageManager( 1593): Resource path for pkg : edu.washington.alkwan.hello changing from /data/app/edu.washington.alkwan.hello-2.apk to /data/app/edu.washington.alkwan.hello-1.apk
I/ActivityManager( 1593): Force stopping edu.washington.alkwan.hello appid=10057 user=-1: update pkg
I/ActivityManager( 1593): Force stopping edu.washington.alkwan.hello appid=10057 user=0: pkg removed
I/PackageManager( 1593): Adding preferred activity ComponentInfo{com.android.mms/com.android.mms.ui.ComposeMessageActivity} for user 0 :
D/BackupManagerService( 1593): Received broadcast Intent { act=android.intent.action.PACKAGE_REMOVED dat=package:edu.washington.alkwan.hello flg=0x4000010 (has extras) }
I/PackageManager( 1593): Adding preferred activity ComponentInfo{com.android.mms/com.android.mms.ui.ComposeMessageActivity} for user 0 :
I/PackageManager( 1593): Adding preferred activity ComponentInfo{com.android.mms/com.android.mms.ui.ComposeMessageActivity} for user 0 :
D/BackupManagerService( 1593): Received broadcast Intent { act=android.intent.action.PACKAGE_ADDED dat=package:edu.washington.alkwan.hello flg=0x4000010 (has extras) }
V/BackupManagerService( 1593): removePackageParticipantsLocked: uid=10057 #1
V/BackupManagerService( 1593): addPackageParticipantsLocked: #1
I/PackageManager( 1593): Adding preferred activity ComponentInfo{com.android.mms/com.android.mms.ui.ComposeMessageActivity} for user 0 :
I/PackageManager( 1593): Adding preferred activity ComponentInfo{com.android.mms/com.android.mms.ui.ComposeMessageActivity} for user 0 :
I/PackageManager( 1593): Adding preferred activity ComponentInfo{com.android.mms/com.android.mms.ui.ComposeMessageActivity} for user 0 :
W/ContextImpl( 3346): Calling a method in the system process without a qualified user: android.app.ContextImpl.startService:1479 android.content.ContextWrapper.startService:494 android.content.ContextWrapper.startService:494 com.android.keychain.KeyChainBroadcastReceiver.onReceive:12 android.app.ActivityThread.handleReceiver:2419 
I/PackageManager( 1593): Adding preferred activity ComponentInfo{com.android.mms/com.android.mms.ui.ComposeMessageActivity} for user 0 :
I/ActivityManager( 1593): Delay finish: com.android.keychain/.KeyChainBroadcastReceiver
I/PackageManager( 1593): Adding preferred activity ComponentInfo{com.android.mms/com.android.mms.ui.ComposeMessageActivity} for user 0 :
I/ActivityManager( 1593): Resuming delayed broadcast
I/PackageManager( 1593): Adding preferred activity ComponentInfo{com.android.mms/com.android.mms.ui.ComposeMessageActivity} for user 0 :
I/ActivityManager( 1593): Delay finish: com.google.android.gms/.games.chimera.GamesSystemBroadcastReceiverProxy
I/PackageManager( 1593): Adding preferred activity ComponentInfo{com.android.mms/com.android.mms.ui.ComposeMessageActivity} for user 0 :
I/PackageManager( 1593): Adding preferred activity ComponentInfo{com.android.mms/com.android.mms.ui.ComposeMessageActivity} for user 0 :
I/ActivityManager( 1593): Resuming delayed broadcast
I/PackageManager( 1593): Adding preferred activity ComponentInfo{com.android.mms/com.android.mms.ui.ComposeMessageActivity} for user 0 :
I/PackageManager( 1593): Adding preferred activity ComponentInfo{com.android.mms/com.android.mms.ui.ComposeMessageActivity} for user 0 :
I/PackageManager( 1593): Adding preferred activity ComponentInfo{com.android.mms/com.android.mms.ui.ComposeMessageActivity} for user 0 :
I/ActivityManager( 1593): Delay finish: com.google.android.googlequicksearchbox/com.google.android.searchcommon.summons.icing.InternalIcingCorporaProvider$CorporaChangedReceiver
I/PackageManager( 1593): Adding preferred activity ComponentInfo{com.android.mms/com.android.mms.ui.ComposeMessageActivity} for user 0 :
I/PackageManager( 1593): Adding preferred activity ComponentInfo{com.android.mms/com.android.mms.ui.ComposeMessageActivity} for user 0 :
I/PackageManager( 1593): Adding preferred activity ComponentInfo{com.android.mms/com.android.mms.ui.ComposeMessageActivity} for user 0 :
I/PackageManager( 1593): Adding preferred activity ComponentInfo{com.android.mms/com.android.mms.ui.ComposeMessageActivity} for user 0 :
I/PackageManager( 1593): Adding preferred activity ComponentInfo{com.android.mms/com.android.mms.ui.ComposeMessageActivity} for user 0 :
I/PackageManager( 1593): Adding preferred activity ComponentInfo{com.android.mms/com.android.mms.ui.ComposeMessageActivity} for user 0 :
I/PackageManager( 1593): Adding preferred activity ComponentInfo{com.android.mms/com.android.mms.ui.ComposeMessageActivity} for user 0 :
I/PackageManager( 1593): Adding preferred activity ComponentInfo{com.android.mms/com.android.mms.ui.ComposeMessageActivity} for user 0 :
I/PackageManager( 1593): Adding preferred activity ComponentInfo{com.android.mms/com.android.mms.ui.ComposeMessageActivity} for user 0 :
I/ActivityManager( 1593): START u0 {act=android.intent.action.MAIN cat=[android.intent.category.LAUNCHER] flg=0x10000000 cmp=edu.washington.alkwan.hello/.MainActivity} from pid 3651
I/PackageManager( 1593): Adding preferred activity ComponentInfo{com.android.mms/com.android.mms.ui.ComposeMessageActivity} for user 0 :
I/ActivityManager( 1593): Start proc edu.washington.alkwan.hello for activity edu.washington.alkwan.hello/.MainActivity: pid=3664 uid=10057 gids={50057}
I/ActivityManager( 1593): Resuming delayed broadcast
E/ActivityThread( 2218): Failed to find provider info for com.google.android.partnersetup.rlzappprovider
V/BackupManagerService( 1593): Running a backup pass
V/BackupManagerService( 1593): clearing pending backups
V/PerformBackupTask( 1593): Beginning backup of 1 targets
D/PerformBackupTask( 1593): invokeAgentForBackup on @pm@
I/PerformBackupTask( 1593): no backup data written; not calling transport
D/PerformBackupTask( 1593): starting agent for backup of BackupRequest{pkg=android}
D/BackupManagerService( 1593): awaiting agent for ApplicationInfo{9d091638 android}
D/BackupManagerService( 1593): agentConnected pkg=android agent=android.app.backup.BackupAgent$BackupServiceBinder@9d488ca0
I/BackupManagerService( 1593): got agent android.app.backup.BackupAgent$BackupServiceBinder@9d488ca0
D/PerformBackupTask( 1593): invokeAgentForBackup on android
I/PerformBackupTask( 1593): Backup pass finished.
I/ActivityManager( 1593): Start proc android.process.media for content provider com.android.providers.downloads/.DownloadProvider: pid=3698 uid=10005 gids={50005, 1028, 1015, 1023, 1024, 2001, 3003, 3007}
W/ActivityManager( 1593): No content provider found for permission revoke: file:///data/local/tmp/edu.washington.alkwan.activityspy
W/ActivityManager( 1593): No content provider found for permission revoke: file:///data/local/tmp/edu.washington.alkwan.activityspy
I/PackageManager( 1593): Copying native libraries to /data/app-lib/vmdl-288355830
I/ActivityManager( 1593): Force stopping edu.washington.alkwan.activityspy appid=10058 user=-1: update pkg
D/BackupManagerService( 1593): Now staging backup of android
I/PackageManager( 1593): Adding preferred activity ComponentInfo{com.android.mms/com.android.mms.ui.ComposeMessageActivity} for user 0 :
I/PackageManager( 1593): Adding preferred activity ComponentInfo{com.android.mms/com.android.mms.ui.ComposeMessageActivity} for user 0 :
D/BackupManagerService( 1593): Received broadcast Intent { act=android.intent.action.PACKAGE_ADDED dat=package:edu.washington.alkwan.activityspy flg=0x4000010 (has extras) }
V/BackupManagerService( 1593): addPackageParticipantsLocked: #1
I/PackageManager( 1593): Adding preferred activity ComponentInfo{com.android.mms/com.android.mms.ui.ComposeMessageActivity} for user 0 :
I/PackageManager( 1593): Adding preferred activity ComponentInfo{com.android.mms/com.android.mms.ui.ComposeMessageActivity} for user 0 :
I/PackageManager( 1593): Adding preferred activity ComponentInfo{com.android.mms/com.android.mms.ui.ComposeMessageActivity} for user 0 :
I/PackageManager( 1593): Adding preferred activity ComponentInfo{com.android.mms/com.android.mms.ui.ComposeMessageActivity} for user 0 :
I/PackageManager( 1593): Adding preferred activity ComponentInfo{com.android.mms/com.android.mms.ui.ComposeMessageActivity} for user 0 :
I/PackageManager( 1593): Adding preferred activity ComponentInfo{com.android.mms/com.android.mms.ui.ComposeMessageActivity} for user 0 :
I/ActivityManager( 1593): START u0 {act=android.intent.action.MAIN cat=[android.intent.category.LAUNCHER] flg=0x10000000 cmp=edu.washington.alkwan.activityspy/.MainActivity} from pid 3757
I/ActivityManager( 1593): Start proc edu.washington.alkwan.activityspy for activity edu.washington.alkwan.activityspy/.MainActivity: pid=3770 uid=10058 gids={50058}
I/ActivityManager( 1593): Delay finish: com.google.android.gms/.stats.service.DropBoxEntryAddedReceiver
I/ActivityManager( 1593): Resuming delayed broadcast
W/InputMethodManagerService( 1593): Starting input on non-focused client com.android.internal.view.IInputMethodClient$Stub$Proxy@9d3670f8 (uid=10057 pid=3664)
W/ActivityManager( 1593): Unable to start service Intent { act=com.google.android.gms.analytics.service.START (has extras) } U=0: not found
W/ActivityManager( 1593): Unable to start service Intent { act=com.google.android.gms.analytics.service.START (has extras) } U=0: not found
W/BatteryStatsImpl( 1593): Couldn't get kernel wake lock stats
I/ProcessStatsService( 1593): Prepared write state in 7ms
I/ActivityManager( 1593): Killing 2338:com.google.android.gms.unstable/u0a7 (adj 15): empty for 1814s
D/ConnectivityService( 1593): Sampling interval elapsed, updating statistics ..
D/ConnectivityService( 1593): Done.
D/ConnectivityService( 1593): Setting timer for 720seconds
V/BackupManagerService( 1593): Running a backup pass
V/BackupManagerService( 1593): clearing pending backups
V/PerformBackupTask( 1593): Beginning backup of 1 targets
D/PerformBackupTask( 1593): invokeAgentForBackup on @pm@
I/PerformBackupTask( 1593): no backup data written; not calling transport
D/PerformBackupTask( 1593): starting agent for backup of BackupRequest{pkg=android}
D/BackupManagerService( 1593): awaiting agent for ApplicationInfo{9d091638 android}
D/BackupManagerService( 1593): agentConnected pkg=android agent=android.app.backup.BackupAgent$BackupServiceBinder@9d48fd10
I/BackupManagerService( 1593): got agent android.app.backup.BackupAgent$BackupServiceBinder@9d48fd10
D/PerformBackupTask( 1593): invokeAgentForBackup on android
I/PerformBackupTask( 1593): Backup pass finished.
I/ActivityManager( 1593): Start proc com.google.android.gms.unstable for service com.google.android.gms/.droidguard.DroidGuardService: pid=3803 uid=10007 gids={50007, 3003, 1007, 1028, 1015, 3002, 3001, 3007, 2001, 3006}
D/ConnectivityService( 1593): handleInetConditionHoldEnd: net=0, condition=100, published condition=100
I/ActivityManager( 1593): Killing 3698:android.process.media/u0a5 (adj 15): empty for 1803s
I/ActivityManager( 1593): Killing 2399:com.google.android.calendar/u0a18 (adj 15): empty for 1803s
I/ActivityManager( 1593): Killing 3346:com.android.keychain/1000 (adj 15): empty for 1820s
I/ActivityManager( 1593): Start proc com.google.android.calendar for broadcast com.google.android.calendar/com.android.calendar.widget.CalendarAppWidgetService$CalendarFactory: pid=3845 uid=10018 gids={50018, 3003}
D/ConnectivityService( 1593): Sampling interval elapsed, updating statistics ..
D/ConnectivityService( 1593): Done.
D/ConnectivityService( 1593): Setting timer for 720seconds
I/ActivityManager( 1593): Killing 2218:com.google.android.googlequicksearchbox/u0a13 (adj 15): empty for 1938s
W/BatteryStatsImpl( 1593): Couldn't get kernel wake lock stats
I/ProcessStatsService( 1593): Prepared write state in 8ms
V/BackupManagerService( 1593): Running a backup pass
V/BackupManagerService( 1593): Backup requested but nothing pending
D/ConnectivityService( 1593): Sampling interval elapsed, updating statistics ..
D/ConnectivityService( 1593): Done.
D/ConnectivityService( 1593): Setting timer for 720seconds
D/ConnectivityService( 1593): handleInetConditionHoldEnd: net=0, condition=100, published condition=100
D/ConnectivityService( 1593): handleInetConditionHoldEnd: net=0, condition=100, published condition=100
D/ConnectivityService( 1593): Sampling interval elapsed, updating statistics ..
D/ConnectivityService( 1593): Done.
D/ConnectivityService( 1593): Setting timer for 720seconds
W/BatteryStatsImpl( 1593): Couldn't get kernel wake lock stats
I/ProcessStatsService( 1593): Prepared write state in 14ms
D/ConnectivityService( 1593): Sampling interval elapsed, updating statistics ..
D/ConnectivityService( 1593): Done.
D/ConnectivityService( 1593): Setting timer for 720seconds
V/BackupManagerService( 1593): Running a backup pass
V/BackupManagerService( 1593): Backup requested but nothing pending
D/ConnectivityService( 1593): handleInetConditionHoldEnd: net=0, condition=100, published condition=100
W/ActivityManager( 1593): No content provider found for permission revoke: file:///data/local/tmp/edu.washington.alkwan.activityspy
W/ActivityManager( 1593): No content provider found for permission revoke: file:///data/local/tmp/edu.washington.alkwan.activityspy
I/PackageManager( 1593): Copying native libraries to /data/app-lib/vmdl296920872
I/ActivityManager( 1593): Force stopping edu.washington.alkwan.activityspy appid=10058 user=-1: uninstall pkg
I/ActivityManager( 1593): Killing 3770:edu.washington.alkwan.activityspy/u0a58 (adj 0): stop edu.washington.alkwan.activityspy
W/ActivityManager( 1593): Force removing ActivityRecord{9d2792c8 u0 edu.washington.alkwan.activityspy/.MainActivity t12}: app died, no saved state
I/WindowState( 1593): WIN DEATH: Window{9d305088 u0 edu.washington.alkwan.activityspy/edu.washington.alkwan.activityspy.MainActivity}
I/PackageManager( 1593): Package edu.washington.alkwan.activityspy codePath changed from /data/app/edu.washington.alkwan.activityspy-1.apk to /data/app/edu.washington.alkwan.activityspy-2.apk; Retaining data and using new
I/ActivityManager( 1593): Force stopping edu.washington.alkwan.activityspy appid=10058 user=-1: update pkg
W/PackageManager( 1593): Code path for pkg : edu.washington.alkwan.activityspy changing from /data/app/edu.washington.alkwan.activityspy-1.apk to /data/app/edu.washington.alkwan.activityspy-2.apk
W/PackageManager( 1593): Resource path for pkg : edu.washington.alkwan.activityspy changing from /data/app/edu.washington.alkwan.activityspy-1.apk to /data/app/edu.washington.alkwan.activityspy-2.apk
D/BackupManagerService( 1593): Now staging backup of android
I/ActivityManager( 1593): Force stopping edu.washington.alkwan.activityspy appid=10058 user=0: pkg removed
I/PackageManager( 1593): Adding preferred activity ComponentInfo{com.android.mms/com.android.mms.ui.ComposeMessageActivity} for user 0 :
I/PackageManager( 1593): Adding preferred activity ComponentInfo{com.android.mms/com.android.mms.ui.ComposeMessageActivity} for user 0 :
D/BackupManagerService( 1593): Received broadcast Intent { act=android.intent.action.PACKAGE_REMOVED dat=package:edu.washington.alkwan.activityspy flg=0x4000010 (has extras) }
I/PackageManager( 1593): Adding preferred activity ComponentInfo{com.android.mms/com.android.mms.ui.ComposeMessageActivity} for user 0 :
W/InputMethodManagerService( 1593): Got RemoteException sending setActive(false) notification to pid 3770 uid 10058
D/BackupManagerService( 1593): Received broadcast Intent { act=android.intent.action.PACKAGE_ADDED dat=package:edu.washington.alkwan.activityspy flg=0x4000010 (has extras) }
V/BackupManagerService( 1593): removePackageParticipantsLocked: uid=10058 #1
V/BackupManagerService( 1593): addPackageParticipantsLocked: #1
I/PackageManager( 1593): Adding preferred activity ComponentInfo{com.android.mms/com.android.mms.ui.ComposeMessageActivity} for user 0 :
I/PackageManager( 1593): Adding preferred activity ComponentInfo{com.android.mms/com.android.mms.ui.ComposeMessageActivity} for user 0 :
I/PackageManager( 1593): Adding preferred activity ComponentInfo{com.android.mms/com.android.mms.ui.ComposeMessageActivity} for user 0 :
I/ActivityManager( 1593): Start proc com.google.android.googlequicksearchbox for broadcast com.google.android.googlequicksearchbox/com.google.android.searchcommon.summons.icing.InternalIcingCorporaProvider$CorporaChangedReceiver: pid=3926 uid=10013 gids={50013, 3003, 1028, 3002, 1015}
I/PackageManager( 1593): Adding preferred activity ComponentInfo{com.android.mms/com.android.mms.ui.ComposeMessageActivity} for user 0 :
I/PackageManager( 1593): Adding preferred activity ComponentInfo{com.android.mms/com.android.mms.ui.ComposeMessageActivity} for user 0 :
I/PackageManager( 1593): Adding preferred activity ComponentInfo{com.android.mms/com.android.mms.ui.ComposeMessageActivity} for user 0 :
I/PackageManager( 1593): Adding preferred activity ComponentInfo{com.android.mms/com.android.mms.ui.ComposeMessageActivity} for user 0 :
I/PackageManager( 1593): Adding preferred activity ComponentInfo{com.android.mms/com.android.mms.ui.ComposeMessageActivity} for user 0 :
I/ActivityManager( 1593): Start proc com.android.keychain for broadcast com.android.keychain/.KeyChainBroadcastReceiver: pid=3944 uid=1000 gids={41000, 1028, 1015, 3002, 3001, 3003}
I/PackageManager( 1593): Adding preferred activity ComponentInfo{com.android.mms/com.android.mms.ui.ComposeMessageActivity} for user 0 :
I/PackageManager( 1593): Adding preferred activity ComponentInfo{com.android.mms/com.android.mms.ui.ComposeMessageActivity} for user 0 :
W/ContextImpl( 3944): Calling a method in the system process without a qualified user: android.app.ContextImpl.startService:1479 android.content.ContextWrapper.startService:494 android.content.ContextWrapper.startService:494 com.android.keychain.KeyChainBroadcastReceiver.onReceive:12 android.app.ActivityThread.handleReceiver:2419 
I/PackageManager( 1593): Adding preferred activity ComponentInfo{com.android.mms/com.android.mms.ui.ComposeMessageActivity} for user 0 :
I/PackageManager( 1593): Adding preferred activity ComponentInfo{com.android.mms/com.android.mms.ui.ComposeMessageActivity} for user 0 :
I/PackageManager( 1593): Adding preferred activity ComponentInfo{com.android.mms/com.android.mms.ui.ComposeMessageActivity} for user 0 :
I/PackageManager( 1593): Adding preferred activity ComponentInfo{com.android.mms/com.android.mms.ui.ComposeMessageActivity} for user 0 :
I/ActivityManager( 1593): Delay finish: com.google.android.googlequicksearchbox/com.google.android.searchcommon.summons.icing.InternalIcingCorporaProvider$CorporaChangedReceiver
E/ActivityThread( 3926): Failed to find provider info for com.google.android.partnersetup.rlzappprovider
I/PackageManager( 1593): Adding preferred activity ComponentInfo{com.android.mms/com.android.mms.ui.ComposeMessageActivity} for user 0 :
I/PackageManager( 1593): Adding preferred activity ComponentInfo{com.android.mms/com.android.mms.ui.ComposeMessageActivity} for user 0 :
I/PackageManager( 1593): Adding preferred activity ComponentInfo{com.android.mms/com.android.mms.ui.ComposeMessageActivity} for user 0 :
I/PackageManager( 1593): Adding preferred activity ComponentInfo{com.android.mms/com.android.mms.ui.ComposeMessageActivity} for user 0 :
I/PackageManager( 1593): Adding preferred activity ComponentInfo{com.android.mms/com.android.mms.ui.ComposeMessageActivity} for user 0 :
I/PackageManager( 1593): Adding preferred activity ComponentInfo{com.android.mms/com.android.mms.ui.ComposeMessageActivity} for user 0 :
I/PackageManager( 1593): Adding preferred activity ComponentInfo{com.android.mms/com.android.mms.ui.ComposeMessageActivity} for user 0 :
I/ActivityManager( 1593): START u0 {act=android.intent.action.MAIN cat=[android.intent.category.LAUNCHER] flg=0x10000000 cmp=edu.washington.alkwan.activityspy/.MainActivity} from pid 3967
I/ActivityManager( 1593): Start proc edu.washington.alkwan.activityspy for activity edu.washington.alkwan.activityspy/.MainActivity: pid=3985 uid=10058 gids={50058}
I/ActivityManager( 1593): Resuming delayed broadcast
I/ActivityManager( 1593): Killing 3803:com.google.android.gms.unstable/u0a7 (adj 15): empty for 3598s
I/ActivityManager( 1593): Start proc com.google.android.gms.unstable for service com.google.android.gms/.droidguard.DroidGuardService: pid=4002 uid=10007 gids={50007, 3003, 1007, 1028, 1015, 3002, 3001, 3007, 2001, 3006}
I/ActivityManager( 1593): START u0 {act=android.intent.action.MAIN cat=[android.intent.category.HOME] flg=0x10200000 cmp=com.android.launcher/com.android.launcher2.Launcher} from pid 1593
I/ActivityManager( 1593): Waited long enough for: ServiceRecord{9db370c0 u0 com.google.android.gms/.auth.account.be.legacy.AuthCronService}
I/ActivityManager( 1593): START u0 {act=android.intent.action.MAIN cat=[android.intent.category.LAUNCHER] flg=0x10200000 cmp=edu.washington.alkwan.activityspy/.MainActivity} from pid 1943
I/ActivityManager( 1593): START u0 {act=com.android.systemui.recent.action.TOGGLE_RECENTS flg=0x10800000 cmp=com.android.systemui/.recent.RecentsActivity (has extras)} from pid 1671
W/InputMethodManagerService( 1593): Starting input on non-focused client com.android.internal.view.IInputMethodClient$Stub$Proxy@9da489b0 (uid=10058 pid=3985)
I/ActivityManager( 1593): Killing 3985:edu.washington.alkwan.activityspy/u0a58 (adj 9): remove task
I/WindowState( 1593): WIN DEATH: Window{9d202028 u0 edu.washington.alkwan.activityspy/edu.washington.alkwan.activityspy.MainActivity}
I/ActivityManager( 1593): Killing 3845:com.google.android.calendar/u0a18 (adj 15): empty for 1800s
I/ActivityManager( 1593): START u0 {act=com.android.systemui.recent.action.TOGGLE_RECENTS flg=0x10800000 cmp=com.android.systemui/.recent.RecentsActivity} from pid 1671
