D/MobileDataStateTracker( 1593): fota: Broadcast received: android.intent.action.ANY_DATA_STATE apnType=fota
D/MobileDataStateTracker( 1593): fota: Received state=DISCONNECTED, old=DISCONNECTED, reason=dataAttached
D/MobileDataStateTracker( 1593): ia: Broadcast received: android.intent.action.ANY_DATA_STATE apnType=ia
D/MobileDataStateTracker( 1593): ia: Received state=DISCONNECTED, old=DISCONNECTED, reason=dataAttached
D/MobileDataStateTracker( 1593): supl: Broadcast received: android.intent.action.ANY_DATA_STATE apnType=supl
D/MobileDataStateTracker( 1593): supl: Received state=DISCONNECTED, old=DISCONNECTED, reason=dataAttached
D/MobileDataStateTracker( 1593): hipri: Broadcast received: android.intent.action.ANY_DATA_STATE apnType=hipri
D/MobileDataStateTracker( 1593): hipri: Received state=DISCONNECTED, old=DISCONNECTED, reason=dataAttached
D/MobileDataStateTracker( 1593): ims: Broadcast received: android.intent.action.ANY_DATA_STATE apnType=ims
D/MobileDataStateTracker( 1593): ims: Received state=DISCONNECTED, old=DISCONNECTED, reason=dataAttached
D/MobileDataStateTracker( 1593): mms: Broadcast received: android.intent.action.ANY_DATA_STATE apnType=mms
D/MobileDataStateTracker( 1593): mms: Received state=DISCONNECTED, old=DISCONNECTED, reason=dataAttached
D/MobileDataStateTracker( 1593): cbs: Broadcast received: android.intent.action.ANY_DATA_STATE apnType=cbs
D/MobileDataStateTracker( 1593): cbs: Received state=DISCONNECTED, old=DISCONNECTED, reason=dataAttached
D/MccTable( 1810): updateMccMncConfiguration: mcc=310, mnc=260
D/MccTable( 1810): getLocaleFromMcc to en_us mcc=310
D/MccTable( 1810): getLocaleForLanguageCountry: got match
D/MccTable( 1810): getLocaleForLanguageCountry: X locale=en_US
D/MccTable( 1810): WIFI_COUNTRY_CODE set to us
I/WifiService( 1593): WifiService trying to set country code to us with persist set to true
D/MccTable( 1810): updateMccMncConfiguration updateConfig config={1.0 310mcc260mnc en_US ldltr ?swdp ?wdp ?hdp ?density ?lsize ?long ?orien ?uimode ?night ?touch ?keyb/?/? ?nav/?}
I/ActivityManager( 1593): Config changes=3 {1.0 310mcc260mnc en_US ldltr sw411dp w411dp h658dp 420dpi nrml port finger qwerty/v/v dpad/v s.5}
W/ActivityManager( 1593): Unable to start service Intent { cmp=com.android.email/.service.AttachmentDownloadService } U=0: not found
D/MccTable( 1810): updateMccMncConfiguration: mcc=310, mnc=260
D/MccTable( 1810): getLocaleFromMcc to en_us mcc=310
D/MccTable( 1810): getLocaleForLanguageCountry: skipping already persisted
D/MccTable( 1810): getLocaleForLanguageCountry: X locale=null
D/MccTable( 1810): WIFI_COUNTRY_CODE set to us
I/WifiService( 1593): WifiService trying to set country code to us with persist set to true
D/MccTable( 1810): updateMccMncConfiguration updateConfig config={1.0 310mcc260mnc ?locale ?layoutDir ?swdp ?wdp ?hdp ?density ?lsize ?long ?orien ?uimode ?night ?touch ?keyb/?/? ?nav/?}
W/ActivityManager( 1593): Unable to start service Intent { cmp=com.android.email/.service.AttachmentDownloadService } U=0: not found
D/MobileDataStateTracker( 1593): fota: Broadcast received: android.intent.action.ANY_DATA_STATE apnType=fota
D/MobileDataStateTracker( 1593): fota: Received state=DISCONNECTED, old=DISCONNECTED, reason=simLoaded
D/MobileDataStateTracker( 1593): ia: Broadcast received: android.intent.action.ANY_DATA_STATE apnType=ia
D/MobileDataStateTracker( 1593): ia: Received state=DISCONNECTED, old=DISCONNECTED, reason=simLoaded
D/MobileDataStateTracker( 1593): supl: Broadcast received: android.intent.action.ANY_DATA_STATE apnType=supl
D/MobileDataStateTracker( 1593): supl: Received state=DISCONNECTED, old=DISCONNECTED, reason=simLoaded
D/MobileDataStateTracker( 1593): hipri: Broadcast received: android.intent.action.ANY_DATA_STATE apnType=hipri
D/MobileDataStateTracker( 1593): hipri: Received state=DISCONNECTED, old=DISCONNECTED, reason=simLoaded
D/MobileDataStateTracker( 1593): ims: Broadcast received: android.intent.action.ANY_DATA_STATE apnType=ims
D/MobileDataStateTracker( 1593): ims: Received state=DISCONNECTED, old=DISCONNECTED, reason=simLoaded
D/MobileDataStateTracker( 1593): mms: Broadcast received: android.intent.action.ANY_DATA_STATE apnType=mms
D/MobileDataStateTracker( 1593): mms: Received state=DISCONNECTED, old=DISCONNECTED, reason=simLoaded
D/MobileDataStateTracker( 1593): cbs: Broadcast received: android.intent.action.ANY_DATA_STATE apnType=cbs
D/MobileDataStateTracker( 1593): cbs: Received state=DISCONNECTED, old=DISCONNECTED, reason=simLoaded
D/MobileDataStateTracker( 1593): default: Broadcast received: android.intent.action.ANY_DATA_STATE apnType=default
D/MobileDataStateTracker( 1593): default: Received state=CONNECTING, old=DISCONNECTED, reason=simLoaded
D/MobileDataStateTracker( 1593): default: setDetailed state, old =IDLE and new state=CONNECTING
D/MobileDataStateTracker( 1593): fota: Broadcast received: android.intent.action.ANY_DATA_STATE apnType=fota
D/MobileDataStateTracker( 1593): fota: Received state=DISCONNECTED, old=DISCONNECTED, reason=simLoaded
D/MobileDataStateTracker( 1593): ia: Broadcast received: android.intent.action.ANY_DATA_STATE apnType=ia
D/MobileDataStateTracker( 1593): ia: Received state=DISCONNECTED, old=DISCONNECTED, reason=simLoaded
D/MobileDataStateTracker( 1593): supl: Broadcast received: android.intent.action.ANY_DATA_STATE apnType=supl
D/MobileDataStateTracker( 1593): supl: Received state=DISCONNECTED, old=DISCONNECTED, reason=simLoaded
D/MobileDataStateTracker( 1593): hipri: Broadcast received: android.intent.action.ANY_DATA_STATE apnType=hipri
D/MobileDataStateTracker( 1593): hipri: Received state=DISCONNECTED, old=DISCONNECTED, reason=simLoaded
D/MobileDataStateTracker( 1593): ims: Broadcast received: android.intent.action.ANY_DATA_STATE apnType=ims
D/MobileDataStateTracker( 1593): ims: Received state=DISCONNECTED, old=DISCONNECTED, reason=simLoaded
D/MobileDataStateTracker( 1593): mms: Broadcast received: android.intent.action.ANY_DATA_STATE apnType=mms
D/MobileDataStateTracker( 1593): mms: Received state=DISCONNECTED, old=DISCONNECTED, reason=simLoaded
D/MobileDataStateTracker( 1593): cbs: Broadcast received: android.intent.action.ANY_DATA_STATE apnType=cbs
D/MobileDataStateTracker( 1593): cbs: Received state=DISCONNECTED, old=DISCONNECTED, reason=simLoaded
D/MobileDataStateTracker( 1593): default: Broadcast received: android.intent.action.ANY_DATA_STATE apnType=default
D/MobileDataStateTracker( 1593): default: Received state=CONNECTED, old=CONNECTING, reason=connected
D/MobileDataStateTracker( 1593): default: setDetailed state, old =CONNECTING and new state=CONNECTED
D/ConnectivityService( 1593): ConnectivityChange for mobile: CONNECTED/CONNECTED
D/ConnectivityService( 1593): ConnectivityChange checkMobileProvisioning for TYPE_MOBILE or ProvisioningNetwork
D/ConnectivityService( 1593): checkMobileProvisioning: E suggestedTimeOutMs=60000
D/ConnectivityService( 1593): setProvNotificationVisible: E visible=false networkType=5 extraInfo=null url=null
D/ConnectivityService( 1593): checkMobileProvisioning: params={ url=http://clients3.google.com/generate_204 mTimeOutMs=60000 mCb=com.android.server.ConnectivityService$5@9da38d78}
D/ConnectivityService( 1593): checkMobileProvisioning: X
D/MobileDataStateTracker( 1593): default: isProvisioningNetwork: retVal=false
D/ConnectivityService( 1593): [CheckMp] isMobileOk: isDefaultProvisioning=false
D/MobileDataStateTracker( 1593): hipri: isProvisioningNetwork: retVal=false
D/ConnectivityService( 1593): [CheckMp] isMobileOk: isHipriProvisioning=false
D/ConnectivityService( 1593): [CheckMp] isMobileOk: start hipri url=http://clients3.google.com/generate_204
D/Nat464Xlat( 1593): requiresClat: netType=0, hasIPv4Address=true
D/ConnectivityService( 1593): startUsingNetworkFeature reconnecting to 0: enableHIPRI
D/ConnectivityService( 1593): startUsingNetworkFeature X: return APN_REQUEST_STARTED
D/ConnectivityService( 1593): [CheckMp] isMobileOk: hipri started
D/ConnectivityService( 1593): [CheckMp] isMobileOk: not connected ni=NetworkInfo: type: mobile_hipri[LTE], state: DISCONNECTED/IDLE, reason: (unspecified), extra: (none), roaming: false, failover: false, isAvailable: true, isConnectedToProvisioningNetwork: false
D/MobileDataStateTracker( 1593): hipri: Broadcast received: android.intent.action.ANY_DATA_STATE apnType=hipri
D/MobileDataStateTracker( 1593): hipri: Received state=CONNECTING, old=DISCONNECTED, reason=dataEnabled
D/MobileDataStateTracker( 1593): hipri: setDetailed state, old =IDLE and new state=CONNECTING
D/MobileDataStateTracker( 1593): fota: Broadcast received: android.intent.action.ANY_DATA_STATE apnType=fota
D/MobileDataStateTracker( 1593): fota: Received state=DISCONNECTED, old=DISCONNECTED, reason=dataEnabled
D/MobileDataStateTracker( 1593): ia: Broadcast received: android.intent.action.ANY_DATA_STATE apnType=ia
D/MobileDataStateTracker( 1593): ia: Received state=DISCONNECTED, old=DISCONNECTED, reason=dataEnabled
D/MobileDataStateTracker( 1593): supl: Broadcast received: android.intent.action.ANY_DATA_STATE apnType=supl
D/MobileDataStateTracker( 1593): supl: Received state=DISCONNECTED, old=DISCONNECTED, reason=dataEnabled
D/MobileDataStateTracker( 1593): ims: Broadcast received: android.intent.action.ANY_DATA_STATE apnType=ims
D/MobileDataStateTracker( 1593): ims: Received state=DISCONNECTED, old=DISCONNECTED, reason=dataEnabled
D/MobileDataStateTracker( 1593): mms: Broadcast received: android.intent.action.ANY_DATA_STATE apnType=mms
D/MobileDataStateTracker( 1593): mms: Received state=DISCONNECTED, old=DISCONNECTED, reason=dataEnabled
D/MobileDataStateTracker( 1593): cbs: Broadcast received: android.intent.action.ANY_DATA_STATE apnType=cbs
D/MobileDataStateTracker( 1593): cbs: Received state=DISCONNECTED, old=DISCONNECTED, reason=dataEnabled
D/MobileDataStateTracker( 1593): hipri: Broadcast received: android.intent.action.ANY_DATA_STATE apnType=hipri
D/MobileDataStateTracker( 1593): hipri: Received state=CONNECTED, old=CONNECTING, reason=dataEnabled
D/MobileDataStateTracker( 1593): hipri: setDetailed state, old =CONNECTING and new state=CONNECTED
D/ConnectivityService( 1593): ConnectivityChange for mobile_hipri: CONNECTED/CONNECTED
D/Nat464Xlat( 1593): requiresClat: netType=5, hasIPv4Address=true
I/WindowManager( 1593): Screen frozen for +1s519ms due to Window{9d475430 u0 com.android.launcher/com.android.launcher2.Launcher}
D/MobileDataStateTracker( 1593): hipri: isProvisioningNetwork: retVal=false
D/ConnectivityService( 1593): [CheckMp] isMobileOk: isProvisioningNetwork is false, continue
D/ConnectivityService( 1593): [CheckMp] isMobileOk: addresses=clients3.google.com/216.58.193.78,clients3.google.com/2607:f8b0:400a:800::200e
D/ConnectivityService( 1593): [CheckMp] isMobileOk: linkHasIpv4=true linkHasIpv6=false
D/ConnectivityService( 1593): requestRouteToHostAddress ok=true
D/ConnectivityService( 1593): [CheckMp] isMobileOk: wait to establish route to hostAddr=clients3.google.com/216.58.193.78
I/PackageManager( 1593): Adding preferred activity ComponentInfo{com.android.mms/com.android.mms.ui.ComposeMessageActivity} for user 0 :
I/PackageManager( 1593): Adding preferred activity ComponentInfo{com.android.mms/com.android.mms.ui.ComposeMessageActivity} for user 0 :
I/PackageManager( 1593): Adding preferred activity ComponentInfo{com.android.mms/com.android.mms.ui.ComposeMessageActivity} for user 0 :
I/PackageManager( 1593): Adding preferred activity ComponentInfo{com.android.mms/com.android.mms.ui.ComposeMessageActivity} for user 0 :
I/PackageManager( 1593): Adding preferred activity ComponentInfo{com.android.mms/com.android.mms.ui.ComposeMessageActivity} for user 0 :
I/PackageManager( 1593): Adding preferred activity ComponentInfo{com.android.mms/com.android.mms.ui.ComposeMessageActivity} for user 0 :
I/PackageManager( 1593): Adding preferred activity ComponentInfo{com.android.mms/com.android.mms.ui.ComposeMessageActivity} for user 0 :
I/PackageManager( 1593): Adding preferred activity ComponentInfo{com.android.mms/com.android.mms.ui.ComposeMessageActivity} for user 0 :
I/PackageManager( 1593): Adding preferred activity ComponentInfo{com.android.mms/com.android.mms.ui.ComposeMessageActivity} for user 0 :
I/PackageManager( 1593): Adding preferred activity ComponentInfo{com.android.mms/com.android.mms.ui.ComposeMessageActivity} for user 0 :
I/PackageManager( 1593): Adding preferred activity ComponentInfo{com.android.mms/com.android.mms.ui.ComposeMessageActivity} for user 0 :
I/PackageManager( 1593): Adding preferred activity ComponentInfo{com.android.mms/com.android.mms.ui.ComposeMessageActivity} for user 0 :
I/PackageManager( 1593): Adding preferred activity ComponentInfo{com.android.mms/com.android.mms.ui.ComposeMessageActivity} for user 0 :
I/PackageManager( 1593): Adding preferred activity ComponentInfo{com.android.mms/com.android.mms.ui.ComposeMessageActivity} for user 0 :
I/PackageManager( 1593): Adding preferred activity ComponentInfo{com.android.mms/com.android.mms.ui.ComposeMessageActivity} for user 0 :
I/PackageManager( 1593): Adding preferred activity ComponentInfo{com.android.mms/com.android.mms.ui.ComposeMessageActivity} for user 0 :
I/PackageManager( 1593): Adding preferred activity ComponentInfo{com.android.mms/com.android.mms.ui.ComposeMessageActivity} for user 0 :
I/PackageManager( 1593): Adding preferred activity ComponentInfo{com.android.mms/com.android.mms.ui.ComposeMessageActivity} for user 0 :
I/PackageManager( 1593): Adding preferred activity ComponentInfo{com.android.mms/com.android.mms.ui.ComposeMessageActivity} for user 0 :
I/PackageManager( 1593): Adding preferred activity ComponentInfo{com.android.mms/com.android.mms.ui.ComposeMessageActivity} for user 0 :
I/PackageManager( 1593): Adding preferred activity ComponentInfo{com.android.mms/com.android.mms.ui.ComposeMessageActivity} for user 0 :
I/PackageManager( 1593): Adding preferred activity ComponentInfo{com.android.mms/com.android.mms.ui.ComposeMessageActivity} for user 0 :
I/PackageManager( 1593): Adding preferred activity ComponentInfo{com.android.mms/com.android.mms.ui.ComposeMessageActivity} for user 0 :
I/PackageManager( 1593): Adding preferred activity ComponentInfo{com.android.mms/com.android.mms.ui.ComposeMessageActivity} for user 0 :
D/ConnectivityService( 1593): [CheckMp] isMobileOk: newUrl=https://216.58.193.78/generate_204
W/ActivityThread( 1593): ClassLoader.loadClass: The class loader returned by Thread.getContextClassLoader() may fail for processes that host multiple applications. You should explicitly specify a context class loader. For example: Thread.setContextClassLoader(getClass().getClassLoader());
D/ConnectivityService( 1593): [CheckMp] isMobileOk: hostnameVerify retVal=true hostname=216.58.193.78 orgUriHost=clients3.google.com
D/ConnectivityService( 1593): [CheckMp] isMobileOk: headers={null=[HTTP/1.1 204 No Content], Alt-Svc=[quic=":443"; ma=2592000; v="46,44,43,39"], Connection=[close], Content-Length=[0], Date=[Fri, 05 Apr 2019 02:05:17 GMT], X-Android-Received-Millis=[1554429916879], X-Android-Response-Source=[NETWORK 204], X-Android-Selected-Transport=[http/1.1], X-Android-Sent-Millis=[1554429916855]}
D/ConnectivityService( 1593): [CheckMp] isMobileOk: X got expected responseCode=204 result=1
D/ConnectivityService( 1593): [CheckMp] isMobileOk: F stop hipri
D/MobileDataStateTracker( 1593): default: setEnableFailFastMobileData(enabled=0)
D/ConnectivityService( 1593): stopUsingNetworkFeature: teardown net 0: enableHIPRI
D/MobileDataStateTracker( 1593): hipri: Broadcast received: android.intent.action.ANY_DATA_STATE apnType=hipri
D/MobileDataStateTracker( 1593): hipri: Received state=DISCONNECTED, old=CONNECTED, reason=dataDisabled
D/MobileDataStateTracker( 1593): hipri: setDetailed state, old =CONNECTED and new state=DISCONNECTED
D/ConnectivityService( 1593): ConnectivityChange for mobile_hipri: DISCONNECTED/DISCONNECTED
D/Nat464Xlat( 1593): requiresClat: netType=5, hasIPv4Address=true
I/ActivityManager( 1593): Start proc com.google.android.gms for service com.google.android.gms/.chimera.GmsIntentOperationService: pid=2125 uid=10007 gids={50007, 3003, 1007, 1028, 1015, 3002, 3001, 3007, 2001, 3006}
I/ActivityManager( 1593): Start proc com.android.music for broadcast com.android.music/.MediaButtonIntentReceiver: pid=2160 uid=10036 gids={50036, 3003, 1028, 1015}
D/ConnectivityService( 1593): [CheckMp] isMobileOk: X result=1
D/ConnectivityService( 1593): [CheckMp] onPostExecute: result=1
D/ConnectivityService( 1593): CheckMp.onComplete: result=1
D/ConnectivityService( 1593): CheckMp.onComplete: ignore, connected or no connection
I/ActivityManager( 1593): Start proc com.google.android.googlequicksearchbox for broadcast com.google.android.googlequicksearchbox/com.google.android.searchcommon.summons.icing.InternalIcingCorporaProvider$CorporaChangedReceiver: pid=2218 uid=10013 gids={50013, 3003, 1028, 3002, 1015}
I/ActivityManager( 1593): Delay finish: com.google.android.googlequicksearchbox/com.google.android.searchcommon.summons.icing.InternalIcingCorporaProvider$CorporaChangedReceiver
E/ActivityThread( 2218): Failed to find provider info for com.google.android.voicesearch
E/ActivityThread( 2218): Failed to find provider info for com.google.android.partnersetup.rlzappprovider
I/ActivityManager( 1593): Start proc com.google.android.gms.unstable for service com.google.android.gms/.droidguard.DroidGuardService: pid=2338 uid=10007 gids={50007, 3003, 1007, 1028, 1015, 3002, 3001, 3007, 2001, 3006}
I/ActivityManager( 1593): Resuming delayed broadcast
I/ActivityManager( 1593): Start proc com.google.android.googlequicksearchbox:launcher for broadcast com.google.android.googlequicksearchbox/com.google.android.gel.GelStubAppWatcher: pid=2375 uid=10013 gids={50013, 3003, 1028, 3002, 1015}
I/ActivityManager( 1593): Start proc com.google.android.calendar for broadcast com.google.android.calendar/com.android.calendar.widget.CalendarAppWidgetService$CalendarFactory: pid=2399 uid=10018 gids={50018, 3003}
I/ActivityManager( 1593): Start proc com.android.deskclock for broadcast com.android.deskclock/.AlarmInitReceiver: pid=2419 uid=10022 gids={50022, 1028}
I/ActivityManager( 1593): Start proc com.android.providers.calendar for content provider com.android.providers.calendar/.CalendarProvider2: pid=2431 uid=10001 gids={50001, 3003, 1028, 1015}
I/PackageManager( 1593): Adding preferred activity ComponentInfo{com.android.mms/com.android.mms.ui.ComposeMessageActivity} for user 0 :
I/PackageManager( 1593): Adding preferred activity ComponentInfo{com.android.mms/com.android.mms.ui.ComposeMessageActivity} for user 0 :
W/BackupManagerService( 1593): dataChanged but no participant pkg='com.android.providers.settings' uid=10022
I/PackageManager( 1593): Adding preferred activity ComponentInfo{com.android.mms/com.android.mms.ui.ComposeMessageActivity} for user 0 :
I/PackageManager( 1593): Adding preferred activity ComponentInfo{com.android.mms/com.android.mms.ui.ComposeMessageActivity} for user 0 :
I/PackageManager( 1593): Adding preferred activity ComponentInfo{com.android.mms/com.android.mms.ui.ComposeMessageActivity} for user 0 :
I/PackageManager( 1593): Adding preferred activity ComponentInfo{com.android.mms/com.android.mms.ui.ComposeMessageActivity} for user 0 :
I/PackageManager( 1593): Adding preferred activity ComponentInfo{com.android.mms/com.android.mms.ui.ComposeMessageActivity} for user 0 :
I/ActivityManager( 1593): Delay finish: com.android.deskclock/com.android.alarmclock.AnalogAppWidgetProvider
I/PackageManager( 1593): Adding preferred activity ComponentInfo{com.android.mms/com.android.mms.ui.ComposeMessageActivity} for user 0 :
I/PackageManager( 1593): Adding preferred activity ComponentInfo{com.android.mms/com.android.mms.ui.ComposeMessageActivity} for user 0 :
I/PackageManager( 1593): Adding preferred activity ComponentInfo{com.android.mms/com.android.mms.ui.ComposeMessageActivity} for user 0 :
I/PackageManager( 1593): Adding preferred activity ComponentInfo{com.android.mms/com.android.mms.ui.ComposeMessageActivity} for user 0 :
I/PackageManager( 1593): Adding preferred activity ComponentInfo{com.android.mms/com.android.mms.ui.ComposeMessageActivity} for user 0 :
I/PackageManager( 1593): Adding preferred activity ComponentInfo{com.android.mms/com.android.mms.ui.ComposeMessageActivity} for user 0 :
I/PackageManager( 1593): Adding preferred activity ComponentInfo{com.android.mms/com.android.mms.ui.ComposeMessageActivity} for user 0 :
I/PackageManager( 1593): Adding preferred activity ComponentInfo{com.android.mms/com.android.mms.ui.ComposeMessageActivity} for user 0 :
I/PackageManager( 1593): Adding preferred activity ComponentInfo{com.android.mms/com.android.mms.ui.ComposeMessageActivity} for user 0 :
I/ActivityManager( 1593): Resuming delayed broadcast
I/ActivityManager( 1593): Start proc com.android.dialer for broadcast com.android.dialer/.calllog.CallLogReceiver: pid=2482 uid=10004 gids={50004, 3003, 1028, 1015}
I/ActivityManager( 1593): Delay finish: com.android.dialer/.calllog.CallLogReceiver
I/ActivityManager( 1593): Resuming delayed broadcast
V/WiredAccessoryManager( 1593): init()
I/PowerManagerService( 1593): Boot animation finished.
I/BootReceiver( 1593): Copying audit failures to DropBox
I/BootReceiver( 1593): Checking for fsck errors
I/ActivityManager( 1593): Delay finish: com.android.providers.downloads/.DownloadReceiver
I/ActivityManager( 1593): Resuming delayed broadcast
I/SystemUpdateService( 1854): cancelUpdate (empty URL)
I/SystemUpdateService( 1854): cancelUpdate (empty URL)
I/ActivityManager( 1593): Start proc com.android.mms for broadcast com.android.mms/.transaction.MmsSystemEventReceiver: pid=2520 uid=10010 gids={50010, 3003, 1028, 1015}
D/CountryDetector( 1593): The first listener is added
I/ActivityManager( 1593): Delay finish: com.android.mms/.transaction.MmsSystemEventReceiver
I/ActivityManager( 1593): Resuming delayed broadcast
I/ActivityManager( 1593): Delay finish: com.android.mms/.transaction.SmsReceiver
I/ActivityManager( 1593): Resuming delayed broadcast
I/ActivityManager( 1593): Delay finish: com.google.android.calendar/com.android.calendar.alerts.AlertReceiver
W/ActivityManager( 1593): Unable to start service Intent { act=com.google.android.gms.nearby.discovery:ACTION_INIT_MESSAGES_PATH cmp=com.google.android.gms/.nearby.discovery.service.DiscoveryService } U=0: not found
D/ConnectivityService( 1593): handleInetConditionHoldEnd: net=0, condition=0, published condition=0
W/ActivityManager( 1593): Unable to start service Intent { act=com.google.android.gms.nearby.discovery:ACTION_INIT_MESSAGES_PATH cmp=com.google.android.gms/.nearby.discovery.service.DiscoveryService } U=0: not found
I/ActivityManager( 1593): Waited long enough for: ServiceRecord{9da50090 u0 com.android.music/.MediaPlaybackService}
I/ActivityManager( 1593): Start proc com.google.android.gms.ui for service com.google.android.gms/.chimera.UiIntentOperationService: pid=2606 uid=10007 gids={50007, 3003, 1007, 1028, 1015, 3002, 3001, 3007, 2001, 3006}
I/ActivityManager( 1593): Resuming delayed broadcast
I/ActivityManager( 1593): Delay finish: com.android.email/.service.EmailUpgradeBroadcastReceiver
I/ActivityManager( 1593): Resuming delayed broadcast
I/ActivityManager( 1593): Delay finish: com.android.email/.service.EmailBroadcastReceiver
I/ActivityManager( 1593): Delaying start of: ServiceRecord{9d5fabb8 u0 com.android.exchange/.service.EmailSyncAdapterService}
I/ActivityManager( 1593): Resuming delayed broadcast
W/BroadcastQueue( 1593): Permission Denial: broadcasting Intent { act=android.appwidget.action.APPWIDGET_UPDATE_OPTIONS flg=0x10 cmp=com.android.settings/.widget.SettingsAppWidgetProvider (has extras) } from android (pid=1943, uid=10009) is not exported from uid 1000 due to receiver com.android.settings/.widget.SettingsAppWidgetProvider
I/ActivityManager( 1593): Delay finish: com.google.android.googlequicksearchbox/com.google.android.searchcommon.summons.icing.InternalIcingCorporaProvider$CorporaChangedReceiver
I/ActivityManager( 1593): Resuming delayed broadcast
I/ActivityManager( 1593): Delay finish: com.google.android.calendar/com.android.calendar.alerts.AlertReceiver
I/ActivityManager( 1593): Resuming delayed broadcast
I/ActivityManager( 1593): Delay finish: com.android.mms/.transaction.SmsReceiver
I/ActivityManager( 1593): Resuming delayed broadcast
I/PackageManager( 1593): Adding preferred activity ComponentInfo{com.android.mms/com.android.mms.ui.ComposeMessageActivity} for user 0 :
I/PackageManager( 1593): Adding preferred activity ComponentInfo{com.android.mms/com.android.mms.ui.ComposeMessageActivity} for user 0 :
I/PackageManager( 1593): Adding preferred activity ComponentInfo{com.android.mms/com.android.mms.ui.ComposeMessageActivity} for user 0 :
I/PackageManager( 1593): Adding preferred activity ComponentInfo{com.android.mms/com.android.mms.ui.ComposeMessageActivity} for user 0 :
I/PackageManager( 1593): Adding preferred activity ComponentInfo{com.android.mms/com.android.mms.ui.ComposeMessageActivity} for user 0 :
I/PackageManager( 1593): Adding preferred activity ComponentInfo{com.android.mms/com.android.mms.ui.ComposeMessageActivity} for user 0 :
I/PackageManager( 1593): Adding preferred activity ComponentInfo{com.android.mms/com.android.mms.ui.ComposeMessageActivity} for user 0 :
I/PackageManager( 1593): Adding preferred activity ComponentInfo{com.android.mms/com.android.mms.ui.ComposeMessageActivity} for user 0 :
I/PackageManager( 1593): Adding preferred activity ComponentInfo{com.android.mms/com.android.mms.ui.ComposeMessageActivity} for user 0 :
I/PackageManager( 1593): Adding preferred activity ComponentInfo{com.android.mms/com.android.mms.ui.ComposeMessageActivity} for user 0 :
I/PackageManager( 1593): Adding preferred activity ComponentInfo{com.android.mms/com.android.mms.ui.ComposeMessageActivity} for user 0 :
I/PackageManager( 1593): Adding preferred activity ComponentInfo{com.android.mms/com.android.mms.ui.ComposeMessageActivity} for user 0 :
I/PackageManager( 1593): Adding preferred activity ComponentInfo{com.android.mms/com.android.mms.ui.ComposeMessageActivity} for user 0 :
I/PackageManager( 1593): Adding preferred activity ComponentInfo{com.android.mms/com.android.mms.ui.ComposeMessageActivity} for user 0 :
I/PackageManager( 1593): Adding preferred activity ComponentInfo{com.android.mms/com.android.mms.ui.ComposeMessageActivity} for user 0 :
I/PackageManager( 1593): Adding preferred activity ComponentInfo{com.android.mms/com.android.mms.ui.ComposeMessageActivity} for user 0 :
I/PackageManager( 1593): Adding preferred activity ComponentInfo{com.android.mms/com.android.mms.ui.ComposeMessageActivity} for user 0 :
I/PackageManager( 1593): Adding preferred activity ComponentInfo{com.android.mms/com.android.mms.ui.ComposeMessageActivity} for user 0 :
I/PackageManager( 1593): Adding preferred activity ComponentInfo{com.android.mms/com.android.mms.ui.ComposeMessageActivity} for user 0 :
I/PackageManager( 1593): Adding preferred activity ComponentInfo{com.android.mms/com.android.mms.ui.ComposeMessageActivity} for user 0 :
I/PackageManager( 1593): Adding preferred activity ComponentInfo{com.android.mms/com.android.mms.ui.ComposeMessageActivity} for user 0 :
I/PackageManager( 1593): Adding preferred activity ComponentInfo{com.android.mms/com.android.mms.ui.ComposeMessageActivity} for user 0 :
I/PackageManager( 1593): Adding preferred activity ComponentInfo{com.android.mms/com.android.mms.ui.ComposeMessageActivity} for user 0 :
I/PackageManager( 1593): Adding preferred activity ComponentInfo{com.android.mms/com.android.mms.ui.ComposeMessageActivity} for user 0 :
I/ActivityManager( 1593): Delay finish: com.android.providers.calendar/.CalendarProviderBroadcastReceiver
I/PackageManager( 1593): Adding preferred activity ComponentInfo{com.android.mms/com.android.mms.ui.ComposeMessageActivity} for user 0 :
I/PackageManager( 1593): Adding preferred activity ComponentInfo{com.android.mms/com.android.mms.ui.ComposeMessageActivity} for user 0 :
I/ActivityManager( 1593): Resuming delayed broadcast
I/PackageManager( 1593): Adding preferred activity ComponentInfo{com.android.mms/com.android.mms.ui.ComposeMessageActivity} for user 0 :
I/PackageManager( 1593): Adding preferred activity ComponentInfo{com.android.mms/com.android.mms.ui.ComposeMessageActivity} for user 0 :
I/PackageManager( 1593): Adding preferred activity ComponentInfo{com.android.mms/com.android.mms.ui.ComposeMessageActivity} for user 0 :
I/PackageManager( 1593): Adding preferred activity ComponentInfo{com.android.mms/com.android.mms.ui.ComposeMessageActivity} for user 0 :
I/PackageManager( 1593): Adding preferred activity ComponentInfo{com.android.mms/com.android.mms.ui.ComposeMessageActivity} for user 0 :
I/PackageManager( 1593): Adding preferred activity ComponentInfo{com.android.mms/com.android.mms.ui.ComposeMessageActivity} for user 0 :
D/ConnectivityService( 1593): handleInetConditionHoldEnd: net=0, condition=0, published condition=0
I/ActivityManager( 1593): Delay finish: com.google.android.googlequicksearchbox/com.google.android.searchcommon.summons.icing.InternalIcingCorporaProvider$CorporaChangedReceiver
I/ActivityManager( 1593): Resuming delayed broadcast
I/ActivityManager( 1593): Delay finish: com.google.android.googlequicksearchbox/com.google.android.searchcommon.summons.icing.InternalIcingCorporaProvider$CorporaChangedReceiver
I/ActivityManager( 1593): Resuming delayed broadcast
I/ActivityManager( 1593): Delay finish: com.google.android.googlequicksearchbox/com.google.android.searchcommon.summons.icing.InternalIcingCorporaProvider$CorporaChangedReceiver
I/ActivityManager( 1593): Resuming delayed broadcast
I/ActivityManager( 1593): Delay finish: com.google.android.googlequicksearchbox/com.google.android.searchcommon.summons.icing.InternalIcingCorporaProvider$CorporaChangedReceiver
I/ActivityManager( 1593): Resuming delayed broadcast
I/ActivityManager( 1593): Start proc com.google.android.play.games.ui for broadcast com.google.android.play.games/com.google.android.gms.games.config.PhenotypeBroadcastReceiver: pid=2766 uid=10043 gids={50043, 3003}
I/ActivityManager( 1593): Waited long enough for: ServiceRecord{9d813550 u0 com.google.android.calendar/com.android.calendar.alerts.InitAlarmsService}
W/ActivityThread( 1871): ClassLoader.loadClass: The class loader returned by Thread.getContextClassLoader() may fail for processes that host multiple applications. You should explicitly specify a context class loader. For example: Thread.setContextClassLoader(getClass().getClassLoader());
I/CertBlacklister( 1593): Certificate blacklist changed, updating...
I/CertBlacklister( 1593): Certificate blacklist updated
I/CertBlacklister( 1593): Certificate blacklist changed, updating...
I/CertBlacklister( 1593): Certificate blacklist updated
W/ActivityManager( 1593): Unable to start service Intent { cmp=com.google.android.gms/.analytics.service.RefreshEnabledStateService } U=0: not found
I/PackageManager( 1593): Adding preferred activity ComponentInfo{com.android.mms/com.android.mms.ui.ComposeMessageActivity} for user 0 :
I/PackageManager( 1593): Adding preferred activity ComponentInfo{com.android.mms/com.android.mms.ui.ComposeMessageActivity} for user 0 :
I/PackageManager( 1593): Adding preferred activity ComponentInfo{com.android.mms/com.android.mms.ui.ComposeMessageActivity} for user 0 :
I/PackageManager( 1593): Adding preferred activity ComponentInfo{com.android.mms/com.android.mms.ui.ComposeMessageActivity} for user 0 :
I/PackageManager( 1593): Adding preferred activity ComponentInfo{com.android.mms/com.android.mms.ui.ComposeMessageActivity} for user 0 :
I/PackageManager( 1593): Adding preferred activity ComponentInfo{com.android.mms/com.android.mms.ui.ComposeMessageActivity} for user 0 :
I/PackageManager( 1593): Adding preferred activity ComponentInfo{com.android.mms/com.android.mms.ui.ComposeMessageActivity} for user 0 :
I/PackageManager( 1593): Adding preferred activity ComponentInfo{com.android.mms/com.android.mms.ui.ComposeMessageActivity} for user 0 :
I/PackageManager( 1593): Adding preferred activity ComponentInfo{com.android.mms/com.android.mms.ui.ComposeMessageActivity} for user 0 :
I/PackageManager( 1593): Adding preferred activity ComponentInfo{com.android.mms/com.android.mms.ui.ComposeMessageActivity} for user 0 :
I/PackageManager( 1593): Adding preferred activity ComponentInfo{com.android.mms/com.android.mms.ui.ComposeMessageActivity} for user 0 :
I/PackageManager( 1593): Adding preferred activity ComponentInfo{com.android.mms/com.android.mms.ui.ComposeMessageActivity} for user 0 :
I/PackageManager( 1593): Adding preferred activity ComponentInfo{com.android.mms/com.android.mms.ui.ComposeMessageActivity} for user 0 :
I/PackageManager( 1593): Adding preferred activity ComponentInfo{com.android.mms/com.android.mms.ui.ComposeMessageActivity} for user 0 :
I/PackageManager( 1593): Adding preferred activity ComponentInfo{com.android.mms/com.android.mms.ui.ComposeMessageActivity} for user 0 :
I/PackageManager( 1593): Adding preferred activity ComponentInfo{com.android.mms/com.android.mms.ui.ComposeMessageActivity} for user 0 :
D/ConnectivityService( 1593): Sampling interval elapsed, updating statistics ..
D/ConnectivityService( 1593): Done.
D/ConnectivityService( 1593): Setting timer for 720seconds
D/ConnectivityService( 1593): handleInetConditionHoldEnd: net=0, condition=100, published condition=0
I/CertBlacklister( 1593): Certificate blacklist changed, updating...
I/CertBlacklister( 1593): Certificate blacklist updated
W/ActivityManager( 1593): Unable to start service Intent { cmp=com.google.android.gms/.analytics.service.RefreshEnabledStateService } U=0: not found
I/PackageManager( 1593): Adding preferred activity ComponentInfo{com.android.mms/com.android.mms.ui.ComposeMessageActivity} for user 0 :
I/PackageManager( 1593): Adding preferred activity ComponentInfo{com.android.mms/com.android.mms.ui.ComposeMessageActivity} for user 0 :
I/PackageManager( 1593): Adding preferred activity ComponentInfo{com.android.mms/com.android.mms.ui.ComposeMessageActivity} for user 0 :
I/PackageManager( 1593): Adding preferred activity ComponentInfo{com.android.mms/com.android.mms.ui.ComposeMessageActivity} for user 0 :
I/PackageManager( 1593): Adding preferred activity ComponentInfo{com.android.mms/com.android.mms.ui.ComposeMessageActivity} for user 0 :
I/PackageManager( 1593): Adding preferred activity ComponentInfo{com.android.mms/com.android.mms.ui.ComposeMessageActivity} for user 0 :
I/PackageManager( 1593): Adding preferred activity ComponentInfo{com.android.mms/com.android.mms.ui.ComposeMessageActivity} for user 0 :
I/PackageManager( 1593): Adding preferred activity ComponentInfo{com.android.mms/com.android.mms.ui.ComposeMessageActivity} for user 0 :
I/ActivityManager( 1593): START u0 {act=android.intent.action.MAIN cat=[android.intent.category.LAUNCHER] flg=0x10200000 cmp=com.android.providers.downloads.ui/.DownloadList} from pid 1943
I/ActivityManager( 1593): START u0 {act=android.provider.action.MANAGE_ROOT dat=content://com.android.providers.downloads.documents/root/downloads cmp=com.android.documentsui/.DocumentsActivity} from pid 1871
I/ActivityManager( 1593): Start proc com.android.documentsui for activity com.android.documentsui/.DocumentsActivity: pid=2947 uid=10025 gids={50025}
W/ActivityManager( 1593): Unable to start service Intent { act=com.google.android.finsky.BIND_PLAY_MODULE_SERVICE pkg=com.android.vending } U=0: not found
W/ActivityManager( 1593): Unbind failed: could not find connection for android.os.BinderProxy@9d549578
I/ActivityManager( 1593): Killing 1841:com.android.printspooler/u0a44 (adj 15): empty #17
W/InputMethodManagerService( 1593): Window already focused, ignoring focus gain of: com.android.internal.view.IInputMethodClient$Stub$Proxy@9d8ab450 attribute=null, token = android.os.BinderProxy@9d4ad720
I/ActivityManager( 1593): Killing 2482:com.android.dialer/u0a4 (adj 15): empty #17
I/ActivityManager( 1593): Killing 2160:com.android.music/u0a36 (adj 15): empty #18
W/ActivityManager( 1593): Unable to start service Intent { act=com.google.android.gms.drive.ApiService.RESET_AFTER_BOOT flg=0x4 cmp=com.google.android.gms/.drive.api.ApiService (has extras) } U=0: not found
I/ActivityManager( 1593): Killing 2019:com.android.email/u0a26 (adj 15): empty #17
D/ConnectivityService( 1593): Sampling interval elapsed, updating statistics ..
D/ConnectivityService( 1593): Done.
D/ConnectivityService( 1593): Setting timer for 720seconds
D/ConnectivityService( 1593): handleInetConditionHoldEnd: net=0, condition=0, published condition=100
V/BackupManagerService( 1593): Running a backup pass
V/BackupManagerService( 1593): clearing pending backups
V/PerformBackupTask( 1593): Beginning backup of 9 targets
I/PerformBackupTask( 1593): Initializing (wiping) backup state and transport storage
D/BackupManagerService( 1593): Now staging backup of android
D/BackupManagerService( 1593): Now staging backup of com.android.providers.settings
D/BackupManagerService( 1593): Now staging backup of com.android.providers.userdictionary
D/BackupManagerService( 1593): Now staging backup of com.android.dialer
D/BackupManagerService( 1593): Now staging backup of com.android.sharedstoragebackup
D/BackupManagerService( 1593): Now staging backup of com.android.browser
D/BackupManagerService( 1593): Now staging backup of com.google.android.calendar
D/BackupManagerService( 1593): Now staging backup of com.google.android.inputmethod.latin
D/BackupManagerService( 1593): Now staging backup of com.google.android.play.games
D/PerformBackupTask( 1593): invokeAgentForBackup on @pm@
I/PMBA    ( 1593): Previous metadata null mismatch vs 5056517 - rewriting
D/PerformBackupTask( 1593): starting agent for backup of BackupRequest{pkg=com.android.browser}
I/ActivityManager( 1593): Start proc com.android.browser for backup com.android.browser/.BrowserBackupAgent: pid=3083 uid=10016 gids={50016, 3003, 1028, 1015}
D/BackupManagerService( 1593): awaiting agent for ApplicationInfo{9d4abfd0 com.android.browser}
D/BackupManagerService( 1593): agentConnected pkg=com.android.browser agent=android.os.BinderProxy@9d072a18
I/BackupManagerService( 1593): got agent android.app.IBackupAgent$Stub$Proxy@9dd12a40
D/PerformBackupTask( 1593): invokeAgentForBackup on com.android.browser
I/PerformBackupTask( 1593): no backup data written; not calling transport
D/PerformBackupTask( 1593): starting agent for backup of BackupRequest{pkg=com.google.android.calendar}
D/BackupManagerService( 1593): awaiting agent for ApplicationInfo{9d38f5c8 com.google.android.calendar}
D/BackupManagerService( 1593): agentConnected pkg=com.google.android.calendar agent=android.os.BinderProxy@9db63e38
I/BackupManagerService( 1593): got agent android.app.IBackupAgent$Stub$Proxy@9dd67b88
D/PerformBackupTask( 1593): invokeAgentForBackup on com.google.android.calendar
D/PerformBackupTask( 1593): starting agent for backup of BackupRequest{pkg=android}
D/BackupManagerService( 1593): awaiting agent for ApplicationInfo{9d091638 android}
D/BackupManagerService( 1593): agentConnected pkg=android agent=android.app.backup.BackupAgent$BackupServiceBinder@9d89db08
I/BackupManagerService( 1593): got agent android.app.backup.BackupAgent$BackupServiceBinder@9d89db08
D/PerformBackupTask( 1593): invokeAgentForBackup on android
D/PerformBackupTask( 1593): starting agent for backup of BackupRequest{pkg=com.google.android.play.games}
I/ActivityManager( 1593): Start proc com.google.android.play.games for backup com.google.android.play.games/com.google.android.gms.games.ui.util.PlayGamesUiBackupAgent: pid=3105 uid=10043 gids={50043, 3003}
D/BackupManagerService( 1593): awaiting agent for ApplicationInfo{9d9a09e0 com.google.android.play.games}
D/BackupManagerService( 1593): agentConnected pkg=com.google.android.play.games agent=android.os.BinderProxy@9d20be78
I/BackupManagerService( 1593): got agent android.app.IBackupAgent$Stub$Proxy@9d8732e0
D/PerformBackupTask( 1593): invokeAgentForBackup on com.google.android.play.games
D/PerformBackupTask( 1593): starting agent for backup of BackupRequest{pkg=com.android.dialer}
I/ActivityManager( 1593): Start proc com.android.dialer for backup com.android.dialer/.DialerBackupAgent: pid=3126 uid=10004 gids={50004, 3003, 1028, 1015}
D/BackupManagerService( 1593): awaiting agent for ApplicationInfo{9d90fce0 com.android.dialer}
I/ActivityManager( 1593): Killing 2001:com.android.exchange/u0a27 (adj 15): empty #17
D/BackupManagerService( 1593): agentConnected pkg=com.android.dialer agent=android.os.BinderProxy@9d2a80d0
I/BackupManagerService( 1593): got agent android.app.IBackupAgent$Stub$Proxy@9d234c20
D/PerformBackupTask( 1593): invokeAgentForBackup on com.android.dialer
I/PerformBackupTask( 1593): no backup data written; not calling transport
I/ActivityManager( 1593): Killing 1828:com.android.settings/1000 (adj 15): empty #17
D/PerformBackupTask( 1593): starting agent for backup of BackupRequest{pkg=com.android.providers.userdictionary}
D/BackupManagerService( 1593): awaiting agent for ApplicationInfo{9d9aab40 com.android.providers.userdictionary}
D/BackupManagerService( 1593): agentConnected pkg=com.android.providers.userdictionary agent=android.os.BinderProxy@9d2a7348
I/BackupManagerService( 1593): got agent android.app.IBackupAgent$Stub$Proxy@9d28f358
D/PerformBackupTask( 1593): invokeAgentForBackup on com.android.providers.userdictionary
I/PerformBackupTask( 1593): no backup data written; not calling transport
D/PerformBackupTask( 1593): starting agent for backup of BackupRequest{pkg=com.android.sharedstoragebackup}
I/ActivityManager( 1593): Start proc com.android.sharedstoragebackup for backup com.android.sharedstoragebackup/.SharedStorageAgent: pid=3141 uid=10012 gids={50012, 1028, 1015, 1023}
D/BackupManagerService( 1593): awaiting agent for ApplicationInfo{9db8b360 com.android.sharedstoragebackup}
D/BackupManagerService( 1593): agentConnected pkg=com.android.sharedstoragebackup agent=android.os.BinderProxy@9d316d28
I/BackupManagerService( 1593): got agent android.app.IBackupAgent$Stub$Proxy@9d2f3940
D/PerformBackupTask( 1593): invokeAgentForBackup on com.android.sharedstoragebackup
I/PerformBackupTask( 1593): no backup data written; not calling transport
D/PerformBackupTask( 1593): starting agent for backup of BackupRequest{pkg=com.android.providers.settings}
D/BackupManagerService( 1593): awaiting agent for ApplicationInfo{9db6b880 com.android.providers.settings}
D/BackupManagerService( 1593): agentConnected pkg=com.android.providers.settings agent=android.app.backup.BackupAgent$BackupServiceBinder@9d74f3f8
I/BackupManagerService( 1593): got agent android.app.backup.BackupAgent$BackupServiceBinder@9d74f3f8
D/PerformBackupTask( 1593): invokeAgentForBackup on com.android.providers.settings
D/PerformBackupTask( 1593): starting agent for backup of BackupRequest{pkg=com.google.android.inputmethod.latin}
D/BackupManagerService( 1593): awaiting agent for ApplicationInfo{9d9c2308 com.google.android.inputmethod.latin}
D/BackupManagerService( 1593): agentConnected pkg=com.google.android.inputmethod.latin agent=android.os.BinderProxy@9d1c9ac0
I/BackupManagerService( 1593): got agent android.app.IBackupAgent$Stub$Proxy@9d9af048
D/PerformBackupTask( 1593): invokeAgentForBackup on com.google.android.inputmethod.latin
I/PerformBackupTask( 1593): no backup data written; not calling transport
I/PerformBackupTask( 1593): Backup pass finished.
I/ActivityManager( 1593): Killing 2520:com.android.mms/u0a10 (adj 15): empty #17
D/CountryDetector( 1593): No listener is left
I/ActivityManager( 1593): Killing 2766:com.google.android.play.games.ui/u0a43 (adj 15): empty #17
D/ConnectivityService( 1593): handleInetConditionHoldEnd: net=0, condition=100, published condition=0
I/NotificationService( 1593): cancelToast pkg=com.android.launcher callback=android.app.ITransientNotification$Stub$Proxy@9d284d10
W/NotificationService( 1593): Toast already cancelled. pkg=com.android.launcher callback=android.app.ITransientNotification$Stub$Proxy@9d284d10
I/NotificationService( 1593): cancelToast pkg=com.android.launcher callback=android.app.ITransientNotification$Stub$Proxy@9d2a7e78
I/ActivityManager( 1593): START u0 {act=android.intent.action.CREATE_SHORTCUT cmp=com.example.android.apis/.app.CreateShortcuts} from pid 1943
I/ActivityManager( 1593): Start proc com.example.android.apis for activity com.example.android.apis/.app.CreateShortcuts: pid=3177 uid=10050 gids={50050, 3003, 1028, 1015}
W/InputMethodManagerService( 1593): Window already focused, ignoring focus gain of: com.android.internal.view.IInputMethodClient$Stub$Proxy@9d073000 attribute=android.view.inputmethod.EditorInfo@9d22df00, token = android.os.BinderProxy@9d2f1fc0
I/ActivityManager( 1593): Killing 2606:com.google.android.gms.ui/u0a7 (adj 15): empty #17
I/ActivityManager( 1593): START u0 {act=com.android.systemui.recent.action.TOGGLE_RECENTS flg=0x10800000 cmp=com.android.systemui/.recent.RecentsActivity} from pid 1671
I/ActivityManager( 1593): Killing 1871:android.process.media/u0a5 (adj 15): remove task
I/ActivityManager( 1593): Start proc com.android.defcontainer for service com.android.defcontainer/.DefaultContainerService: pid=3215 uid=10003 gids={50003, 1028, 1015, 1023, 2001, 1035}
W/ActivityManager( 1593): No content provider found for permission revoke: file:///data/local/tmp/edu.washington.alkwan.hello
W/ActivityManager( 1593): No content provider found for permission revoke: file:///data/local/tmp/edu.washington.alkwan.hello
I/PackageManager( 1593): Copying native libraries to /data/app-lib/vmdl1466025257
I/ActivityManager( 1593): Force stopping edu.washington.alkwan.hello appid=10057 user=-1: update pkg
I/PackageManager( 1593): Adding preferred activity ComponentInfo{com.android.mms/com.android.mms.ui.ComposeMessageActivity} for user 0 :
I/PackageManager( 1593): Adding preferred activity ComponentInfo{com.android.mms/com.android.mms.ui.ComposeMessageActivity} for user 0 :
D/BackupManagerService( 1593): Received broadcast Intent { act=android.intent.action.PACKAGE_ADDED dat=package:edu.washington.alkwan.hello flg=0x4000010 (has extras) }
V/BackupManagerService( 1593): addPackageParticipantsLocked: #1
I/PackageManager( 1593): Adding preferred activity ComponentInfo{com.android.mms/com.android.mms.ui.ComposeMessageActivity} for user 0 :
I/ActivityManager( 1593): Delay finish: com.google.android.googlequicksearchbox/com.google.android.searchcommon.summons.icing.InternalIcingCorporaProvider$CorporaChangedReceiver
I/PackageManager( 1593): Adding preferred activity ComponentInfo{com.android.mms/com.android.mms.ui.ComposeMessageActivity} for user 0 :
I/PackageManager( 1593): Adding preferred activity ComponentInfo{com.android.mms/com.android.mms.ui.ComposeMessageActivity} for user 0 :
I/PackageManager( 1593): Adding preferred activity ComponentInfo{com.android.mms/com.android.mms.ui.ComposeMessageActivity} for user 0 :
I/PackageManager( 1593): Adding preferred activity ComponentInfo{com.android.mms/com.android.mms.ui.ComposeMessageActivity} for user 0 :
I/PackageManager( 1593): Adding preferred activity ComponentInfo{com.android.mms/com.android.mms.ui.ComposeMessageActivity} for user 0 :
I/ActivityManager( 1593): Resuming delayed broadcast
I/ActivityManager( 1593): Delay finish: com.google.android.googlequicksearchbox/com.google.android.gel.GelStubAppWatcher
I/ActivityManager( 1593): Resuming delayed broadcast
I/ActivityManager( 1593): Start proc com.svox.pico for broadcast com.svox.pico/.VoiceDataInstallerReceiver: pid=3261 uid=10041 gids={50041, 1028, 1015}
I/ActivityManager( 1593): START u0 {act=android.intent.action.MAIN cat=[android.intent.category.LAUNCHER] flg=0x10000000 cmp=edu.washington.alkwan.hello/.MainActivity} from pid 3251
I/ActivityManager( 1593): Start proc edu.washington.alkwan.hello for activity edu.washington.alkwan.hello/.MainActivity: pid=3279 uid=10057 gids={50057}
I/ActivityManager( 1593): Delay finish: com.google.android.gms/.chimera.GmsIntentOperationService$PersistentInternalReceiver
I/ActivityManager( 1593): Resuming delayed broadcast
I/ActivityManager( 1593): Killing 1976:com.android.externalstorage/u0a6 (adj 15): empty #17
W/ActivityManager( 1593): No content provider found for permission revoke: file:///data/local/tmp/edu.washington.alkwan.hello
W/ActivityManager( 1593): No content provider found for permission revoke: file:///data/local/tmp/edu.washington.alkwan.hello
I/PackageManager( 1593): Copying native libraries to /data/app-lib/vmdl44416838
I/ActivityManager( 1593): Force stopping edu.washington.alkwan.hello appid=10057 user=-1: uninstall pkg
I/ActivityManager( 1593): Killing 3279:edu.washington.alkwan.hello/u0a57 (adj 0): stop edu.washington.alkwan.hello
W/ActivityManager( 1593): Force removing ActivityRecord{9d1aaab8 u0 edu.washington.alkwan.hello/.MainActivity t6}: app died, no saved state
I/WindowState( 1593): WIN DEATH: Window{9d1e6e10 u0 edu.washington.alkwan.hello/edu.washington.alkwan.hello.MainActivity}
I/PackageManager( 1593): Package edu.washington.alkwan.hello codePath changed from /data/app/edu.washington.alkwan.hello-1.apk to /data/app/edu.washington.alkwan.hello-2.apk; Retaining data and using new
W/InputMethodManagerService( 1593): Got RemoteException sending setActive(false) notification to pid 3279 uid 10057
