I/dalvikvm( 5492): Could not find method android.view.View.setImportantForAutofill, referenced from method android.support.v4.view.ViewCompat.setImportantForAutofill
W/dalvikvm( 5492): VFY: unable to resolve virtual method 14095: Landroid/view/View;.setImportantForAutofill (I)V
D/dalvikvm( 5492): VFY: replacing opcode 0x6e at 0x0006
I/dalvikvm( 5492): Could not find method android.view.View.setKeyboardNavigationCluster, referenced from method android.support.v4.view.ViewCompat.setKeyboardNavigationCluster
W/dalvikvm( 5492): VFY: unable to resolve virtual method 14096: Landroid/view/View;.setKeyboardNavigationCluster (Z)V
D/dalvikvm( 5492): VFY: replacing opcode 0x6e at 0x0006
I/dalvikvm( 5492): Could not find method android.view.View.setNestedScrollingEnabled, referenced from method android.support.v4.view.ViewCompat.setNestedScrollingEnabled
W/dalvikvm( 5492): VFY: unable to resolve virtual method 14105: Landroid/view/View;.setNestedScrollingEnabled (Z)V
D/dalvikvm( 5492): VFY: replacing opcode 0x6e at 0x0006
I/dalvikvm( 5492): Could not find method android.view.View.setNextClusterForwardId, referenced from method android.support.v4.view.ViewCompat.setNextClusterForwardId
W/dalvikvm( 5492): VFY: unable to resolve virtual method 14106: Landroid/view/View;.setNextClusterForwardId (I)V
D/dalvikvm( 5492): VFY: replacing opcode 0x6e at 0x0006
I/dalvikvm( 5492): Could not find method android.view.View.setOnApplyWindowInsetsListener, referenced from method android.support.v4.view.ViewCompat.setOnApplyWindowInsetsListener
W/dalvikvm( 5492): VFY: unable to resolve virtual method 14107: Landroid/view/View;.setOnApplyWindowInsetsListener (Landroid/view/View$OnApplyWindowInsetsListener;)V
D/dalvikvm( 5492): VFY: replacing opcode 0x6e at 0x0009
I/dalvikvm( 5492): Failed resolving Landroid/support/v4/view/ViewCompat$1; interface 1746 'Landroid/view/View$OnApplyWindowInsetsListener;'
W/dalvikvm( 5492): Link of class 'Landroid/support/v4/view/ViewCompat$1;' failed
E/dalvikvm( 5492): Could not find class 'android.support.v4.view.ViewCompat$1', referenced from method android.support.v4.view.ViewCompat.setOnApplyWindowInsetsListener
W/dalvikvm( 5492): VFY: unable to resolve new-instance 1116 (Landroid/support/v4/view/ViewCompat$1;) in Landroid/support/v4/view/ViewCompat;
D/dalvikvm( 5492): VFY: replacing opcode 0x22 at 0x000d
I/dalvikvm( 5492): Could not find method android.view.View.setPointerIcon, referenced from method android.support.v4.view.ViewCompat.setPointerIcon
W/dalvikvm( 5492): VFY: unable to resolve virtual method 14118: Landroid/view/View;.setPointerIcon (Landroid/view/PointerIcon;)V
D/dalvikvm( 5492): VFY: replacing opcode 0x6e at 0x0012
I/dalvikvm( 5492): Could not find method android.view.View.setScrollIndicators, referenced from method android.support.v4.view.ViewCompat.setScrollIndicators
W/dalvikvm( 5492): VFY: unable to resolve virtual method 14126: Landroid/view/View;.setScrollIndicators (I)V
D/dalvikvm( 5492): VFY: replacing opcode 0x6e at 0x0006
I/dalvikvm( 5492): Could not find method android.view.View.setScrollIndicators, referenced from method android.support.v4.view.ViewCompat.setScrollIndicators
W/dalvikvm( 5492): VFY: unable to resolve virtual method 14127: Landroid/view/View;.setScrollIndicators (II)V
D/dalvikvm( 5492): VFY: replacing opcode 0x6e at 0x0006
I/dalvikvm( 5492): Could not find method android.view.View.setTooltipText, referenced from method android.support.v4.view.ViewCompat.setTooltipText
W/dalvikvm( 5492): VFY: unable to resolve virtual method 14131: Landroid/view/View;.setTooltipText (Ljava/lang/CharSequence;)V
D/dalvikvm( 5492): VFY: replacing opcode 0x6e at 0x0006
I/dalvikvm( 5492): Could not find method android.view.View.setTransitionName, referenced from method android.support.v4.view.ViewCompat.setTransitionName
W/dalvikvm( 5492): VFY: unable to resolve virtual method 14132: Landroid/view/View;.setTransitionName (Ljava/lang/String;)V
D/dalvikvm( 5492): VFY: replacing opcode 0x6e at 0x0006
I/dalvikvm( 5492): Could not find method android.view.View.setTranslationZ, referenced from method android.support.v4.view.ViewCompat.setTranslationZ
W/dalvikvm( 5492): VFY: unable to resolve virtual method 14135: Landroid/view/View;.setTranslationZ (F)V
D/dalvikvm( 5492): VFY: replacing opcode 0x6e at 0x0006
I/dalvikvm( 5492): Could not find method android.view.View.setZ, referenced from method android.support.v4.view.ViewCompat.setZ
W/dalvikvm( 5492): VFY: unable to resolve virtual method 14139: Landroid/view/View;.setZ (F)V
D/dalvikvm( 5492): VFY: replacing opcode 0x6e at 0x0006
I/dalvikvm( 5492): Could not find method android.view.View.startDragAndDrop, referenced from method android.support.v4.view.ViewCompat.startDragAndDrop
W/dalvikvm( 5492): VFY: unable to resolve virtual method 14142: Landroid/view/View;.startDragAndDrop (Landroid/content/ClipData;Landroid/view/View$DragShadowBuilder;Ljava/lang/Object;I)Z
D/dalvikvm( 5492): VFY: replacing opcode 0x6e at 0x0006
I/dalvikvm( 5492): Could not find method android.view.View.startNestedScroll, referenced from method android.support.v4.view.ViewCompat.startNestedScroll
W/dalvikvm( 5492): VFY: unable to resolve virtual method 14143: Landroid/view/View;.startNestedScroll (I)Z
D/dalvikvm( 5492): VFY: replacing opcode 0x6e at 0x0006
I/dalvikvm( 5492): Could not find method android.view.View.stopNestedScroll, referenced from method android.support.v4.view.ViewCompat.stopNestedScroll
W/dalvikvm( 5492): VFY: unable to resolve virtual method 14144: Landroid/view/View;.stopNestedScroll ()V
D/dalvikvm( 5492): VFY: replacing opcode 0x6e at 0x0006
I/dalvikvm( 5492): Could not find method android.view.View.updateDragShadow, referenced from method android.support.v4.view.ViewCompat.updateDragShadow
W/dalvikvm( 5492): VFY: unable to resolve virtual method 14145: Landroid/view/View;.updateDragShadow (Landroid/view/View$DragShadowBuilder;)V
D/dalvikvm( 5492): VFY: replacing opcode 0x6e at 0x0006
I/dalvikvm( 5492): Failed resolving Landroid/support/v4/view/ViewCompat$OnUnhandledKeyEventListenerWrapper; interface 1756 'Landroid/view/View$OnUnhandledKeyEventListener;'
W/dalvikvm( 5492): Link of class 'Landroid/support/v4/view/ViewCompat$OnUnhandledKeyEventListenerWrapper;' failed
D/dalvikvm( 5492): DexOpt: unable to opt direct call 0x1bc3 at 0x1d in Landroid/support/v4/view/ViewCompat;.addOnUnhandledKeyEventListener
D/dalvikvm( 5492): DexOpt: unable to opt direct call 0x3814 at 0x14 in Landroid/support/v4/view/ViewCompat;.dispatchApplyWindowInsets
D/dalvikvm( 5492): DexOpt: unable to opt direct call 0x3814 at 0x14 in Landroid/support/v4/view/ViewCompat;.onApplyWindowInsets
I/dalvikvm( 5492): Failed resolving Landroid/support/v4/view/ViewCompat$1; interface 1746 'Landroid/view/View$OnApplyWindowInsetsListener;'
W/dalvikvm( 5492): Link of class 'Landroid/support/v4/view/ViewCompat$1;' failed
D/dalvikvm( 5492): DexOpt: unable to opt direct call 0x1bc0 at 0x0f in Landroid/support/v4/view/ViewCompat;.setOnApplyWindowInsetsListener
I/dalvikvm( 5492): Could not find method android.content.Context.getColorStateList, referenced from method android.support.v7.content.res.AppCompatResources.getColorStateList
W/dalvikvm( 5492): VFY: unable to resolve virtual method 672: Landroid/content/Context;.getColorStateList (I)Landroid/content/res/ColorStateList;
D/dalvikvm( 5492): VFY: replacing opcode 0x6e at 0x0006
D/dalvikvm( 5492): GC_CONCURRENT freed 264K, 10% free 3122K/3464K, paused 2ms+1ms, total 7ms
I/dalvikvm( 5492): Could not find method android.content.res.Resources.getDrawable, referenced from method android.support.v7.widget.ResourcesWrapper.getDrawable
W/dalvikvm( 5492): VFY: unable to resolve virtual method 855: Landroid/content/res/Resources;.getDrawable (ILandroid/content/res/Resources$Theme;)Landroid/graphics/drawable/Drawable;
D/dalvikvm( 5492): VFY: replacing opcode 0x6e at 0x0002
I/dalvikvm( 5492): Could not find method android.content.res.Resources.getDrawableForDensity, referenced from method android.support.v7.widget.ResourcesWrapper.getDrawableForDensity
W/dalvikvm( 5492): VFY: unable to resolve virtual method 857: Landroid/content/res/Resources;.getDrawableForDensity (IILandroid/content/res/Resources$Theme;)Landroid/graphics/drawable/Drawable;
D/dalvikvm( 5492): VFY: replacing opcode 0x6e at 0x0002
E/dalvikvm( 5492): Could not find class 'android.graphics.drawable.RippleDrawable', referenced from method android.support.v7.widget.AppCompatImageHelper.hasOverlappingRendering
W/dalvikvm( 5492): VFY: unable to resolve instanceof 259 (Landroid/graphics/drawable/RippleDrawable;) in Landroid/support/v7/widget/AppCompatImageHelper;
D/dalvikvm( 5492): VFY: replacing opcode 0x20 at 0x000c
I/dalvikvm( 5492): Could not find method android.widget.TextView.getAutoSizeMaxTextSize, referenced from method android.support.v7.widget.AppCompatTextView.getAutoSizeMaxTextSize
W/dalvikvm( 5492): VFY: unable to resolve virtual method 15153: Landroid/widget/TextView;.getAutoSizeMaxTextSize ()I
D/dalvikvm( 5492): VFY: replacing opcode 0x6f at 0x0004
I/dalvikvm( 5492): Could not find method android.widget.TextView.getAutoSizeMinTextSize, referenced from method android.support.v7.widget.AppCompatTextView.getAutoSizeMinTextSize
W/dalvikvm( 5492): VFY: unable to resolve virtual method 15154: Landroid/widget/TextView;.getAutoSizeMinTextSize ()I
D/dalvikvm( 5492): VFY: replacing opcode 0x6f at 0x0004
I/dalvikvm( 5492): Could not find method android.widget.TextView.getAutoSizeStepGranularity, referenced from method android.support.v7.widget.AppCompatTextView.getAutoSizeStepGranularity
W/dalvikvm( 5492): VFY: unable to resolve virtual method 15155: Landroid/widget/TextView;.getAutoSizeStepGranularity ()I
D/dalvikvm( 5492): VFY: replacing opcode 0x6f at 0x0004
I/dalvikvm( 5492): Could not find method android.widget.TextView.getAutoSizeTextAvailableSizes, referenced from method android.support.v7.widget.AppCompatTextView.getAutoSizeTextAvailableSizes
W/dalvikvm( 5492): VFY: unable to resolve virtual method 15156: Landroid/widget/TextView;.getAutoSizeTextAvailableSizes ()[I
D/dalvikvm( 5492): VFY: replacing opcode 0x6f at 0x0004
I/dalvikvm( 5492): Could not find method android.widget.TextView.getAutoSizeTextType, referenced from method android.support.v7.widget.AppCompatTextView.getAutoSizeTextType
W/dalvikvm( 5492): VFY: unable to resolve virtual method 15157: Landroid/widget/TextView;.getAutoSizeTextType ()I
D/dalvikvm( 5492): VFY: replacing opcode 0x6f at 0x0005
I/dalvikvm( 5492): Could not find method android.widget.TextView.setAutoSizeTextTypeUniformWithConfiguration, referenced from method android.support.v7.widget.AppCompatTextView.setAutoSizeTextTypeUniformWithConfiguration
W/dalvikvm( 5492): VFY: unable to resolve virtual method 15212: Landroid/widget/TextView;.setAutoSizeTextTypeUniformWithConfiguration (IIII)V
D/dalvikvm( 5492): VFY: replacing opcode 0x6f at 0x0004
I/dalvikvm( 5492): Could not find method android.widget.TextView.setAutoSizeTextTypeUniformWithPresetSizes, referenced from method android.support.v7.widget.AppCompatTextView.setAutoSizeTextTypeUniformWithPresetSizes
W/dalvikvm( 5492): VFY: unable to resolve virtual method 15213: Landroid/widget/TextView;.setAutoSizeTextTypeUniformWithPresetSizes ([II)V
D/dalvikvm( 5492): VFY: replacing opcode 0x6f at 0x0004
I/dalvikvm( 5492): Could not find method android.widget.TextView.setAutoSizeTextTypeWithDefaults, referenced from method android.support.v7.widget.AppCompatTextView.setAutoSizeTextTypeWithDefaults
W/dalvikvm( 5492): VFY: unable to resolve virtual method 15214: Landroid/widget/TextView;.setAutoSizeTextTypeWithDefaults (I)V
D/dalvikvm( 5492): VFY: replacing opcode 0x6f at 0x0004
I/dalvikvm( 5492): Could not find method android.widget.TextView.setFirstBaselineToTopHeight, referenced from method android.support.v7.widget.AppCompatTextView.setFirstBaselineToTopHeight
W/dalvikvm( 5492): VFY: unable to resolve virtual method 15226: Landroid/widget/TextView;.setFirstBaselineToTopHeight (I)V
D/dalvikvm( 5492): VFY: replacing opcode 0x6f at 0x0006
I/dalvikvm( 5492): Could not find method android.widget.TextView.setLastBaselineToBottomHeight, referenced from method android.support.v7.widget.AppCompatTextView.setLastBaselineToBottomHeight
W/dalvikvm( 5492): VFY: unable to resolve virtual method 15232: Landroid/widget/TextView;.setLastBaselineToBottomHeight (I)V
D/dalvikvm( 5492): VFY: replacing opcode 0x6f at 0x0006
I/dalvikvm( 5492): Could not find method android.widget.TextView.getAutoSizeStepGranularity, referenced from method android.support.v7.widget.AppCompatTextHelper.loadFromAttributes
W/dalvikvm( 5492): VFY: unable to resolve virtual method 15155: Landroid/widget/TextView;.getAutoSizeStepGranularity ()I
D/dalvikvm( 5492): VFY: replacing opcode 0x6e at 0x01a8
I/dalvikvm( 5492): Could not find method android.text.StaticLayout$Builder.obtain, referenced from method android.support.v7.widget.AppCompatTextViewAutoSizeHelper.createStaticLayoutForMeasuring
W/dalvikvm( 5492): VFY: unable to resolve static method 13548: Landroid/text/StaticLayout$Builder;.obtain (Ljava/lang/CharSequence;IILandroid/text/TextPaint;I)Landroid/text/StaticLayout$Builder;
D/dalvikvm( 5492): VFY: replacing opcode 0x71 at 0x0014
I/ActivityState( 5492): onCreate event fired
I/ActivityState( 5492): onStart event fired
I/ActivityState( 5492): onResume event fired
D/        ( 5492): HostConnection::get() New Host Connection established 0xb8f0a7e0, tid 5492
D/EGL_emulation( 1943): eglMakeCurrent: 0xb9079980: ver 3 1
D/EGL_emulation( 5492): eglCreateContext: 0xb9022650: maj 3 min 1 rcv 4
D/EGL_emulation( 1943): eglMakeCurrent: 0xb9079980: ver 3 1
D/EGL_emulation( 5492): eglMakeCurrent: 0xb9022650: ver 3 1
E/eglCodecCommon( 5492): glUtilsParamSize: unknow param 0x000082da
E/eglCodecCommon( 5492): glUtilsParamSize: unknow param 0x00008cdf
E/eglCodecCommon( 5492): glUtilsParamSize: unknow param 0x00008824
E/EGL_emulation( 5492): tid 5492: eglSurfaceAttrib(1199): error 0x3009 (EGL_BAD_MATCH)
W/HardwareRenderer( 5492): Backbuffer cannot be preserved
D/OpenGLRenderer( 5492): Enabling debug mode 0
I/dalvikvm( 5492): Could not find method android.view.ViewConfiguration.getScaledHorizontalScrollFactor, referenced from method android.support.v4.view.ViewConfigurationCompat.getScaledHorizontalScrollFactor
W/dalvikvm( 5492): VFY: unable to resolve virtual method 14150: Landroid/view/ViewConfiguration;.getScaledHorizontalScrollFactor ()F
D/dalvikvm( 5492): VFY: replacing opcode 0x6e at 0x0006
I/dalvikvm( 5492): Could not find method android.view.ViewConfiguration.getScaledHoverSlop, referenced from method android.support.v4.view.ViewConfigurationCompat.getScaledHoverSlop
W/dalvikvm( 5492): VFY: unable to resolve virtual method 14151: Landroid/view/ViewConfiguration;.getScaledHoverSlop ()I
D/dalvikvm( 5492): VFY: replacing opcode 0x6e at 0x0006
I/dalvikvm( 5492): Could not find method android.view.ViewConfiguration.getScaledVerticalScrollFactor, referenced from method android.support.v4.view.ViewConfigurationCompat.getScaledVerticalScrollFactor
W/dalvikvm( 5492): VFY: unable to resolve virtual method 14156: Landroid/view/ViewConfiguration;.getScaledVerticalScrollFactor ()F
D/dalvikvm( 5492): VFY: replacing opcode 0x6e at 0x0006
I/dalvikvm( 5492): Could not find method android.view.ViewConfiguration.shouldShowMenuShortcutsWhenKeyboardPresent, referenced from method android.support.v4.view.ViewConfigurationCompat.shouldShowMenuShortcutsWhenKeyboardPresent
W/dalvikvm( 5492): VFY: unable to resolve virtual method 14159: Landroid/view/ViewConfiguration;.shouldShowMenuShortcutsWhenKeyboardPresent ()Z
D/dalvikvm( 5492): VFY: replacing opcode 0x6e at 0x0006
I/dalvikvm( 5492): Could not find method android.view.View.setTooltipText, referenced from method android.support.v7.widget.TooltipCompat.setTooltipText
W/dalvikvm( 5492): VFY: unable to resolve virtual method 14131: Landroid/view/View;.setTooltipText (Ljava/lang/CharSequence;)V
D/dalvikvm( 5492): VFY: replacing opcode 0x6e at 0x0006
W/InputMethodManagerService( 1593): Starting input on non-focused client com.android.internal.view.IInputMethodClient$Stub$Proxy@9d2b9058 (uid=10009 pid=1943)
D/gralloc_ranchu( 1174): gralloc_alloc: Creating ashmem region of size 204800
I/ActivityManager( 1593): Displayed edu.washington.alkwan.activityspy/.MainActivity: +687ms
D/gralloc_ranchu( 1174): gralloc_alloc: Creating ashmem region of size 1323008
D/EGL_emulation( 1671): eglMakeCurrent: 0xb90420b0: ver 3 1
D/dalvikvm( 1593): GC_FOR_ALLOC freed 690K, 53% free 9833K/20532K, paused 17ms, total 17ms
D/gralloc_ranchu( 1174): gralloc_alloc: Creating ashmem region of size 1323008
E/SoundPool( 1593): error loading /system/media/audio/ui/Effect_Tick.ogg
W/AudioService( 1593): Soundpool could not load file: /system/media/audio/ui/Effect_Tick.ogg
E/SoundPool( 1593): error loading /system/media/audio/ui/Effect_Tick.ogg
W/AudioService( 1593): Soundpool could not load file: /system/media/audio/ui/Effect_Tick.ogg
E/SoundPool( 1593): error loading /system/media/audio/ui/Effect_Tick.ogg
W/AudioService( 1593): Soundpool could not load file: /system/media/audio/ui/Effect_Tick.ogg
E/SoundPool( 1593): error loading /system/media/audio/ui/Effect_Tick.ogg
W/AudioService( 1593): Soundpool could not load file: /system/media/audio/ui/Effect_Tick.ogg
E/SoundPool( 1593): error loading /system/media/audio/ui/Effect_Tick.ogg
W/AudioService( 1593): Soundpool could not load file: /system/media/audio/ui/Effect_Tick.ogg
E/SoundPool( 1593): error loading /system/media/audio/ui/KeypressStandard.ogg
W/AudioService( 1593): Soundpool could not load file: /system/media/audio/ui/KeypressStandard.ogg
E/SoundPool( 1593): error loading /system/media/audio/ui/KeypressSpacebar.ogg
W/AudioService( 1593): Soundpool could not load file: /system/media/audio/ui/KeypressSpacebar.ogg
E/SoundPool( 1593): error loading /system/media/audio/ui/KeypressDelete.ogg
W/AudioService( 1593): Soundpool could not load file: /system/media/audio/ui/KeypressDelete.ogg
E/SoundPool( 1593): error loading /system/media/audio/ui/KeypressReturn.ogg
W/AudioService( 1593): Soundpool could not load file: /system/media/audio/ui/KeypressReturn.ogg
E/SoundPool( 1593): error loading /system/media/audio/ui/KeypressInvalid.ogg
W/AudioService( 1593): Soundpool could not load file: /system/media/audio/ui/KeypressInvalid.ogg
W/AudioService( 1593): onLoadSoundEffects(), Error -1 while loading samples
D/dalvikvm( 1593): GC_FOR_ALLOC freed 692K, 50% free 10441K/20532K, paused 11ms, total 11ms
D/gralloc_ranchu( 1174): gralloc_alloc: Creating ashmem region of size 1323008
D/dalvikvm( 1593): GC_FOR_ALLOC freed 1287K, 50% free 10440K/20532K, paused 11ms, total 11ms
D/dalvikvm( 1671): GC_FOR_ALLOC freed 766K, 63% free 10919K/29136K, paused 4ms, total 4ms
I/ActivityManager( 1593): START u0 {act=com.android.systemui.recent.action.TOGGLE_RECENTS flg=0x10800000 cmp=com.android.systemui/.recent.RecentsActivity (has extras)} from pid 1671
D/dalvikvm( 1593): GC_FOR_ALLOC freed 1286K, 50% free 10441K/20532K, paused 9ms, total 9ms
I/ActivityState( 5492): onPause event fired
D/EGL_emulation( 1671): eglMakeCurrent: 0xb90420b0: ver 3 1
E/EGL_emulation( 1671): tid 1671: eglSurfaceAttrib(1199): error 0x3009 (EGL_BAD_MATCH)
W/HardwareRenderer( 1671): Backbuffer cannot be preserved
D/EGL_emulation( 1671): eglMakeCurrent: 0xb90420b0: ver 3 1
D/EGL_emulation( 1671): eglMakeCurrent: 0xb90420b0: ver 3 1
D/gralloc_ranchu( 1174): gralloc_alloc: Creating ashmem region of size 659456
I/ActivityManager( 1593): Displayed com.android.systemui/.recent.RecentsActivity: +247ms
D/EGL_emulation( 1671): eglMakeCurrent: 0xb90420b0: ver 3 1
D/EGL_emulation( 1671): eglMakeCurrent: 0xb90420b0: ver 3 1
D/EGL_emulation( 1671): eglMakeCurrent: 0xb90420b0: ver 3 1
I/ActivityState( 5492): onStop event fired
D/EGL_emulation( 1671): eglMakeCurrent: 0xb90420b0: ver 3 1
D/EGL_emulation( 5492): eglMakeCurrent: 0xb9022650: ver 3 1
D/EGL_emulation( 1671): eglMakeCurrent: 0xb90420b0: ver 3 1
E/SoundPool( 1593): error loading /system/media/audio/ui/Effect_Tick.ogg
W/AudioService( 1593): Soundpool could not load file: /system/media/audio/ui/Effect_Tick.ogg
E/SoundPool( 1593): error loading /system/media/audio/ui/Effect_Tick.ogg
W/AudioService( 1593): Soundpool could not load file: /system/media/audio/ui/Effect_Tick.ogg
E/SoundPool( 1593): error loading /system/media/audio/ui/Effect_Tick.ogg
W/AudioService( 1593): Soundpool could not load file: /system/media/audio/ui/Effect_Tick.ogg
E/SoundPool( 1593): error loading /system/media/audio/ui/Effect_Tick.ogg
W/AudioService( 1593): Soundpool could not load file: /system/media/audio/ui/Effect_Tick.ogg
E/SoundPool( 1593): error loading /system/media/audio/ui/Effect_Tick.ogg
W/AudioService( 1593): Soundpool could not load file: /system/media/audio/ui/Effect_Tick.ogg
E/SoundPool( 1593): error loading /system/media/audio/ui/KeypressStandard.ogg
W/AudioService( 1593): Soundpool could not load file: /system/media/audio/ui/KeypressStandard.ogg
E/SoundPool( 1593): error loading /system/media/audio/ui/KeypressSpacebar.ogg
W/AudioService( 1593): Soundpool could not load file: /system/media/audio/ui/KeypressSpacebar.ogg
E/SoundPool( 1593): error loading /system/media/audio/ui/KeypressDelete.ogg
W/AudioService( 1593): Soundpool could not load file: /system/media/audio/ui/KeypressDelete.ogg
E/SoundPool( 1593): error loading /system/media/audio/ui/KeypressReturn.ogg
W/AudioService( 1593): Soundpool could not load file: /system/media/audio/ui/KeypressReturn.ogg
E/SoundPool( 1593): error loading /system/media/audio/ui/KeypressInvalid.ogg
W/AudioService( 1593): Soundpool could not load file: /system/media/audio/ui/KeypressInvalid.ogg
W/AudioService( 1593): onLoadSoundEffects(), Error -1 while loading samples
I/ActivityManager( 1593): START u0 {act=com.android.systemui.recent.action.TOGGLE_RECENTS flg=0x10800000 cmp=com.android.systemui/.recent.RecentsActivity} from pid 1671
D/dalvikvm( 1593): GC_FOR_ALLOC freed 1327K, 50% free 10453K/20532K, paused 11ms, total 11ms
D/gralloc_ranchu( 1174): gralloc_alloc: Creating ashmem region of size 1323008
D/dalvikvm( 1593): GC_FOR_ALLOC freed 648K, 46% free 11088K/20532K, paused 9ms, total 9ms
D/EGL_emulation( 1671): eglMakeCurrent: 0xb90420b0: ver 3 1
D/EGL_emulation( 5492): eglMakeCurrent: 0xb9022650: ver 3 1
D/EGL_emulation( 1671): eglMakeCurrent: 0xb90420b0: ver 3 1
I/ActivityState( 5492): onRestart event fired
I/ActivityState( 5492): onStart event fired
I/ActivityState( 5492): onResume event fired
D/EGL_emulation( 5492): eglMakeCurrent: 0xb9022650: ver 3 1
E/EGL_emulation( 5492): tid 5492: eglSurfaceAttrib(1199): error 0x3009 (EGL_BAD_MATCH)
W/HardwareRenderer( 5492): Backbuffer cannot be preserved
D/EGL_emulation( 1671): eglMakeCurrent: 0xb90420b0: ver 3 1
D/gralloc_ranchu( 1174): gralloc_alloc: Creating ashmem region of size 659456
D/EGL_emulation( 1671): eglMakeCurrent: 0xb90420b0: ver 3 1
D/gralloc_ranchu( 1174): gralloc_alloc: Creating ashmem region of size 1323008
D/dalvikvm( 1593): GC_FOR_ALLOC freed 1299K, 46% free 11093K/20532K, paused 11ms, total 11ms
E/SoundPool( 1593): error loading /system/media/audio/ui/Effect_Tick.ogg
W/AudioService( 1593): Soundpool could not load file: /system/media/audio/ui/Effect_Tick.ogg
E/SoundPool( 1593): error loading /system/media/audio/ui/Effect_Tick.ogg
W/AudioService( 1593): Soundpool could not load file: /system/media/audio/ui/Effect_Tick.ogg
E/SoundPool( 1593): error loading /system/media/audio/ui/Effect_Tick.ogg
W/AudioService( 1593): Soundpool could not load file: /system/media/audio/ui/Effect_Tick.ogg
E/SoundPool( 1593): error loading /system/media/audio/ui/Effect_Tick.ogg
W/AudioService( 1593): Soundpool could not load file: /system/media/audio/ui/Effect_Tick.ogg
E/SoundPool( 1593): error loading /system/media/audio/ui/Effect_Tick.ogg
W/AudioService( 1593): Soundpool could not load file: /system/media/audio/ui/Effect_Tick.ogg
E/SoundPool( 1593): error loading /system/media/audio/ui/KeypressStandard.ogg
W/AudioService( 1593): Soundpool could not load file: /system/media/audio/ui/KeypressStandard.ogg
E/SoundPool( 1593): error loading /system/media/audio/ui/KeypressSpacebar.ogg
W/AudioService( 1593): Soundpool could not load file: /system/media/audio/ui/KeypressSpacebar.ogg
E/SoundPool( 1593): error loading /system/media/audio/ui/KeypressDelete.ogg
W/AudioService( 1593): Soundpool could not load file: /system/media/audio/ui/KeypressDelete.ogg
E/SoundPool( 1593): error loading /system/media/audio/ui/KeypressReturn.ogg
W/AudioService( 1593): Soundpool could not load file: /system/media/audio/ui/KeypressReturn.ogg
E/SoundPool( 1593): error loading /system/media/audio/ui/KeypressInvalid.ogg
W/AudioService( 1593): Soundpool could not load file: /system/media/audio/ui/KeypressInvalid.ogg
W/AudioService( 1593): onLoadSoundEffects(), Error -1 while loading samples
D/gralloc_ranchu( 1174): gralloc_alloc: Creating ashmem region of size 1323008
D/dalvikvm( 1593): GC_FOR_ALLOC freed 1948K, 50% free 10446K/20532K, paused 12ms, total 12ms
D/dalvikvm( 1671): GC_FOR_ALLOC freed 3030K, 68% free 9499K/29136K, paused 4ms, total 4ms
D/gralloc_ranchu( 1174): gralloc_alloc: Creating ashmem region of size 1323008
D/dalvikvm( 1593): GC_FOR_ALLOC freed 1286K, 50% free 10445K/20532K, paused 9ms, total 9ms
I/ActivityManager( 1593): START u0 {act=com.android.systemui.recent.action.TOGGLE_RECENTS flg=0x10800000 cmp=com.android.systemui/.recent.RecentsActivity (has extras)} from pid 1671
D/dalvikvm( 1593): GC_FOR_ALLOC freed 2K, 43% free 11730K/20532K, paused 12ms, total 12ms
I/ActivityState( 5492): onPause event fired
D/EGL_emulation( 1671): eglMakeCurrent: 0xb90420b0: ver 3 1
E/EGL_emulation( 1671): tid 1671: eglSurfaceAttrib(1199): error 0x3009 (EGL_BAD_MATCH)
W/HardwareRenderer( 1671): Backbuffer cannot be preserved
D/EGL_emulation( 1671): eglMakeCurrent: 0xb90420b0: ver 3 1
D/EGL_emulation( 1671): eglMakeCurrent: 0xb90420b0: ver 3 1
W/InputMethodManagerService( 1593): Starting input on non-focused client com.android.internal.view.IInputMethodClient$Stub$Proxy@9d89bac0 (uid=10058 pid=5492)
D/gralloc_ranchu( 1174): gralloc_alloc: Creating ashmem region of size 659456
D/EGL_emulation( 1671): eglMakeCurrent: 0xb90420b0: ver 3 1
D/EGL_emulation( 1671): eglMakeCurrent: 0xb90420b0: ver 3 1
I/ActivityState( 5492): onStop event fired
D/EGL_emulation( 5492): eglMakeCurrent: 0xb9022650: ver 3 1
D/EGL_emulation( 1671): eglMakeCurrent: 0xb90420b0: ver 3 1
E/SoundPool( 1593): error loading /system/media/audio/ui/Effect_Tick.ogg
W/AudioService( 1593): Soundpool could not load file: /system/media/audio/ui/Effect_Tick.ogg
E/SoundPool( 1593): error loading /system/media/audio/ui/Effect_Tick.ogg
W/AudioService( 1593): Soundpool could not load file: /system/media/audio/ui/Effect_Tick.ogg
E/SoundPool( 1593): error loading /system/media/audio/ui/Effect_Tick.ogg
W/AudioService( 1593): Soundpool could not load file: /system/media/audio/ui/Effect_Tick.ogg
E/SoundPool( 1593): error loading /system/media/audio/ui/Effect_Tick.ogg
W/AudioService( 1593): Soundpool could not load file: /system/media/audio/ui/Effect_Tick.ogg
E/SoundPool( 1593): error loading /system/media/audio/ui/Effect_Tick.ogg
W/AudioService( 1593): Soundpool could not load file: /system/media/audio/ui/Effect_Tick.ogg
E/SoundPool( 1593): error loading /system/media/audio/ui/KeypressStandard.ogg
W/AudioService( 1593): Soundpool could not load file: /system/media/audio/ui/KeypressStandard.ogg
E/SoundPool( 1593): error loading /system/media/audio/ui/KeypressSpacebar.ogg
W/AudioService( 1593): Soundpool could not load file: /system/media/audio/ui/KeypressSpacebar.ogg
E/SoundPool( 1593): error loading /system/media/audio/ui/KeypressDelete.ogg
W/AudioService( 1593): Soundpool could not load file: /system/media/audio/ui/KeypressDelete.ogg
E/SoundPool( 1593): error loading /system/media/audio/ui/KeypressReturn.ogg
W/AudioService( 1593): Soundpool could not load file: /system/media/audio/ui/KeypressReturn.ogg
E/SoundPool( 1593): error loading /system/media/audio/ui/KeypressInvalid.ogg
W/AudioService( 1593): Soundpool could not load file: /system/media/audio/ui/KeypressInvalid.ogg
W/AudioService( 1593): onLoadSoundEffects(), Error -1 while loading samples
I/ActivityManager( 1593): START u0 {act=com.android.systemui.recent.action.TOGGLE_RECENTS flg=0x10800000 cmp=com.android.systemui/.recent.RecentsActivity} from pid 1671
D/dalvikvm( 1593): GC_FOR_ALLOC freed 1963K, 50% free 10453K/20532K, paused 41ms, total 41ms
D/EGL_emulation( 5492): eglMakeCurrent: 0xb9022650: ver 3 1
D/EGL_emulation( 1671): eglMakeCurrent: 0xb90420b0: ver 3 1
I/ActivityState( 5492): onRestart event fired
I/ActivityState( 5492): onStart event fired
I/ActivityState( 5492): onResume event fired
D/EGL_emulation( 1671): eglMakeCurrent: 0xb90420b0: ver 3 1
D/EGL_emulation( 5492): eglMakeCurrent: 0xb9022650: ver 3 1
E/EGL_emulation( 5492): tid 5492: eglSurfaceAttrib(1199): error 0x3009 (EGL_BAD_MATCH)
W/HardwareRenderer( 5492): Backbuffer cannot be preserved
D/gralloc_ranchu( 1174): gralloc_alloc: Creating ashmem region of size 659456
D/EGL_emulation( 1671): eglMakeCurrent: 0xb90420b0: ver 3 1
D/gralloc_ranchu( 1174): gralloc_alloc: Creating ashmem region of size 1323008
D/EGL_emulation( 1671): eglMakeCurrent: 0xb90420b0: ver 3 1
D/dalvikvm( 1593): GC_FOR_ALLOC freed 1307K, 50% free 10451K/20532K, paused 11ms, total 11ms
D/dalvikvm( 1671): GC_FOR_ALLOC freed 1468K, 68% free 9493K/29136K, paused 4ms, total 4ms
D/gralloc_ranchu( 1174): gralloc_alloc: Creating ashmem region of size 1323008
D/dalvikvm( 1593): GC_FOR_ALLOC freed 1291K, 50% free 10446K/20532K, paused 8ms, total 8ms
E/SoundPool( 1593): error loading /system/media/audio/ui/Effect_Tick.ogg
W/AudioService( 1593): Soundpool could not load file: /system/media/audio/ui/Effect_Tick.ogg
E/SoundPool( 1593): error loading /system/media/audio/ui/Effect_Tick.ogg
W/AudioService( 1593): Soundpool could not load file: /system/media/audio/ui/Effect_Tick.ogg
E/SoundPool( 1593): error loading /system/media/audio/ui/Effect_Tick.ogg
W/AudioService( 1593): Soundpool could not load file: /system/media/audio/ui/Effect_Tick.ogg
E/SoundPool( 1593): error loading /system/media/audio/ui/Effect_Tick.ogg
W/AudioService( 1593): Soundpool could not load file: /system/media/audio/ui/Effect_Tick.ogg
E/SoundPool( 1593): error loading /system/media/audio/ui/Effect_Tick.ogg
W/AudioService( 1593): Soundpool could not load file: /system/media/audio/ui/Effect_Tick.ogg
E/SoundPool( 1593): error loading /system/media/audio/ui/KeypressStandard.ogg
W/AudioService( 1593): Soundpool could not load file: /system/media/audio/ui/KeypressStandard.ogg
E/SoundPool( 1593): error loading /system/media/audio/ui/KeypressSpacebar.ogg
W/AudioService( 1593): Soundpool could not load file: /system/media/audio/ui/KeypressSpacebar.ogg
E/SoundPool( 1593): error loading /system/media/audio/ui/KeypressDelete.ogg
W/AudioService( 1593): Soundpool could not load file: /system/media/audio/ui/KeypressDelete.ogg
E/SoundPool( 1593): error loading /system/media/audio/ui/KeypressReturn.ogg
W/AudioService( 1593): Soundpool could not load file: /system/media/audio/ui/KeypressReturn.ogg
E/SoundPool( 1593): error loading /system/media/audio/ui/KeypressInvalid.ogg
W/AudioService( 1593): Soundpool could not load file: /system/media/audio/ui/KeypressInvalid.ogg
W/AudioService( 1593): onLoadSoundEffects(), Error -1 while loading samples
D/gralloc_ranchu( 1174): gralloc_alloc: Creating ashmem region of size 1323008
D/dalvikvm( 1593): GC_FOR_ALLOC freed 1300K, 50% free 10446K/20532K, paused 12ms, total 13ms
I/ActivityManager( 1593): START u0 {act=com.android.systemui.recent.action.TOGGLE_RECENTS flg=0x10800000 cmp=com.android.systemui/.recent.RecentsActivity (has extras)} from pid 1671
D/dalvikvm( 1593): GC_FOR_ALLOC freed 1286K, 50% free 10447K/20532K, paused 10ms, total 10ms
I/ActivityState( 5492): onPause event fired
D/EGL_emulation( 1671): eglMakeCurrent: 0xb90420b0: ver 3 1
E/EGL_emulation( 1671): tid 1671: eglSurfaceAttrib(1199): error 0x3009 (EGL_BAD_MATCH)
W/HardwareRenderer( 1671): Backbuffer cannot be preserved
D/EGL_emulation( 1671): eglMakeCurrent: 0xb90420b0: ver 3 1
D/EGL_emulation( 1671): eglMakeCurrent: 0xb90420b0: ver 3 1
D/gralloc_ranchu( 1174): gralloc_alloc: Creating ashmem region of size 659456
D/EGL_emulation( 1671): eglMakeCurrent: 0xb90420b0: ver 3 1
D/EGL_emulation( 1671): eglMakeCurrent: 0xb90420b0: ver 3 1
I/ActivityState( 5492): onStop event fired
D/EGL_emulation( 5492): eglMakeCurrent: 0xb9022650: ver 3 1
D/dalvikvm( 1671): GC_FOR_ALLOC freed 1336K, 65% free 10204K/29136K, paused 14ms, total 16ms
D/dalvikvm( 1593): GC_FOR_ALLOC freed 1301K, 50% free 10451K/20532K, paused 36ms, total 37ms
W/InputDispatcher( 1593): channel '9d2a7e08 edu.washington.alkwan.activityspy/edu.washington.alkwan.activityspy.MainActivity (server)' ~ Consumer closed input channel or an error occurred.  events=0x9
E/InputDispatcher( 1593): channel '9d2a7e08 edu.washington.alkwan.activityspy/edu.washington.alkwan.activityspy.MainActivity (server)' ~ Channel is unrecoverably broken and will be disposed!
I/ActivityManager( 1593): Killing 5492:edu.washington.alkwan.activityspy/u0a58 (adj 9): remove task
W/InputDispatcher( 1593): Attempted to unregister already unregistered input channel '9d2a7e08 edu.washington.alkwan.activityspy/edu.washington.alkwan.activityspy.MainActivity (server)'
I/WindowState( 1593): WIN DEATH: Window{9d2a7e08 u0 edu.washington.alkwan.activityspy/edu.washington.alkwan.activityspy.MainActivity}
D/EGL_emulation( 1943): eglMakeCurrent: 0xb9079980: ver 3 1
D/EGL_emulation( 1943): eglMakeCurrent: 0xb9079980: ver 3 1
E/EGL_emulation( 1943): tid 1943: eglSurfaceAttrib(1199): error 0x3009 (EGL_BAD_MATCH)
W/HardwareRenderer( 1943): Backbuffer cannot be preserved
D/EGL_emulation( 1671): eglMakeCurrent: 0xb90420b0: ver 3 1
D/EGL_emulation( 1671): eglMakeCurrent: 0xb90420b0: ver 3 1
D/EGL_emulation( 1671): eglMakeCurrent: 0xb90420b0: ver 3 1
E/SoundPool( 1593): error loading /system/media/audio/ui/Effect_Tick.ogg
W/AudioService( 1593): Soundpool could not load file: /system/media/audio/ui/Effect_Tick.ogg
E/SoundPool( 1593): error loading /system/media/audio/ui/Effect_Tick.ogg
W/AudioService( 1593): Soundpool could not load file: /system/media/audio/ui/Effect_Tick.ogg
E/SoundPool( 1593): error loading /system/media/audio/ui/Effect_Tick.ogg
W/AudioService( 1593): Soundpool could not load file: /system/media/audio/ui/Effect_Tick.ogg
E/SoundPool( 1593): error loading /system/media/audio/ui/Effect_Tick.ogg
W/AudioService( 1593): Soundpool could not load file: /system/media/audio/ui/Effect_Tick.ogg
E/SoundPool( 1593): error loading /system/media/audio/ui/Effect_Tick.ogg
W/AudioService( 1593): Soundpool could not load file: /system/media/audio/ui/Effect_Tick.ogg
E/SoundPool( 1593): error loading /system/media/audio/ui/KeypressStandard.ogg
W/AudioService( 1593): Soundpool could not load file: /system/media/audio/ui/KeypressStandard.ogg
E/SoundPool( 1593): error loading /system/media/audio/ui/KeypressSpacebar.ogg
W/AudioService( 1593): Soundpool could not load file: /system/media/audio/ui/KeypressSpacebar.ogg
E/SoundPool( 1593): error loading /system/media/audio/ui/KeypressDelete.ogg
W/AudioService( 1593): Soundpool could not load file: /system/media/audio/ui/KeypressDelete.ogg
E/SoundPool( 1593): error loading /system/media/audio/ui/KeypressReturn.ogg
W/AudioService( 1593): Soundpool could not load file: /system/media/audio/ui/KeypressReturn.ogg
E/SoundPool( 1593): error loading /system/media/audio/ui/KeypressInvalid.ogg
W/AudioService( 1593): Soundpool could not load file: /system/media/audio/ui/KeypressInvalid.ogg
W/AudioService( 1593): onLoadSoundEffects(), Error -1 while loading samples
E/SoundPool( 1593): error loading /system/media/audio/ui/Effect_Tick.ogg
W/AudioService( 1593): Soundpool could not load file: /system/media/audio/ui/Effect_Tick.ogg
E/SoundPool( 1593): error loading /system/media/audio/ui/Effect_Tick.ogg
W/AudioService( 1593): Soundpool could not load file: /system/media/audio/ui/Effect_Tick.ogg
E/SoundPool( 1593): error loading /system/media/audio/ui/Effect_Tick.ogg
W/AudioService( 1593): Soundpool could not load file: /system/media/audio/ui/Effect_Tick.ogg
E/SoundPool( 1593): error loading /system/media/audio/ui/Effect_Tick.ogg
W/AudioService( 1593): Soundpool could not load file: /system/media/audio/ui/Effect_Tick.ogg
E/SoundPool( 1593): error loading /system/media/audio/ui/Effect_Tick.ogg
W/AudioService( 1593): Soundpool could not load file: /system/media/audio/ui/Effect_Tick.ogg
E/SoundPool( 1593): error loading /system/media/audio/ui/KeypressStandard.ogg
W/AudioService( 1593): Soundpool could not load file: /system/media/audio/ui/KeypressStandard.ogg
E/SoundPool( 1593): error loading /system/media/audio/ui/KeypressSpacebar.ogg
W/AudioService( 1593): Soundpool could not load file: /system/media/audio/ui/KeypressSpacebar.ogg
E/SoundPool( 1593): error loading /system/media/audio/ui/KeypressDelete.ogg
W/AudioService( 1593): Soundpool could not load file: /system/media/audio/ui/KeypressDelete.ogg
E/SoundPool( 1593): error loading /system/media/audio/ui/KeypressReturn.ogg
W/AudioService( 1593): Soundpool could not load file: /system/media/audio/ui/KeypressReturn.ogg
E/SoundPool( 1593): error loading /system/media/audio/ui/KeypressInvalid.ogg
W/AudioService( 1593): Soundpool could not load file: /system/media/audio/ui/KeypressInvalid.ogg
W/AudioService( 1593): onLoadSoundEffects(), Error -1 while loading samples
I/ActivityManager( 1593): START u0 {act=com.android.systemui.recent.action.TOGGLE_RECENTS flg=0x10800000 cmp=com.android.systemui/.recent.RecentsActivity} from pid 1671
D/gralloc_ranchu( 1174): gralloc_alloc: Creating ashmem region of size 1323008
D/dalvikvm( 1593): GC_FOR_ALLOC freed 2634K, 56% free 9165K/20532K, paused 10ms, total 10ms
D/EGL_emulation( 1671): eglMakeCurrent: 0xb90420b0: ver 3 1
E/EGL_emulation( 1671): tid 1671: eglSurfaceAttrib(1199): error 0x3009 (EGL_BAD_MATCH)
W/HardwareRenderer( 1671): Backbuffer cannot be preserved
D/EGL_emulation( 1671): eglMakeCurrent: 0xb90420b0: ver 3 1
D/EGL_emulation( 1671): eglMakeCurrent: 0xb90420b0: ver 3 1
D/EGL_emulation( 1671): eglMakeCurrent: 0xb90420b0: ver 3 1
I/ActivityManager( 1593): Displayed com.android.systemui/.recent.RecentsActivity: +253ms
D/EGL_emulation( 1671): eglMakeCurrent: 0xb90420b0: ver 3 1
D/EGL_emulation( 1671): eglMakeCurrent: 0xb90420b0: ver 3 1
D/EGL_emulation( 1943): eglMakeCurrent: 0xb9079980: ver 3 1
I/ActivityManager( 1593): START u0 {act=android.intent.action.MAIN cat=[android.intent.category.HOME] flg=0x10200000 cmp=com.android.launcher/com.android.launcher2.Launcher} from pid 1671
D/gralloc_ranchu( 1174): gralloc_alloc: Creating ashmem region of size 1323008
D/dalvikvm( 1593): GC_FOR_ALLOC freed 1317K, 56% free 9163K/20532K, paused 10ms, total 10ms
D/EGL_emulation( 1671): eglMakeCurrent: 0xb90420b0: ver 3 1
D/EGL_emulation( 1943): eglMakeCurrent: 0xb9079980: ver 3 1
D/EGL_emulation( 1943): eglMakeCurrent: 0xb9079980: ver 3 1
E/EGL_emulation( 1943): tid 1943: eglSurfaceAttrib(1199): error 0x3009 (EGL_BAD_MATCH)
W/HardwareRenderer( 1943): Backbuffer cannot be preserved
D/dalvikvm( 1943): GC_FOR_ALLOC freed 2472K, 49% free 22051K/42600K, paused 4ms, total 4ms
D/EGL_emulation( 1671): eglMakeCurrent: 0xb90420b0: ver 3 1
D/EGL_emulation( 1671): eglMakeCurrent: 0xb90420b0: ver 3 1
I/ActivityManager( 1593): START u0 {act=android.intent.action.MAIN cat=[android.intent.category.HOME] flg=0x10200000 cmp=com.android.launcher/com.android.launcher2.Launcher} from pid 1593
E/SoundPool( 1593): error loading /system/media/audio/ui/Effect_Tick.ogg
W/AudioService( 1593): Soundpool could not load file: /system/media/audio/ui/Effect_Tick.ogg
E/SoundPool( 1593): error loading /system/media/audio/ui/Effect_Tick.ogg
W/AudioService( 1593): Soundpool could not load file: /system/media/audio/ui/Effect_Tick.ogg
E/SoundPool( 1593): error loading /system/media/audio/ui/Effect_Tick.ogg
W/AudioService( 1593): Soundpool could not load file: /system/media/audio/ui/Effect_Tick.ogg
E/SoundPool( 1593): error loading /system/media/audio/ui/Effect_Tick.ogg
W/AudioService( 1593): Soundpool could not load file: /system/media/audio/ui/Effect_Tick.ogg
E/SoundPool( 1593): error loading /system/media/audio/ui/Effect_Tick.ogg
W/AudioService( 1593): Soundpool could not load file: /system/media/audio/ui/Effect_Tick.ogg
E/SoundPool( 1593): error loading /system/media/audio/ui/KeypressStandard.ogg
W/AudioService( 1593): Soundpool could not load file: /system/media/audio/ui/KeypressStandard.ogg
E/SoundPool( 1593): error loading /system/media/audio/ui/KeypressSpacebar.ogg
W/AudioService( 1593): Soundpool could not load file: /system/media/audio/ui/KeypressSpacebar.ogg
E/SoundPool( 1593): error loading /system/media/audio/ui/KeypressDelete.ogg
W/AudioService( 1593): Soundpool could not load file: /system/media/audio/ui/KeypressDelete.ogg
E/SoundPool( 1593): error loading /system/media/audio/ui/KeypressReturn.ogg
W/AudioService( 1593): Soundpool could not load file: /system/media/audio/ui/KeypressReturn.ogg
E/SoundPool( 1593): error loading /system/media/audio/ui/KeypressInvalid.ogg
W/AudioService( 1593): Soundpool could not load file: /system/media/audio/ui/KeypressInvalid.ogg
W/AudioService( 1593): onLoadSoundEffects(), Error -1 while loading samples
E/SoundPool( 1593): error loading /system/media/audio/ui/Effect_Tick.ogg
W/AudioService( 1593): Soundpool could not load file: /system/media/audio/ui/Effect_Tick.ogg
E/SoundPool( 1593): error loading /system/media/audio/ui/Effect_Tick.ogg
W/AudioService( 1593): Soundpool could not load file: /system/media/audio/ui/Effect_Tick.ogg
E/SoundPool( 1593): error loading /system/media/audio/ui/Effect_Tick.ogg
W/AudioService( 1593): Soundpool could not load file: /system/media/audio/ui/Effect_Tick.ogg
E/SoundPool( 1593): error loading /system/media/audio/ui/Effect_Tick.ogg
W/AudioService( 1593): Soundpool could not load file: /system/media/audio/ui/Effect_Tick.ogg
E/SoundPool( 1593): error loading /system/media/audio/ui/Effect_Tick.ogg
W/AudioService( 1593): Soundpool could not load file: /system/media/audio/ui/Effect_Tick.ogg
E/SoundPool( 1593): error loading /system/media/audio/ui/KeypressStandard.ogg
W/AudioService( 1593): Soundpool could not load file: /system/media/audio/ui/KeypressStandard.ogg
E/SoundPool( 1593): error loading /system/media/audio/ui/KeypressSpacebar.ogg
W/AudioService( 1593): Soundpool could not load file: /system/media/audio/ui/KeypressSpacebar.ogg
E/SoundPool( 1593): error loading /system/media/audio/ui/KeypressDelete.ogg
W/AudioService( 1593): Soundpool could not load file: /system/media/audio/ui/KeypressDelete.ogg
E/SoundPool( 1593): error loading /system/media/audio/ui/KeypressReturn.ogg
W/AudioService( 1593): Soundpool could not load file: /system/media/audio/ui/KeypressReturn.ogg
E/SoundPool( 1593): error loading /system/media/audio/ui/KeypressInvalid.ogg
W/AudioService( 1593): Soundpool could not load file: /system/media/audio/ui/KeypressInvalid.ogg
W/AudioService( 1593): onLoadSoundEffects(), Error -1 while loading samples
E/SoundPool( 1593): error loading /system/media/audio/ui/Effect_Tick.ogg
W/AudioService( 1593): Soundpool could not load file: /system/media/audio/ui/Effect_Tick.ogg
E/SoundPool( 1593): error loading /system/media/audio/ui/Effect_Tick.ogg
W/AudioService( 1593): Soundpool could not load file: /system/media/audio/ui/Effect_Tick.ogg
E/SoundPool( 1593): error loading /system/media/audio/ui/Effect_Tick.ogg
W/AudioService( 1593): Soundpool could not load file: /system/media/audio/ui/Effect_Tick.ogg
E/SoundPool( 1593): error loading /system/media/audio/ui/Effect_Tick.ogg
W/AudioService( 1593): Soundpool could not load file: /system/media/audio/ui/Effect_Tick.ogg
E/SoundPool( 1593): error loading /system/media/audio/ui/Effect_Tick.ogg
W/AudioService( 1593): Soundpool could not load file: /system/media/audio/ui/Effect_Tick.ogg
E/SoundPool( 1593): error loading /system/media/audio/ui/KeypressStandard.ogg
W/AudioService( 1593): Soundpool could not load file: /system/media/audio/ui/KeypressStandard.ogg
I/ActivityManager( 1593): START u0 {act=android.intent.action.MAIN cat=[android.intent.category.LAUNCHER] flg=0x10200000 cmp=edu.washington.alkwan.activityspy/.MainActivity} from pid 1943
E/SoundPool( 1593): error loading /system/media/audio/ui/KeypressSpacebar.ogg
W/AudioService( 1593): Soundpool could not load file: /system/media/audio/ui/KeypressSpacebar.ogg
E/SoundPool( 1593): error loading /system/media/audio/ui/KeypressDelete.ogg
W/AudioService( 1593): Soundpool could not load file: /system/media/audio/ui/KeypressDelete.ogg
E/SoundPool( 1593): error loading /system/media/audio/ui/KeypressReturn.ogg
W/AudioService( 1593): Soundpool could not load file: /system/media/audio/ui/KeypressReturn.ogg
E/SoundPool( 1593): error loading /system/media/audio/ui/KeypressInvalid.ogg
W/AudioService( 1593): Soundpool could not load file: /system/media/audio/ui/KeypressInvalid.ogg
W/AudioService( 1593): onLoadSoundEffects(), Error -1 while loading samples
D/gralloc_ranchu( 1174): gralloc_alloc: Creating ashmem region of size 1323008
D/dalvikvm( 1593): GC_FOR_ALLOC freed 1375K, 49% free 9195K/17952K, paused 12ms, total 12ms
D/gralloc_ranchu( 1174): gralloc_alloc: Creating ashmem region of size 7753728
D/dalvikvm( 5551): Not late-enabling CheckJNI (already on)
I/ActivityManager( 1593): Start proc edu.washington.alkwan.activityspy for activity edu.washington.alkwan.activityspy/.MainActivity: pid=5551 uid=10058 gids={50058}
E/jdwp    ( 5551): Failed sending reply to debugger: Broken pipe
D/dalvikvm( 5551): Debugger has detached; object registry had 1 entries
I/dalvikvm( 5551): Could not find method android.content.Context.getSystemService, referenced from method android.support.v7.app.AppCompatDelegateImpl.mapNightMode
W/dalvikvm( 5551): VFY: unable to resolve virtual method 692: Landroid/content/Context;.getSystemService (Ljava/lang/Class;)Ljava/lang/Object;
D/dalvikvm( 5551): VFY: replacing opcode 0x6e at 0x0012
I/dalvikvm( 5551): Could not find method android.view.Window$Callback.onPointerCaptureChanged, referenced from method android.support.v7.view.WindowCallbackWrapper.onPointerCaptureChanged
W/dalvikvm( 5551): VFY: unable to resolve interface method 14331: Landroid/view/Window$Callback;.onPointerCaptureChanged (Z)V
D/dalvikvm( 5551): VFY: replacing opcode 0x72 at 0x0002
I/dalvikvm( 5551): Could not find method android.view.Window$Callback.onProvideKeyboardShortcuts, referenced from method android.support.v7.view.WindowCallbackWrapper.onProvideKeyboardShortcuts
W/dalvikvm( 5551): VFY: unable to resolve interface method 14333: Landroid/view/Window$Callback;.onProvideKeyboardShortcuts (Ljava/util/List;Landroid/view/Menu;I)V
D/dalvikvm( 5551): VFY: replacing opcode 0x72 at 0x0002
W/dalvikvm( 5551): VFY: unable to find class referenced in signature (Landroid/view/SearchEvent;)
I/dalvikvm( 5551): Could not find method android.view.Window$Callback.onSearchRequested, referenced from method android.support.v7.view.WindowCallbackWrapper.onSearchRequested
W/dalvikvm( 5551): VFY: unable to resolve interface method 14335: Landroid/view/Window$Callback;.onSearchRequested (Landroid/view/SearchEvent;)Z
D/dalvikvm( 5551): VFY: replacing opcode 0x72 at 0x0002
I/dalvikvm( 5551): Could not find method android.view.Window$Callback.onWindowStartingActionMode, referenced from method android.support.v7.view.WindowCallbackWrapper.onWindowStartingActionMode
W/dalvikvm( 5551): VFY: unable to resolve interface method 14339: Landroid/view/Window$Callback;.onWindowStartingActionMode (Landroid/view/ActionMode$Callback;I)Landroid/view/ActionMode;
D/dalvikvm( 5551): VFY: replacing opcode 0x72 at 0x0002
I/dalvikvm( 5551): Could not find method android.content.res.TypedArray.getChangingConfigurations, referenced from method android.support.v7.widget.TintTypedArray.getChangingConfigurations
W/dalvikvm( 5551): VFY: unable to resolve virtual method 892: Landroid/content/res/TypedArray;.getChangingConfigurations ()I
D/dalvikvm( 5551): VFY: replacing opcode 0x6e at 0x0002
I/dalvikvm( 5551): Could not find method android.content.res.TypedArray.getType, referenced from method android.support.v7.widget.TintTypedArray.getType
W/dalvikvm( 5551): VFY: unable to resolve virtual method 914: Landroid/content/res/TypedArray;.getType (I)I
D/dalvikvm( 5551): VFY: replacing opcode 0x6e at 0x0008
I/dalvikvm( 5551): Could not find method android.content.Context.createDeviceProtectedStorageContext, referenced from method android.support.v4.content.ContextCompat.createDeviceProtectedStorageContext
W/dalvikvm( 5551): VFY: unable to resolve virtual method 663: Landroid/content/Context;.createDeviceProtectedStorageContext ()Landroid/content/Context;
D/dalvikvm( 5551): VFY: replacing opcode 0x6e at 0x0006
I/dalvikvm( 5551): Could not find method android.content.Context.getCodeCacheDir, referenced from method android.support.v4.content.ContextCompat.getCodeCacheDir
W/dalvikvm( 5551): VFY: unable to resolve virtual method 670: Landroid/content/Context;.getCodeCacheDir ()Ljava/io/File;
D/dalvikvm( 5551): VFY: replacing opcode 0x6e at 0x0006
I/dalvikvm( 5551): Could not find method android.content.Context.getColor, referenced from method android.support.v4.content.ContextCompat.getColor
