I/PackageManager( 1593): Adding preferred activity ComponentInfo{com.android.mms/com.android.mms.ui.ComposeMessageActivity} for user 0 :
I/PackageManager( 1593): Adding preferred activity ComponentInfo{com.android.mms/com.android.mms.ui.ComposeMessageActivity} for user 0 :
I/PackageManager( 1593): Adding preferred activity ComponentInfo{com.android.mms/com.android.mms.ui.ComposeMessageActivity} for user 0 :
I/PackageManager( 1593): Adding preferred activity ComponentInfo{com.android.mms/com.android.mms.ui.ComposeMessageActivity} for user 0 :
I/PackageManager( 1593): Adding preferred activity ComponentInfo{com.android.mms/com.android.mms.ui.ComposeMessageActivity} for user 0 :
D/BackupManagerService( 1593): Received broadcast Intent { act=android.intent.action.PACKAGE_REMOVED dat=package:edu.washington.alkwan.activityspy flg=0x4000010 (has extras) }
I/PackageManager( 1593): Adding preferred activity ComponentInfo{com.android.mms/com.android.mms.ui.ComposeMessageActivity} for user 0 :
I/PackageManager( 1593): Adding preferred activity ComponentInfo{com.android.mms/com.android.mms.ui.ComposeMessageActivity} for user 0 :
D/BackupManagerService( 1593): Received broadcast Intent { act=android.intent.action.PACKAGE_ADDED dat=package:edu.washington.alkwan.activityspy flg=0x4000010 (has extras) }
V/BackupManagerService( 1593): removePackageParticipantsLocked: uid=10058 #1
V/BackupManagerService( 1593): addPackageParticipantsLocked: #1
I/PackageManager( 1593): Adding preferred activity ComponentInfo{com.android.mms/com.android.mms.ui.ComposeMessageActivity} for user 0 :
W/ContextImpl( 3944): Calling a method in the system process without a qualified user: android.app.ContextImpl.startService:1479 android.content.ContextWrapper.startService:494 android.content.ContextWrapper.startService:494 com.android.keychain.KeyChainBroadcastReceiver.onReceive:12 android.app.ActivityThread.handleReceiver:2419 
I/ActivityManager( 1593): Delay finish: com.android.keychain/.KeyChainBroadcastReceiver
I/PackageManager( 1593): Adding preferred activity ComponentInfo{com.android.mms/com.android.mms.ui.ComposeMessageActivity} for user 0 :
I/ActivityManager( 1593): Resuming delayed broadcast
I/PackageManager( 1593): Adding preferred activity ComponentInfo{com.android.mms/com.android.mms.ui.ComposeMessageActivity} for user 0 :
I/PackageManager( 1593): Adding preferred activity ComponentInfo{com.android.mms/com.android.mms.ui.ComposeMessageActivity} for user 0 :
I/PackageManager( 1593): Adding preferred activity ComponentInfo{com.android.mms/com.android.mms.ui.ComposeMessageActivity} for user 0 :
I/PackageManager( 1593): Adding preferred activity ComponentInfo{com.android.mms/com.android.mms.ui.ComposeMessageActivity} for user 0 :
I/PackageManager( 1593): Adding preferred activity ComponentInfo{com.android.mms/com.android.mms.ui.ComposeMessageActivity} for user 0 :
I/PackageManager( 1593): Adding preferred activity ComponentInfo{com.android.mms/com.android.mms.ui.ComposeMessageActivity} for user 0 :
I/ActivityManager( 1593): Delay finish: com.google.android.googlequicksearchbox/com.google.android.searchcommon.summons.icing.InternalIcingCorporaProvider$CorporaChangedReceiver
I/PackageManager( 1593): Adding preferred activity ComponentInfo{com.android.mms/com.android.mms.ui.ComposeMessageActivity} for user 0 :
I/PackageManager( 1593): Adding preferred activity ComponentInfo{com.android.mms/com.android.mms.ui.ComposeMessageActivity} for user 0 :
I/PackageManager( 1593): Adding preferred activity ComponentInfo{com.android.mms/com.android.mms.ui.ComposeMessageActivity} for user 0 :
I/PackageManager( 1593): Adding preferred activity ComponentInfo{com.android.mms/com.android.mms.ui.ComposeMessageActivity} for user 0 :
I/PackageManager( 1593): Adding preferred activity ComponentInfo{com.android.mms/com.android.mms.ui.ComposeMessageActivity} for user 0 :
I/PackageManager( 1593): Adding preferred activity ComponentInfo{com.android.mms/com.android.mms.ui.ComposeMessageActivity} for user 0 :
I/PackageManager( 1593): Adding preferred activity ComponentInfo{com.android.mms/com.android.mms.ui.ComposeMessageActivity} for user 0 :
I/PackageManager( 1593): Adding preferred activity ComponentInfo{com.android.mms/com.android.mms.ui.ComposeMessageActivity} for user 0 :
I/PackageManager( 1593): Adding preferred activity ComponentInfo{com.android.mms/com.android.mms.ui.ComposeMessageActivity} for user 0 :
I/ActivityManager( 1593): Resuming delayed broadcast
I/ActivityManager( 1593): START u0 {act=android.intent.action.MAIN cat=[android.intent.category.LAUNCHER] flg=0x10000000 cmp=edu.washington.alkwan.activityspy/.MainActivity} from pid 4916
I/ActivityManager( 1593): Start proc edu.washington.alkwan.activityspy for activity edu.washington.alkwan.activityspy/.MainActivity: pid=4926 uid=10058 gids={50058}
W/InputMethodManagerService( 1593): Starting input on non-focused client com.android.internal.view.IInputMethodClient$Stub$Proxy@9d2b9058 (uid=10009 pid=1943)
I/ActivityManager( 1593): START u0 {act=android.intent.action.MAIN cat=[android.intent.category.HOME] flg=0x10200000 cmp=com.android.launcher/com.android.launcher2.Launcher} from pid 1593
I/ActivityManager( 1593): START u0 {act=com.android.systemui.recent.action.TOGGLE_RECENTS flg=0x10800000 cmp=com.android.systemui/.recent.RecentsActivity} from pid 1671
I/ActivityManager( 1593): START u0 {act=com.android.systemui.recent.action.TOGGLE_RECENTS flg=0x10800000 cmp=com.android.systemui/.recent.RecentsActivity (has extras)} from pid 1671
W/InputMethodManagerService( 1593): Starting input on non-focused client com.android.internal.view.IInputMethodClient$Stub$Proxy@9d35e640 (uid=10058 pid=4926)
I/ActivityManager( 1593): Killing 4926:edu.washington.alkwan.activityspy/u0a58 (adj 9): remove task
I/WindowState( 1593): WIN DEATH: Window{9d2a37c8 u0 edu.washington.alkwan.activityspy/edu.washington.alkwan.activityspy.MainActivity}
I/ActivityManager( 1593): START u0 {act=android.intent.action.MAIN cat=[android.intent.category.HOME] flg=0x10200000 cmp=com.android.launcher/com.android.launcher2.Launcher} from pid 1593
I/ActivityManager( 1593): START u0 {act=com.android.systemui.recent.action.TOGGLE_RECENTS flg=0x10800000 cmp=com.android.systemui/.recent.RecentsActivity} from pid 1671
I/ActivityManager( 1593): START u0 {act=android.intent.action.MAIN cat=[android.intent.category.HOME] flg=0x10200000 cmp=com.android.launcher/com.android.launcher2.Launcher} from pid 1593
I/ActivityManager( 1593): START u0 {act=android.intent.action.MAIN cat=[android.intent.category.LAUNCHER] flg=0x10200000 cmp=edu.washington.alkwan.activityspy/.MainActivity} from pid 1943
I/ActivityManager( 1593): Start proc edu.washington.alkwan.activityspy for activity edu.washington.alkwan.activityspy/.MainActivity: pid=4996 uid=10058 gids={50058}
I/ActivityManager( 1593): START u0 {act=com.android.systemui.recent.action.TOGGLE_RECENTS flg=0x10800000 cmp=com.android.systemui/.recent.RecentsActivity (has extras)} from pid 1671
I/ActivityManager( 1593): START u0 {act=android.intent.action.MAIN cat=[android.intent.category.HOME] flg=0x10200000 cmp=com.android.launcher/com.android.launcher2.Launcher} from pid 1671
I/ActivityManager( 1593): START u0 {act=android.intent.action.MAIN cat=[android.intent.category.HOME] flg=0x10200000 cmp=com.android.launcher/com.android.launcher2.Launcher} from pid 1593
V/DeadZone( 1671): consuming errant click: (895.95703,26.917969)
V/DeadZone( 1671): consuming errant click: (895.95703,26.917969)
V/DeadZone( 1671): consuming errant click: (895.95703,26.917969)
I/ActivityManager( 1593): START u0 {act=com.android.systemui.recent.action.TOGGLE_RECENTS flg=0x10800000 cmp=com.android.systemui/.recent.RecentsActivity} from pid 1671
I/ActivityManager( 1593): START u0 {act=com.android.systemui.recent.action.TOGGLE_RECENTS flg=0x10800000 cmp=com.android.systemui/.recent.RecentsActivity} from pid 1671
I/ActivityManager( 1593): START u0 {act=android.intent.action.MAIN cat=[android.intent.category.LAUNCHER] flg=0x10304000 cmp=edu.washington.alkwan.activityspy/.MainActivity bnds=[21,245][215,487]} from pid 1671
W/InputMethodManagerService( 1593): Starting input on non-focused client com.android.internal.view.IInputMethodClient$Stub$Proxy@9da73840 (uid=10008 pid=1671)
I/ActivityManager( 1593): START u0 {act=com.android.systemui.recent.action.TOGGLE_RECENTS flg=0x10800000 cmp=com.android.systemui/.recent.RecentsActivity (has extras)} from pid 1671
I/ActivityManager( 1593): Killing 4996:edu.washington.alkwan.activityspy/u0a58 (adj 9): remove task
I/WindowState( 1593): WIN DEATH: Window{9d5e9038 u0 edu.washington.alkwan.activityspy/edu.washington.alkwan.activityspy.MainActivity}
I/ActivityManager( 1593): START u0 {act=com.android.systemui.recent.action.TOGGLE_RECENTS flg=0x10800000 cmp=com.android.systemui/.recent.RecentsActivity} from pid 1671
I/ActivityManager( 1593): START u0 {act=android.intent.action.MAIN cat=[android.intent.category.LAUNCHER] flg=0x10200000 cmp=edu.washington.alkwan.activityspy/.MainActivity} from pid 1943
I/ActivityManager( 1593): Start proc edu.washington.alkwan.activityspy for activity edu.washington.alkwan.activityspy/.MainActivity: pid=5073 uid=10058 gids={50058}
I/ActivityManager( 1593): START u0 {act=android.intent.action.MAIN cat=[android.intent.category.HOME] flg=0x10200000 cmp=com.android.launcher/com.android.launcher2.Launcher} from pid 1593
I/ActivityManager( 1593): START u0 {act=com.android.systemui.recent.action.TOGGLE_RECENTS flg=0x10800000 cmp=com.android.systemui/.recent.RecentsActivity} from pid 1671
I/ActivityManager( 1593): START u0 {act=com.android.systemui.recent.action.TOGGLE_RECENTS flg=0x10800000 cmp=com.android.systemui/.recent.RecentsActivity (has extras)} from pid 1671
W/InputMethodManagerService( 1593): Starting input on non-focused client com.android.internal.view.IInputMethodClient$Stub$Proxy@9d8b15d8 (uid=10058 pid=5073)
I/ActivityManager( 1593): Killing 5073:edu.washington.alkwan.activityspy/u0a58 (adj 9): remove task
I/WindowState( 1593): WIN DEATH: Window{9d81c458 u0 edu.washington.alkwan.activityspy/edu.washington.alkwan.activityspy.MainActivity}
I/ActivityManager( 1593): START u0 {act=android.intent.action.MAIN cat=[android.intent.category.LAUNCHER] flg=0x10200000 cmp=edu.washington.alkwan.activityspy/.MainActivity} from pid 1943
I/ActivityManager( 1593): Start proc edu.washington.alkwan.activityspy for activity edu.washington.alkwan.activityspy/.MainActivity: pid=5116 uid=10058 gids={50058}
I/ActivityManager( 1593): START u0 {act=android.intent.action.MAIN cat=[android.intent.category.HOME] flg=0x10200000 cmp=com.android.launcher/com.android.launcher2.Launcher} from pid 1593
I/ActivityManager( 1593): START u0 {act=com.android.systemui.recent.action.TOGGLE_RECENTS flg=0x10800000 cmp=com.android.systemui/.recent.RecentsActivity} from pid 1671
I/ActivityManager( 1593): START u0 {act=com.android.systemui.recent.action.TOGGLE_RECENTS flg=0x10800000 cmp=com.android.systemui/.recent.RecentsActivity} from pid 1671
I/ActivityManager( 1593): START u0 {act=android.intent.action.MAIN cat=[android.intent.category.LAUNCHER] flg=0x10304000 cmp=edu.washington.alkwan.activityspy/.MainActivity bnds=[21,245][215,487]} from pid 1671
W/InputMethodManagerService( 1593): Starting input on non-focused client com.android.internal.view.IInputMethodClient$Stub$Proxy@9da73840 (uid=10008 pid=1671)
I/ActivityManager( 1593): START u0 {act=com.android.systemui.recent.action.TOGGLE_RECENTS flg=0x10800000 cmp=com.android.systemui/.recent.RecentsActivity (has extras)} from pid 1671
W/InputMethodManagerService( 1593): Starting input on non-focused client com.android.internal.view.IInputMethodClient$Stub$Proxy@9d8733a0 (uid=10058 pid=5116)
I/ActivityManager( 1593): Killing 5116:edu.washington.alkwan.activityspy/u0a58 (adj 9): remove task
I/WindowState( 1593): WIN DEATH: Window{9d2ae970 u0 edu.washington.alkwan.activityspy/edu.washington.alkwan.activityspy.MainActivity}
I/ActivityManager( 1593): Start proc com.google.android.gms.unstable for service com.google.android.gms/.droidguard.DroidGuardService: pid=5169 uid=10007 gids={50007, 3003, 1007, 1028, 1015, 3002, 3001, 3007, 2001, 3006}
D/ConnectivityService( 1593): Sampling interval elapsed, updating statistics ..
D/ConnectivityService( 1593): Done.
D/ConnectivityService( 1593): Setting timer for 720seconds
I/ActivityManager( 1593): Start proc android.process.media for content provider com.android.providers.downloads/.DownloadProvider: pid=5226 uid=10005 gids={50005, 1028, 1015, 1023, 1024, 2001, 3003, 3007}
W/BatteryStatsImpl( 1593): Couldn't get kernel wake lock stats
I/ProcessStatsService( 1593): Prepared write state in 5ms
W/ActivityManager( 1593): No content provider found for permission revoke: file:///data/local/tmp/edu.washington.alkwan.activityspy
W/ActivityManager( 1593): No content provider found for permission revoke: file:///data/local/tmp/edu.washington.alkwan.activityspy
I/PackageManager( 1593): Copying native libraries to /data/app-lib/vmdl-1545860131
I/ActivityManager( 1593): Force stopping edu.washington.alkwan.activityspy appid=10058 user=-1: uninstall pkg
I/PackageManager( 1593): Package edu.washington.alkwan.activityspy codePath changed from /data/app/edu.washington.alkwan.activityspy-2.apk to /data/app/edu.washington.alkwan.activityspy-1.apk; Retaining data and using new
W/PackageManager( 1593): Code path for pkg : edu.washington.alkwan.activityspy changing from /data/app/edu.washington.alkwan.activityspy-2.apk to /data/app/edu.washington.alkwan.activityspy-1.apk
W/PackageManager( 1593): Resource path for pkg : edu.washington.alkwan.activityspy changing from /data/app/edu.washington.alkwan.activityspy-2.apk to /data/app/edu.washington.alkwan.activityspy-1.apk
I/ActivityManager( 1593): Force stopping edu.washington.alkwan.activityspy appid=10058 user=-1: update pkg
I/ActivityManager( 1593): Force stopping edu.washington.alkwan.activityspy appid=10058 user=0: pkg removed
I/PackageManager( 1593): Adding preferred activity ComponentInfo{com.android.mms/com.android.mms.ui.ComposeMessageActivity} for user 0 :
I/PackageManager( 1593): Adding preferred activity ComponentInfo{com.android.mms/com.android.mms.ui.ComposeMessageActivity} for user 0 :
D/BackupManagerService( 1593): Received broadcast Intent { act=android.intent.action.PACKAGE_REMOVED dat=package:edu.washington.alkwan.activityspy flg=0x4000010 (has extras) }
I/PackageManager( 1593): Adding preferred activity ComponentInfo{com.android.mms/com.android.mms.ui.ComposeMessageActivity} for user 0 :
D/BackupManagerService( 1593): Received broadcast Intent { act=android.intent.action.PACKAGE_ADDED dat=package:edu.washington.alkwan.activityspy flg=0x4000010 (has extras) }
V/BackupManagerService( 1593): removePackageParticipantsLocked: uid=10058 #1
V/BackupManagerService( 1593): addPackageParticipantsLocked: #1
I/PackageManager( 1593): Adding preferred activity ComponentInfo{com.android.mms/com.android.mms.ui.ComposeMessageActivity} for user 0 :
I/PackageManager( 1593): Adding preferred activity ComponentInfo{com.android.mms/com.android.mms.ui.ComposeMessageActivity} for user 0 :
I/PackageManager( 1593): Adding preferred activity ComponentInfo{com.android.mms/com.android.mms.ui.ComposeMessageActivity} for user 0 :
I/PackageManager( 1593): Adding preferred activity ComponentInfo{com.android.mms/com.android.mms.ui.ComposeMessageActivity} for user 0 :
I/PackageManager( 1593): Adding preferred activity ComponentInfo{com.android.mms/com.android.mms.ui.ComposeMessageActivity} for user 0 :
I/PackageManager( 1593): Adding preferred activity ComponentInfo{com.android.mms/com.android.mms.ui.ComposeMessageActivity} for user 0 :
I/PackageManager( 1593): Adding preferred activity ComponentInfo{com.android.mms/com.android.mms.ui.ComposeMessageActivity} for user 0 :
I/PackageManager( 1593): Adding preferred activity ComponentInfo{com.android.mms/com.android.mms.ui.ComposeMessageActivity} for user 0 :
I/PackageManager( 1593): Adding preferred activity ComponentInfo{com.android.mms/com.android.mms.ui.ComposeMessageActivity} for user 0 :
I/PackageManager( 1593): Adding preferred activity ComponentInfo{com.android.mms/com.android.mms.ui.ComposeMessageActivity} for user 0 :
I/PackageManager( 1593): Adding preferred activity ComponentInfo{com.android.mms/com.android.mms.ui.ComposeMessageActivity} for user 0 :
I/PackageManager( 1593): Adding preferred activity ComponentInfo{com.android.mms/com.android.mms.ui.ComposeMessageActivity} for user 0 :
I/PackageManager( 1593): Adding preferred activity ComponentInfo{com.android.mms/com.android.mms.ui.ComposeMessageActivity} for user 0 :
I/PackageManager( 1593): Adding preferred activity ComponentInfo{com.android.mms/com.android.mms.ui.ComposeMessageActivity} for user 0 :
I/PackageManager( 1593): Adding preferred activity ComponentInfo{com.android.mms/com.android.mms.ui.ComposeMessageActivity} for user 0 :
I/PackageManager( 1593): Adding preferred activity ComponentInfo{com.android.mms/com.android.mms.ui.ComposeMessageActivity} for user 0 :
I/PackageManager( 1593): Adding preferred activity ComponentInfo{com.android.mms/com.android.mms.ui.ComposeMessageActivity} for user 0 :
W/ContextImpl( 3944): Calling a method in the system process without a qualified user: android.app.ContextImpl.startService:1479 android.content.ContextWrapper.startService:494 android.content.ContextWrapper.startService:494 com.android.keychain.KeyChainBroadcastReceiver.onReceive:12 android.app.ActivityThread.handleReceiver:2419 
I/ActivityManager( 1593): Delay finish: com.android.keychain/.KeyChainBroadcastReceiver
I/PackageManager( 1593): Adding preferred activity ComponentInfo{com.android.mms/com.android.mms.ui.ComposeMessageActivity} for user 0 :
I/ActivityManager( 1593): Resuming delayed broadcast
I/PackageManager( 1593): Adding preferred activity ComponentInfo{com.android.mms/com.android.mms.ui.ComposeMessageActivity} for user 0 :
I/PackageManager( 1593): Adding preferred activity ComponentInfo{com.android.mms/com.android.mms.ui.ComposeMessageActivity} for user 0 :
I/PackageManager( 1593): Adding preferred activity ComponentInfo{com.android.mms/com.android.mms.ui.ComposeMessageActivity} for user 0 :
I/ActivityManager( 1593): Delay finish: com.google.android.googlequicksearchbox/com.google.android.searchcommon.summons.icing.InternalIcingCorporaProvider$CorporaChangedReceiver
I/ActivityManager( 1593): START u0 {act=android.intent.action.MAIN cat=[android.intent.category.LAUNCHER] flg=0x10000000 cmp=edu.washington.alkwan.activityspy/.MainActivity} from pid 5308
I/ActivityManager( 1593): Start proc edu.washington.alkwan.activityspy for activity edu.washington.alkwan.activityspy/.MainActivity: pid=5325 uid=10058 gids={50058}
I/ActivityManager( 1593): Resuming delayed broadcast
W/InputMethodManagerService( 1593): Starting input on non-focused client com.android.internal.view.IInputMethodClient$Stub$Proxy@9d2b9058 (uid=10009 pid=1943)
I/ActivityManager( 1593): START u0 {act=android.intent.action.MAIN cat=[android.intent.category.HOME] flg=0x10200000 cmp=com.android.launcher/com.android.launcher2.Launcher} from pid 1593
I/ActivityManager( 1593): START u0 {act=android.intent.action.MAIN cat=[android.intent.category.LAUNCHER] flg=0x10200000 cmp=edu.washington.alkwan.activityspy/.MainActivity} from pid 1943
I/ActivityManager( 1593): START u0 {act=com.android.systemui.recent.action.TOGGLE_RECENTS flg=0x10800000 cmp=com.android.systemui/.recent.RecentsActivity (has extras)} from pid 1671
I/ActivityManager( 1593): Killing 5325:edu.washington.alkwan.activityspy/u0a58 (adj 9): remove task
I/WindowState( 1593): WIN DEATH: Window{9d311058 u0 edu.washington.alkwan.activityspy/edu.washington.alkwan.activityspy.MainActivity}
I/ActivityManager( 1593): START u0 {act=android.intent.action.MAIN cat=[android.intent.category.LAUNCHER] flg=0x10200000 cmp=edu.washington.alkwan.activityspy/.MainActivity} from pid 1943
I/ActivityManager( 1593): Start proc edu.washington.alkwan.activityspy for activity edu.washington.alkwan.activityspy/.MainActivity: pid=5367 uid=10058 gids={50058}
W/InputMethodManagerService( 1593): Starting input on non-focused client com.android.internal.view.IInputMethodClient$Stub$Proxy@9d2b9058 (uid=10009 pid=1943)
I/ActivityManager( 1593): START u0 {act=android.intent.action.MAIN cat=[android.intent.category.HOME] flg=0x10200000 cmp=com.android.launcher/com.android.launcher2.Launcher} from pid 1593
I/ActivityManager( 1593): START u0 {act=com.android.systemui.recent.action.TOGGLE_RECENTS flg=0x10800000 cmp=com.android.systemui/.recent.RecentsActivity} from pid 1671
I/ActivityManager( 1593): START u0 {act=com.android.systemui.recent.action.TOGGLE_RECENTS flg=0x10800000 cmp=com.android.systemui/.recent.RecentsActivity (has extras)} from pid 1671
W/InputMethodManagerService( 1593): Starting input on non-focused client com.android.internal.view.IInputMethodClient$Stub$Proxy@9da03b00 (uid=10058 pid=5367)
I/ActivityManager( 1593): Killing 5367:edu.washington.alkwan.activityspy/u0a58 (adj 9): remove task
I/WindowState( 1593): WIN DEATH: Window{9d5d3800 u0 edu.washington.alkwan.activityspy/edu.washington.alkwan.activityspy.MainActivity}
I/ActivityManager( 1593): START u0 {act=android.intent.action.MAIN cat=[android.intent.category.LAUNCHER] flg=0x10200000 cmp=edu.washington.alkwan.activityspy/.MainActivity} from pid 1943
I/ActivityManager( 1593): Start proc edu.washington.alkwan.activityspy for activity edu.washington.alkwan.activityspy/.MainActivity: pid=5409 uid=10058 gids={50058}
I/ActivityManager( 1593): START u0 {act=com.android.systemui.recent.action.TOGGLE_RECENTS flg=0x10800000 cmp=com.android.systemui/.recent.RecentsActivity (has extras)} from pid 1671
I/ActivityManager( 1593): START u0 {act=com.android.systemui.recent.action.TOGGLE_RECENTS flg=0x10800000 cmp=com.android.systemui/.recent.RecentsActivity} from pid 1671
I/ActivityManager( 1593): START u0 {act=com.android.systemui.recent.action.TOGGLE_RECENTS flg=0x10800000 cmp=com.android.systemui/.recent.RecentsActivity (has extras)} from pid 1671
I/ActivityManager( 1593): START u0 {act=com.android.systemui.recent.action.TOGGLE_RECENTS flg=0x10800000 cmp=com.android.systemui/.recent.RecentsActivity} from pid 1671
I/ActivityManager( 1593): START u0 {act=com.android.systemui.recent.action.TOGGLE_RECENTS flg=0x10800000 cmp=com.android.systemui/.recent.RecentsActivity} from pid 1671
I/ActivityManager( 1593): START u0 {act=android.intent.action.MAIN cat=[android.intent.category.LAUNCHER] flg=0x10304000 cmp=edu.washington.alkwan.activityspy/.MainActivity bnds=[21,245][215,487]} from pid 1671
W/InputMethodManagerService( 1593): Starting input on non-focused client com.android.internal.view.IInputMethodClient$Stub$Proxy@9da73840 (uid=10008 pid=1671)
--------- beginning of /dev/log/main
W/AudioService( 1593): Soundpool could not load file: /system/media/audio/ui/Effect_Tick.ogg
E/SoundPool( 1593): error loading /system/media/audio/ui/Effect_Tick.ogg
W/AudioService( 1593): Soundpool could not load file: /system/media/audio/ui/Effect_Tick.ogg
E/SoundPool( 1593): error loading /system/media/audio/ui/KeypressStandard.ogg
W/AudioService( 1593): Soundpool could not load file: /system/media/audio/ui/KeypressStandard.ogg
E/SoundPool( 1593): error loading /system/media/audio/ui/KeypressSpacebar.ogg
W/AudioService( 1593): Soundpool could not load file: /system/media/audio/ui/KeypressSpacebar.ogg
E/SoundPool( 1593): error loading /system/media/audio/ui/KeypressDelete.ogg
W/AudioService( 1593): Soundpool could not load file: /system/media/audio/ui/KeypressDelete.ogg
E/SoundPool( 1593): error loading /system/media/audio/ui/KeypressReturn.ogg
W/AudioService( 1593): Soundpool could not load file: /system/media/audio/ui/KeypressReturn.ogg
E/SoundPool( 1593): error loading /system/media/audio/ui/KeypressInvalid.ogg
W/AudioService( 1593): Soundpool could not load file: /system/media/audio/ui/KeypressInvalid.ogg
W/AudioService( 1593): onLoadSoundEffects(), Error -1 while loading samples
D/gralloc_ranchu( 1174): gralloc_alloc: Creating ashmem region of size 1323008
D/dalvikvm( 1593): GC_FOR_ALLOC freed 695K, 50% free 10437K/20532K, paused 11ms, total 11ms
D/dalvikvm( 1671): GC_FOR_ALLOC freed 2287K, 68% free 9493K/29136K, paused 5ms, total 5ms
D/gralloc_ranchu( 1174): gralloc_alloc: Creating ashmem region of size 1323008
D/dalvikvm( 1593): GC_FOR_ALLOC freed 1286K, 50% free 10436K/20532K, paused 10ms, total 10ms
D/dalvikvm( 1593): GC_FOR_ALLOC freed 1286K, 50% free 10437K/20532K, paused 9ms, total 9ms
I/ActivityManager( 1593): START u0 {act=com.android.systemui.recent.action.TOGGLE_RECENTS flg=0x10800000 cmp=com.android.systemui/.recent.RecentsActivity (has extras)} from pid 1671
I/ActivityState( 5409): onPause event fired
D/EGL_emulation( 1671): eglMakeCurrent: 0xb90420b0: ver 3 1
E/EGL_emulation( 1671): tid 1671: eglSurfaceAttrib(1199): error 0x3009 (EGL_BAD_MATCH)
W/HardwareRenderer( 1671): Backbuffer cannot be preserved
D/EGL_emulation( 1671): eglMakeCurrent: 0xb90420b0: ver 3 1
D/EGL_emulation( 1671): eglMakeCurrent: 0xb90420b0: ver 3 1
D/gralloc_ranchu( 1174): gralloc_alloc: Creating ashmem region of size 659456
D/EGL_emulation( 1671): eglMakeCurrent: 0xb90420b0: ver 3 1
D/EGL_emulation( 1671): eglMakeCurrent: 0xb90420b0: ver 3 1
I/ActivityState( 5409): onStop event fired
D/EGL_emulation( 5409): eglMakeCurrent: 0xb9022200: ver 3 1
D/EGL_emulation( 1671): eglMakeCurrent: 0xb90420b0: ver 3 1
E/EGL_emulation( 1671): tid 1671: eglSurfaceAttrib(1199): error 0x3009 (EGL_BAD_MATCH)
W/HardwareRenderer( 1671): Backbuffer cannot be preserved
W/InputEventReceiver( 1671): Attempted to finish an input event but the input event receiver has already been disposed.
W/InputMethodManagerService( 1593): Window already focused, ignoring focus gain of: com.android.internal.view.IInputMethodClient$Stub$Proxy@9d89b148 attribute=null, token = android.os.BinderProxy@9d283c30
D/EGL_emulation( 1671): eglMakeCurrent: 0xb90420b0: ver 3 1
D/EGL_emulation( 1671): eglMakeCurrent: 0xb90420b0: ver 3 1
E/EGL_emulation( 1671): tid 1671: eglSurfaceAttrib(1199): error 0x3009 (EGL_BAD_MATCH)
W/HardwareRenderer( 1671): Backbuffer cannot be preserved
W/InputEventReceiver( 1671): Attempted to finish an input event but the input event receiver has already been disposed.
W/InputMethodManagerService( 1593): Window already focused, ignoring focus gain of: com.android.internal.view.IInputMethodClient$Stub$Proxy@9d0c9ea8 attribute=null, token = android.os.BinderProxy@9d283c30
D/ConnectivityService( 1593): Sampling interval elapsed, updating statistics ..
D/ConnectivityService( 1593): Done.
D/ConnectivityService( 1593): Setting timer for 720seconds
D/EGL_emulation( 1671): eglMakeCurrent: 0xb90420b0: ver 3 1
D/dalvikvm( 1593): GC_FOR_ALLOC freed 1350K, 50% free 10461K/20532K, paused 20ms, total 20ms
I/ActivityManager( 1593): Killing 5409:edu.washington.alkwan.activityspy/u0a58 (adj 9): remove task
W/InputDispatcher( 1593): channel '9d216ab8 edu.washington.alkwan.activityspy/edu.washington.alkwan.activityspy.MainActivity (server)' ~ Consumer closed input channel or an error occurred.  events=0x9
E/InputDispatcher( 1593): channel '9d216ab8 edu.washington.alkwan.activityspy/edu.washington.alkwan.activityspy.MainActivity (server)' ~ Channel is unrecoverably broken and will be disposed!
W/InputDispatcher( 1593): Attempted to unregister already unregistered input channel '9d216ab8 edu.washington.alkwan.activityspy/edu.washington.alkwan.activityspy.MainActivity (server)'
I/WindowState( 1593): WIN DEATH: Window{9d216ab8 u0 edu.washington.alkwan.activityspy/edu.washington.alkwan.activityspy.MainActivity}
D/EGL_emulation( 1943): eglMakeCurrent: 0xb9079980: ver 3 1
D/EGL_emulation( 1943): eglMakeCurrent: 0xb9079980: ver 3 1
E/EGL_emulation( 1943): tid 1943: eglSurfaceAttrib(1199): error 0x3009 (EGL_BAD_MATCH)
W/HardwareRenderer( 1943): Backbuffer cannot be preserved
D/EGL_emulation( 1671): eglMakeCurrent: 0xb90420b0: ver 3 1
D/EGL_emulation( 1671): eglMakeCurrent: 0xb90420b0: ver 3 1
E/SoundPool( 1593): error loading /system/media/audio/ui/Effect_Tick.ogg
W/AudioService( 1593): Soundpool could not load file: /system/media/audio/ui/Effect_Tick.ogg
E/SoundPool( 1593): error loading /system/media/audio/ui/Effect_Tick.ogg
W/AudioService( 1593): Soundpool could not load file: /system/media/audio/ui/Effect_Tick.ogg
E/SoundPool( 1593): error loading /system/media/audio/ui/Effect_Tick.ogg
W/AudioService( 1593): Soundpool could not load file: /system/media/audio/ui/Effect_Tick.ogg
E/SoundPool( 1593): error loading /system/media/audio/ui/Effect_Tick.ogg
W/AudioService( 1593): Soundpool could not load file: /system/media/audio/ui/Effect_Tick.ogg
E/SoundPool( 1593): error loading /system/media/audio/ui/Effect_Tick.ogg
W/AudioService( 1593): Soundpool could not load file: /system/media/audio/ui/Effect_Tick.ogg
E/SoundPool( 1593): error loading /system/media/audio/ui/KeypressStandard.ogg
W/AudioService( 1593): Soundpool could not load file: /system/media/audio/ui/KeypressStandard.ogg
E/SoundPool( 1593): error loading /system/media/audio/ui/KeypressSpacebar.ogg
W/AudioService( 1593): Soundpool could not load file: /system/media/audio/ui/KeypressSpacebar.ogg
E/SoundPool( 1593): error loading /system/media/audio/ui/KeypressDelete.ogg
W/AudioService( 1593): Soundpool could not load file: /system/media/audio/ui/KeypressDelete.ogg
E/SoundPool( 1593): error loading /system/media/audio/ui/KeypressReturn.ogg
W/AudioService( 1593): Soundpool could not load file: /system/media/audio/ui/KeypressReturn.ogg
E/SoundPool( 1593): error loading /system/media/audio/ui/KeypressInvalid.ogg
W/AudioService( 1593): Soundpool could not load file: /system/media/audio/ui/KeypressInvalid.ogg
W/AudioService( 1593): onLoadSoundEffects(), Error -1 while loading samples
I/ActivityManager( 1593): START u0 {act=android.intent.action.MAIN cat=[android.intent.category.LAUNCHER] flg=0x10200000 cmp=edu.washington.alkwan.activityspy/.MainActivity} from pid 1943
D/gralloc_ranchu( 1174): gralloc_alloc: Creating ashmem region of size 1323008
D/dalvikvm( 1593): GC_FOR_ALLOC freed 2631K, 56% free 9182K/20532K, paused 9ms, total 9ms
D/gralloc_ranchu( 1174): gralloc_alloc: Creating ashmem region of size 7753728
D/dalvikvm( 5464): Not late-enabling CheckJNI (already on)
I/ActivityManager( 1593): Start proc edu.washington.alkwan.activityspy for activity edu.washington.alkwan.activityspy/.MainActivity: pid=5464 uid=10058 gids={50058}
D/dalvikvm( 5464): Debugger has detached; object registry had 1 entries
I/dalvikvm( 5464): Could not find method android.content.Context.getSystemService, referenced from method android.support.v7.app.AppCompatDelegateImpl.mapNightMode
W/dalvikvm( 5464): VFY: unable to resolve virtual method 692: Landroid/content/Context;.getSystemService (Ljava/lang/Class;)Ljava/lang/Object;
D/dalvikvm( 5464): VFY: replacing opcode 0x6e at 0x0012
I/dalvikvm( 5464): Could not find method android.view.Window$Callback.onPointerCaptureChanged, referenced from method android.support.v7.view.WindowCallbackWrapper.onPointerCaptureChanged
W/dalvikvm( 5464): VFY: unable to resolve interface method 14331: Landroid/view/Window$Callback;.onPointerCaptureChanged (Z)V
D/dalvikvm( 5464): VFY: replacing opcode 0x72 at 0x0002
I/dalvikvm( 5464): Could not find method android.view.Window$Callback.onProvideKeyboardShortcuts, referenced from method android.support.v7.view.WindowCallbackWrapper.onProvideKeyboardShortcuts
W/dalvikvm( 5464): VFY: unable to resolve interface method 14333: Landroid/view/Window$Callback;.onProvideKeyboardShortcuts (Ljava/util/List;Landroid/view/Menu;I)V
D/dalvikvm( 5464): VFY: replacing opcode 0x72 at 0x0002
W/dalvikvm( 5464): VFY: unable to find class referenced in signature (Landroid/view/SearchEvent;)
I/dalvikvm( 5464): Could not find method android.view.Window$Callback.onSearchRequested, referenced from method android.support.v7.view.WindowCallbackWrapper.onSearchRequested
W/dalvikvm( 5464): VFY: unable to resolve interface method 14335: Landroid/view/Window$Callback;.onSearchRequested (Landroid/view/SearchEvent;)Z
D/dalvikvm( 5464): VFY: replacing opcode 0x72 at 0x0002
I/dalvikvm( 5464): Could not find method android.view.Window$Callback.onWindowStartingActionMode, referenced from method android.support.v7.view.WindowCallbackWrapper.onWindowStartingActionMode
W/dalvikvm( 5464): VFY: unable to resolve interface method 14339: Landroid/view/Window$Callback;.onWindowStartingActionMode (Landroid/view/ActionMode$Callback;I)Landroid/view/ActionMode;
D/dalvikvm( 5464): VFY: replacing opcode 0x72 at 0x0002
I/dalvikvm( 5464): Could not find method android.content.res.TypedArray.getChangingConfigurations, referenced from method android.support.v7.widget.TintTypedArray.getChangingConfigurations
W/dalvikvm( 5464): VFY: unable to resolve virtual method 892: Landroid/content/res/TypedArray;.getChangingConfigurations ()I
D/dalvikvm( 5464): VFY: replacing opcode 0x6e at 0x0002
I/dalvikvm( 5464): Could not find method android.content.res.TypedArray.getType, referenced from method android.support.v7.widget.TintTypedArray.getType
W/dalvikvm( 5464): VFY: unable to resolve virtual method 914: Landroid/content/res/TypedArray;.getType (I)I
D/dalvikvm( 5464): VFY: replacing opcode 0x6e at 0x0008
I/dalvikvm( 5464): Could not find method android.content.Context.createDeviceProtectedStorageContext, referenced from method android.support.v4.content.ContextCompat.createDeviceProtectedStorageContext
W/dalvikvm( 5464): VFY: unable to resolve virtual method 663: Landroid/content/Context;.createDeviceProtectedStorageContext ()Landroid/content/Context;
D/dalvikvm( 5464): VFY: replacing opcode 0x6e at 0x0006
I/dalvikvm( 5464): Could not find method android.content.Context.getCodeCacheDir, referenced from method android.support.v4.content.ContextCompat.getCodeCacheDir
W/dalvikvm( 5464): VFY: unable to resolve virtual method 670: Landroid/content/Context;.getCodeCacheDir ()Ljava/io/File;
D/dalvikvm( 5464): VFY: replacing opcode 0x6e at 0x0006
I/dalvikvm( 5464): Could not find method android.content.Context.getColor, referenced from method android.support.v4.content.ContextCompat.getColor
W/dalvikvm( 5464): VFY: unable to resolve virtual method 671: Landroid/content/Context;.getColor (I)I
D/dalvikvm( 5464): VFY: replacing opcode 0x6e at 0x0006
I/dalvikvm( 5464): Could not find method android.content.Context.getColorStateList, referenced from method android.support.v4.content.ContextCompat.getColorStateList
W/dalvikvm( 5464): VFY: unable to resolve virtual method 672: Landroid/content/Context;.getColorStateList (I)Landroid/content/res/ColorStateList;
D/dalvikvm( 5464): VFY: replacing opcode 0x6e at 0x0006
I/dalvikvm( 5464): Could not find method android.content.Context.getDataDir, referenced from method android.support.v4.content.ContextCompat.getDataDir
W/dalvikvm( 5464): VFY: unable to resolve virtual method 674: Landroid/content/Context;.getDataDir ()Ljava/io/File;
D/dalvikvm( 5464): VFY: replacing opcode 0x6e at 0x0006
I/dalvikvm( 5464): Could not find method android.content.Context.getDrawable, referenced from method android.support.v4.content.ContextCompat.getDrawable
W/dalvikvm( 5464): VFY: unable to resolve virtual method 675: Landroid/content/Context;.getDrawable (I)Landroid/graphics/drawable/Drawable;
D/dalvikvm( 5464): VFY: replacing opcode 0x6e at 0x0006
I/dalvikvm( 5464): Could not find method android.content.Context.getNoBackupFilesDir, referenced from method android.support.v4.content.ContextCompat.getNoBackupFilesDir
W/dalvikvm( 5464): VFY: unable to resolve virtual method 683: Landroid/content/Context;.getNoBackupFilesDir ()Ljava/io/File;
D/dalvikvm( 5464): VFY: replacing opcode 0x6e at 0x0006
I/dalvikvm( 5464): Could not find method android.content.Context.getSystemService, referenced from method android.support.v4.content.ContextCompat.getSystemService
W/dalvikvm( 5464): VFY: unable to resolve virtual method 692: Landroid/content/Context;.getSystemService (Ljava/lang/Class;)Ljava/lang/Object;
D/dalvikvm( 5464): VFY: replacing opcode 0x6e at 0x0006
I/dalvikvm( 5464): Could not find method android.content.Context.getSystemServiceName, referenced from method android.support.v4.content.ContextCompat.getSystemServiceName
W/dalvikvm( 5464): VFY: unable to resolve virtual method 694: Landroid/content/Context;.getSystemServiceName (Ljava/lang/Class;)Ljava/lang/String;
D/dalvikvm( 5464): VFY: replacing opcode 0x6e at 0x0006
I/dalvikvm( 5464): Could not find method android.content.Context.isDeviceProtectedStorage, referenced from method android.support.v4.content.ContextCompat.isDeviceProtectedStorage
W/dalvikvm( 5464): VFY: unable to resolve virtual method 697: Landroid/content/Context;.isDeviceProtectedStorage ()Z
D/dalvikvm( 5464): VFY: replacing opcode 0x6e at 0x0006
I/dalvikvm( 5464): Could not find method android.content.Context.startForegroundService, referenced from method android.support.v4.content.ContextCompat.startForegroundService
W/dalvikvm( 5464): VFY: unable to resolve virtual method 712: Landroid/content/Context;.startForegroundService (Landroid/content/Intent;)Landroid/content/ComponentName;
D/dalvikvm( 5464): VFY: replacing opcode 0x6e at 0x0006
I/dalvikvm( 5464): Could not find method android.widget.FrameLayout.startActionModeForChild, referenced from method android.support.v7.widget.ActionBarContainer.startActionModeForChild
W/dalvikvm( 5464): VFY: unable to resolve virtual method 14840: Landroid/widget/FrameLayout;.startActionModeForChild (Landroid/view/View;Landroid/view/ActionMode$Callback;I)Landroid/view/ActionMode;
D/dalvikvm( 5464): VFY: replacing opcode 0x6f at 0x0002
W/dalvikvm( 5464): VFY: unable to find class referenced in signature (Landroid/graphics/Outline;)
I/dalvikvm( 5464): Could not find method android.graphics.drawable.Drawable.getOutline, referenced from method android.support.v7.widget.ActionBarBackgroundDrawable.getOutline
W/dalvikvm( 5464): VFY: unable to resolve virtual method 1217: Landroid/graphics/drawable/Drawable;.getOutline (Landroid/graphics/Outline;)V
D/dalvikvm( 5464): VFY: replacing opcode 0x6e at 0x0010
I/dalvikvm( 5464): Could not find method android.graphics.drawable.Drawable.getOutline, referenced from method android.support.v7.widget.ActionBarBackgroundDrawable.getOutline
W/dalvikvm( 5464): VFY: unable to resolve virtual method 1217: Landroid/graphics/drawable/Drawable;.getOutline (Landroid/graphics/Outline;)V
D/dalvikvm( 5464): VFY: replacing opcode 0x6e at 0x001e
I/dalvikvm( 5464): Could not find method android.view.View.addKeyboardNavigationClusters, referenced from method android.support.v4.view.ViewCompat.addKeyboardNavigationClusters
W/dalvikvm( 5464): VFY: unable to resolve virtual method 13904: Landroid/view/View;.addKeyboardNavigationClusters (Ljava/util/Collection;I)V
D/dalvikvm( 5464): VFY: replacing opcode 0x6e at 0x0006
I/dalvikvm( 5464): Failed resolving Landroid/support/v4/view/ViewCompat$OnUnhandledKeyEventListenerWrapper; interface 1756 'Landroid/view/View$OnUnhandledKeyEventListener;'
W/dalvikvm( 5464): Link of class 'Landroid/support/v4/view/ViewCompat$OnUnhandledKeyEventListenerWrapper;' failed
E/dalvikvm( 5464): Could not find class 'android.support.v4.view.ViewCompat$OnUnhandledKeyEventListenerWrapper', referenced from method android.support.v4.view.ViewCompat.addOnUnhandledKeyEventListener
W/dalvikvm( 5464): VFY: unable to resolve new-instance 1122 (Landroid/support/v4/view/ViewCompat$OnUnhandledKeyEventListenerWrapper;) in Landroid/support/v4/view/ViewCompat;
D/dalvikvm( 5464): VFY: replacing opcode 0x22 at 0x001b
I/dalvikvm( 5464): Could not find method android.view.View.cancelDragAndDrop, referenced from method android.support.v4.view.ViewCompat.cancelDragAndDrop
W/dalvikvm( 5464): VFY: unable to resolve virtual method 13912: Landroid/view/View;.cancelDragAndDrop ()V
D/dalvikvm( 5464): VFY: replacing opcode 0x6e at 0x0006
E/dalvikvm( 5464): Could not find class 'android.view.WindowInsets', referenced from method android.support.v4.view.ViewCompat.dispatchApplyWindowInsets
W/dalvikvm( 5464): VFY: unable to resolve check-cast 1774 (Landroid/view/WindowInsets;) in Landroid/support/v4/view/ViewCompat;
D/dalvikvm( 5464): VFY: replacing opcode 0x1f at 0x000a
I/dalvikvm( 5464): Could not find method android.view.View.dispatchNestedFling, referenced from method android.support.v4.view.ViewCompat.dispatchNestedFling
W/dalvikvm( 5464): VFY: unable to resolve virtual method 13920: Landroid/view/View;.dispatchNestedFling (FFZ)Z
D/dalvikvm( 5464): VFY: replacing opcode 0x6e at 0x0006
I/dalvikvm( 5464): Could not find method android.view.View.dispatchNestedPreFling, referenced from method android.support.v4.view.ViewCompat.dispatchNestedPreFling
W/dalvikvm( 5464): VFY: unable to resolve virtual method 13921: Landroid/view/View;.dispatchNestedPreFling (FF)Z
D/dalvikvm( 5464): VFY: replacing opcode 0x6e at 0x0006
I/dalvikvm( 5464): Could not find method android.view.View.dispatchNestedPreScroll, referenced from method android.support.v4.view.ViewCompat.dispatchNestedPreScroll
W/dalvikvm( 5464): VFY: unable to resolve virtual method 13922: Landroid/view/View;.dispatchNestedPreScroll (II[I[I)Z
D/dalvikvm( 5464): VFY: replacing opcode 0x6e at 0x0006
I/dalvikvm( 5464): Could not find method android.view.View.dispatchNestedScroll, referenced from method android.support.v4.view.ViewCompat.dispatchNestedScroll
W/dalvikvm( 5464): VFY: unable to resolve virtual method 13923: Landroid/view/View;.dispatchNestedScroll (IIII[I)Z
D/dalvikvm( 5464): VFY: replacing opcode 0x74 at 0x0006
I/dalvikvm( 5464): Could not find method android.view.View.getBackgroundTintList, referenced from method android.support.v4.view.ViewCompat.getBackgroundTintList
W/dalvikvm( 5464): VFY: unable to resolve virtual method 13938: Landroid/view/View;.getBackgroundTintList ()Landroid/content/res/ColorStateList;
D/dalvikvm( 5464): VFY: replacing opcode 0x6e at 0x0006
I/dalvikvm( 5464): Could not find method android.view.View.getBackgroundTintMode, referenced from method android.support.v4.view.ViewCompat.getBackgroundTintMode
W/dalvikvm( 5464): VFY: unable to resolve virtual method 13939: Landroid/view/View;.getBackgroundTintMode ()Landroid/graphics/PorterDuff$Mode;
D/dalvikvm( 5464): VFY: replacing opcode 0x6e at 0x0006
I/dalvikvm( 5464): Could not find method android.view.View.getElevation, referenced from method android.support.v4.view.ViewCompat.getElevation
W/dalvikvm( 5464): VFY: unable to resolve virtual method 13947: Landroid/view/View;.getElevation ()F
D/dalvikvm( 5464): VFY: replacing opcode 0x6e at 0x0006
I/dalvikvm( 5464): Could not find method android.view.View.getImportantForAutofill, referenced from method android.support.v4.view.ViewCompat.getImportantForAutofill
W/dalvikvm( 5464): VFY: unable to resolve virtual method 13954: Landroid/view/View;.getImportantForAutofill ()I
D/dalvikvm( 5464): VFY: replacing opcode 0x6e at 0x0006
I/dalvikvm( 5464): Could not find method android.view.View.getNextClusterForwardId, referenced from method android.support.v4.view.ViewCompat.getNextClusterForwardId
W/dalvikvm( 5464): VFY: unable to resolve virtual method 13972: Landroid/view/View;.getNextClusterForwardId ()I
D/EGL_emulation( 1943): eglMakeCurrent: 0xb9079980: ver 3 1
D/dalvikvm( 5464): VFY: replacing opcode 0x6e at 0x0006
I/dalvikvm( 5464): Could not find method android.view.View.getScrollIndicators, referenced from method android.support.v4.view.ViewCompat.getScrollIndicators
W/dalvikvm( 5464): VFY: unable to resolve virtual method 13991: Landroid/view/View;.getScrollIndicators ()I
D/dalvikvm( 5464): VFY: replacing opcode 0x6e at 0x0006
I/dalvikvm( 5464): Could not find method android.view.View.getTransitionName, referenced from method android.support.v4.view.ViewCompat.getTransitionName
W/dalvikvm( 5464): VFY: unable to resolve virtual method 13997: Landroid/view/View;.getTransitionName ()Ljava/lang/String;
D/dalvikvm( 5464): VFY: replacing opcode 0x6e at 0x0006
I/dalvikvm( 5464): Could not find method android.view.View.getTranslationZ, referenced from method android.support.v4.view.ViewCompat.getTranslationZ
W/dalvikvm( 5464): VFY: unable to resolve virtual method 14000: Landroid/view/View;.getTranslationZ ()F
D/dalvikvm( 5464): VFY: replacing opcode 0x6e at 0x0006
I/dalvikvm( 5464): Could not find method android.view.View.getZ, referenced from method android.support.v4.view.ViewCompat.getZ
W/dalvikvm( 5464): VFY: unable to resolve virtual method 14010: Landroid/view/View;.getZ ()F
D/dalvikvm( 5464): VFY: replacing opcode 0x6e at 0x0006
I/dalvikvm( 5464): Could not find method android.view.View.hasExplicitFocusable, referenced from method android.support.v4.view.ViewCompat.hasExplicitFocusable
W/dalvikvm( 5464): VFY: unable to resolve virtual method 14011: Landroid/view/View;.hasExplicitFocusable ()Z
D/dalvikvm( 5464): VFY: replacing opcode 0x6e at 0x0006
I/dalvikvm( 5464): Could not find method android.view.View.hasNestedScrollingParent, referenced from method android.support.v4.view.ViewCompat.hasNestedScrollingParent
W/dalvikvm( 5464): VFY: unable to resolve virtual method 14014: Landroid/view/View;.hasNestedScrollingParent ()Z
D/dalvikvm( 5464): VFY: replacing opcode 0x6e at 0x0006
I/dalvikvm( 5464): Could not find method android.view.View.isFocusedByDefault, referenced from method android.support.v4.view.ViewCompat.isFocusedByDefault
W/dalvikvm( 5464): VFY: unable to resolve virtual method 14023: Landroid/view/View;.isFocusedByDefault ()Z
D/dalvikvm( 5464): VFY: replacing opcode 0x6e at 0x0006
I/dalvikvm( 5464): Could not find method android.view.View.isImportantForAutofill, referenced from method android.support.v4.view.ViewCompat.isImportantForAutofill
W/dalvikvm( 5464): VFY: unable to resolve virtual method 14025: Landroid/view/View;.isImportantForAutofill ()Z
D/dalvikvm( 5464): VFY: replacing opcode 0x6e at 0x0006
I/dalvikvm( 5464): Could not find method android.view.View.isKeyboardNavigationCluster, referenced from method android.support.v4.view.ViewCompat.isKeyboardNavigationCluster
W/dalvikvm( 5464): VFY: unable to resolve virtual method 14028: Landroid/view/View;.isKeyboardNavigationCluster ()Z
D/dalvikvm( 5464): VFY: replacing opcode 0x6e at 0x0006
I/dalvikvm( 5464): Could not find method android.view.View.isNestedScrollingEnabled, referenced from method android.support.v4.view.ViewCompat.isNestedScrollingEnabled
W/dalvikvm( 5464): VFY: unable to resolve virtual method 14033: Landroid/view/View;.isNestedScrollingEnabled ()Z
D/dalvikvm( 5464): VFY: replacing opcode 0x6e at 0x0006
I/dalvikvm( 5464): Could not find method android.view.View.keyboardNavigationClusterSearch, referenced from method android.support.v4.view.ViewCompat.keyboardNavigationClusterSearch
W/dalvikvm( 5464): VFY: unable to resolve virtual method 14039: Landroid/view/View;.keyboardNavigationClusterSearch (Landroid/view/View;I)Landroid/view/View;
D/dalvikvm( 5464): VFY: replacing opcode 0x6e at 0x0006
E/dalvikvm( 5464): Could not find class 'android.view.WindowInsets', referenced from method android.support.v4.view.ViewCompat.onApplyWindowInsets
W/dalvikvm( 5464): VFY: unable to resolve check-cast 1774 (Landroid/view/WindowInsets;) in Landroid/support/v4/view/ViewCompat;
D/dalvikvm( 5464): VFY: replacing opcode 0x1f at 0x000a
E/dalvikvm( 5464): Could not find class 'android.view.View$OnUnhandledKeyEventListener', referenced from method android.support.v4.view.ViewCompat.removeOnUnhandledKeyEventListener
W/dalvikvm( 5464): VFY: unable to resolve check-cast 1756 (Landroid/view/View$OnUnhandledKeyEventListener;) in Landroid/support/v4/view/ViewCompat;
D/dalvikvm( 5464): VFY: replacing opcode 0x1f at 0x0015
I/dalvikvm( 5464): Could not find method android.view.View.requestApplyInsets, referenced from method android.support.v4.view.ViewCompat.requestApplyInsets
W/dalvikvm( 5464): VFY: unable to resolve virtual method 14065: Landroid/view/View;.requestApplyInsets ()V
D/dalvikvm( 5464): VFY: replacing opcode 0x6e at 0x0006
I/dalvikvm( 5464): Could not find method android.view.View.requireViewById, referenced from method android.support.v4.view.ViewCompat.requireViewById
W/dalvikvm( 5464): VFY: unable to resolve virtual method 14071: Landroid/view/View;.requireViewById (I)Landroid/view/View;
D/dalvikvm( 5464): VFY: replacing opcode 0x6e at 0x0006
I/dalvikvm( 5464): Could not find method android.view.View.restoreDefaultFocus, referenced from method android.support.v4.view.ViewCompat.restoreDefaultFocus
W/dalvikvm( 5464): VFY: unable to resolve virtual method 14073: Landroid/view/View;.restoreDefaultFocus ()Z
D/dalvikvm( 5464): VFY: replacing opcode 0x6e at 0x0006
I/dalvikvm( 5464): Could not find method android.view.View.setAutofillHints, referenced from method android.support.v4.view.ViewCompat.setAutofillHints
W/dalvikvm( 5464): VFY: unable to resolve virtual method 14081: Landroid/view/View;.setAutofillHints ([Ljava/lang/String;)V
D/dalvikvm( 5464): VFY: replacing opcode 0x6e at 0x0006
I/dalvikvm( 5464): Could not find method android.view.View.setBackgroundTintList, referenced from method android.support.v4.view.ViewCompat.setBackgroundTintList
W/dalvikvm( 5464): VFY: unable to resolve virtual method 14085: Landroid/view/View;.setBackgroundTintList (Landroid/content/res/ColorStateList;)V
D/dalvikvm( 5464): VFY: replacing opcode 0x6e at 0x0006
I/dalvikvm( 5464): Could not find method android.view.View.setBackgroundTintMode, referenced from method android.support.v4.view.ViewCompat.setBackgroundTintMode
